#-----------------------------------------------------------
# Vivado v2025.2 (64-bit)
# SW Build 6299465 on Fri Nov 14 12:34:56 MST 2025
# IP Build 6300035 on Fri Nov 14 10:48:45 MST 2025
# SharedData Build 6298862 on Thu Nov 13 04:50:51 MST 2025
# Start of session at: Mon Jan 12 22:23:54 2026
# Process ID         : 18751
# Current directory  : /home/dan-alencar/Documents/GitHub/IC-Aging-Environment/App_Nexys
# Command line       : vivado
# Log file           : /home/dan-alencar/Documents/GitHub/IC-Aging-Environment/App_Nexys/vivado.log
# Journal file       : /home/dan-alencar/Documents/GitHub/IC-Aging-Environment/App_Nexys/vivado.jou
# Running On         : dan-alencar
# Platform           : Linuxmint
# Operating System   : Linux Mint 22.2
# Processor Detail   : Intel(R) Core(TM) 5 210H
# CPU Frequency      : 1801.650 MHz
# CPU Physical cores : 8
# CPU Logical cores  : 12
# Host memory        : 24783 MB
# Swap memory        : 2147 MB
# Total Virtual      : 26931 MB
# Available Virtual  : 22710 MB
#-----------------------------------------------------------
start_gui
create_project fft_fpga /home/dan-alencar/Documents/GitHub/FPGA_PDS/fft_fpga -part xcau15p-ffvb676-2-e
set_property board_part avnet-tria:auboard_15p:part0:1.1 [current_project]
import_files -fileset constrs_1 -force -norecurse {{/home/dan-alencar/Documents/GitHub/Aging/AUBoard 15P/AUB-15P-DK-1-01-01-Master.xdc}}
open_hw_manager
connect_hw_server -allow_non_jtag
disconnect_hw_server localhost:3121
connect_hw_server -allow_non_jtag
refresh_hw_server {localhost:3121}
disconnect_hw_server localhost:3121
connect_hw_server -allow_non_jtag
open_hw_target {localhost:3121/xilinx_tcf/Xilinx/1234-oj1A}
current_hw_device [get_hw_devices xcau15p_0]
refresh_hw_device -update_hw_probes false [lindex [get_hw_devices xcau15p_0] 0]
