Copyright 1986-2022 Xilinx, Inc. All Rights Reserved. Copyright 2022-2026 Advanced Micro Devices, Inc. All Rights Reserved.
---------------------------------------------------------------------------------------------------------------------------------------------
| Tool Version : Vivado v.2025.2.1 (lin64) Build 6403652 Thu Mar 19 13:47:00 MDT 2026
| Date         : Wed May 13 12:48:59 2026
| Host         : gsem running 64-bit Linux Mint 22.3
| Command      : report_ip_status
---------------------------------------------------------------------------------------------------------------------------------------------

IP Status Summary

1. Project IP Status
--------------------
Your project uses 13 IP. Some of these IP may have undergone changes in this release of the software. Please review the recommended actions.

More information on the Xilinx versioning policy is available at www.xilinx.com.

Project IP Instances
+------------------------------------+---------------------------+---------------------+-----------+--------------------+---------+---------------+------------+----------------------+
| Instance Name                      | Status                    | Recommendation      | Change    | IP Name            | IP      | New Version   | New        | Original Part        |
|                                    |                           |                     | Log       |                    | Version |               | License    |                      |
+------------------------------------+---------------------------+---------------------+-----------+--------------------+---------+---------------+------------+----------------------+
| design_1_BinToBCD_0_0              | Up-to-date                | No changes required | Change    | BinToBCD_v1_0      | 1.0     | 1.0 (Rev. 1)  | Included   | xc7a100tcsg324-1     |
|                                    |                           |                     | Log not   |                    | (Rev.   |               |            |                      |
|                                    |                           |                     | available |                    | 1)      |               |            |                      |
+------------------------------------+---------------------------+---------------------+-----------+--------------------+---------+---------------+------------+----------------------+
| design_1_DisplayController_0_0     | Up-to-date                | No changes required | Change    | DisplayController_ | 1.0     | 1.0 (Rev. 1)  | Included   | xc7a100tcsg324-1     |
|                                    |                           |                     | Log not   |                    | (Rev.   |               |            |                      |
|                                    |                           |                     | available |                    | 1)      |               |            |                      |
+------------------------------------+---------------------------+---------------------+-----------+--------------------+---------+---------------+------------+----------------------+
| design_1_clk_wiz_0_0               | Up-to-date                | No changes required |  *(1)     | Clocking Wizard    | 6.0     | 6.0 (Rev. 18) | Included   | xc7a100tcsg324-1     |
|                                    |                           |                     |           |                    | (Rev.   |               |            |                      |
|                                    |                           |                     |           |                    | 18)     |               |            |                      |
+------------------------------------+---------------------------+---------------------+-----------+--------------------+---------+---------------+------------+----------------------+
| design_1_controller_controller_0_0 | Up-to-date                | No changes required | Change    | controller_control | 1.0     | 1.0 (Rev. 1)  | Included   | xc7a100tcsg324-1     |
|                                    |                           |                     | Log not   |                    | (Rev.   |               |            |                      |
|                                    |                           |                     | available |                    | 1)      |               |            |                      |
+------------------------------------+---------------------------+---------------------+-----------+--------------------+---------+---------------+------------+----------------------+
| design_1_failure_holder_0_0        | Up-to-date                | No changes required | Change    | failure_holder_v1_ | 1.0     | 1.0 (Rev. 1)  | Included   | xc7a100tcsg324-1     |
|                                    |                           |                     | Log not   |                    | (Rev.   |               |            |                      |
|                                    |                           |                     | available |                    | 1)      |               |            |                      |
+------------------------------------+---------------------------+---------------------+-----------+--------------------+---------+---------------+------------+----------------------+
| design_1_modern_sensible_0_0       | Up-to-date                | No changes required | Change    | modern_sensible_v1 | 1.0     | 1.0 (Rev. 1)  | Included   | xc7a100tcsg324-1     |
|                                    |                           |                     | Log not   |                    | (Rev.   |               |            |                      |
|                                    |                           |                     | available |                    | 1)      |               |            |                      |
+------------------------------------+---------------------------+---------------------+-----------+--------------------+---------+---------------+------------+----------------------+
| design_1_not_series_0_0            | Up-to-date                | No changes required | Change    | not_series_v1_0    | 1.0     | 1.0 (Rev. 1)  | Included   | xc7a100tcsg324-1     |
|                                    |                           |                     | Log not   |                    | (Rev.   |               |            |                      |
|                                    |                           |                     | available |                    | 1)      |               |            |                      |
+------------------------------------+---------------------------+---------------------+-----------+--------------------+---------+---------------+------------+----------------------+
| design_1_sensor_stream_0_0         | Up-to-date                | No changes required | Change    | sensor_stream_v1_0 | 1.0     | 1.0 (Rev. 1)  | Included   | xc7a100tcsg324-1     |
|                                    |                           |                     | Log not   |                    | (Rev.   |               |            |                      |
|                                    |                           |                     | available |                    | 1)      |               |            |                      |
+------------------------------------+---------------------------+---------------------+-----------+--------------------+---------+---------------+------------+----------------------+
| design_1_temp_catcher_0_0          | Up-to-date                | No changes required | Change    | temp_catcher_v1_0  | 1.0     | 1.0 (Rev. 1)  | Included   | xc7a100tcsg324-1     |
|                                    |                           |                     | Log not   |                    | (Rev.   |               |            |                      |
|                                    |                           |                     | available |                    | 1)      |               |            |                      |
+------------------------------------+---------------------------+---------------------+-----------+--------------------+---------+---------------+------------+----------------------+
| design_1_uart_tx_0_0               | Up-to-date                | No changes required | Change    | uart_tx_v1_0       | 1.0     | 1.0 (Rev. 1)  | Included   | xc7a100tcsg324-1     |
|                                    |                           |                     | Log not   |                    | (Rev.   |               |            |                      |
|                                    |                           |                     | available |                    | 1)      |               |            |                      |
+------------------------------------+---------------------------+---------------------+-----------+--------------------+---------+---------------+------------+----------------------+
| design_1_util_vector_logic_0_0     | Up-to-date (discontinued) | No changes required |  *(2)     | Utility Vector     | 2.0     | 2.0 (Rev. 5)  | Included   | xc7a100tcsg324-1     |
|                                    |                           |                     |           | Logic              | (Rev.   |               |            |                      |
|                                    |                           |                     |           |                    | 5)      |               |            |                      |
+------------------------------------+---------------------------+---------------------+-----------+--------------------+---------+---------------+------------+----------------------+
| design_1_util_vector_logic_0_1     | Up-to-date (discontinued) | No changes required |  *(3)     | Utility Vector     | 2.0     | 2.0 (Rev. 5)  | Included   | xc7a100tcsg324-1     |
|                                    |                           |                     |           | Logic              | (Rev.   |               |            |                      |
|                                    |                           |                     |           |                    | 5)      |               |            |                      |
+------------------------------------+---------------------------+---------------------+-----------+--------------------+---------+---------------+------------+----------------------+
| design_1_xadc_wiz_0_0              | Up-to-date                | No changes required |  *(4)     | XADC Wizard        | 3.3     | 3.3 (Rev. 14) | Included   | xc7a100tcsg324-1     |
|                                    |                           |                     |           |                    | (Rev.   |               |            |                      |
|                                    |                           |                     |           |                    | 14)     |               |            |                      |
+------------------------------------+---------------------------+---------------------+-----------+--------------------+---------+---------------+------------+----------------------+
*(1) /home/dan-alencar/2025.2.1/data/ip/xilinx/clk_wiz_v6_0/doc/clk_wiz_v6_0_changelog.txt
*(2) /home/dan-alencar/2025.2.1/data/ip/xilinx/util_vector_logic_v2_0/doc/util_vector_logic_v2_0_changelog.txt
*(3) /home/dan-alencar/2025.2.1/data/ip/xilinx/util_vector_logic_v2_0/doc/util_vector_logic_v2_0_changelog.txt
*(4) /home/dan-alencar/2025.2.1/data/ip/xilinx/xadc_wiz_v3_3/doc/xadc_wiz_v3_3_changelog.txt


