#-----------------------------------------------------------
# Vivado v2025.2 (64-bit)
# SW Build 6299465 on Fri Nov 14 12:34:56 MST 2025
# IP Build 6300035 on Fri Nov 14 10:48:45 MST 2025
# SharedData Build 6298862 on Thu Nov 13 04:50:51 MST 2025
# Start of session at: Sat Dec 27 17:16:27 2025
# Process ID         : 3581921
# Current directory  : /home/dan-alencar/Documents/GitHub/IC-Aging-Environment/aging_study_ultrascale/aging_study_ultrascale.runs/synth_1
# Command line       : vivado -log aging_sensor_top.vds -product Vivado -mode batch -messageDb vivado.pb -notrace -source aging_sensor_top.tcl
# Log file           : /home/dan-alencar/Documents/GitHub/IC-Aging-Environment/aging_study_ultrascale/aging_study_ultrascale.runs/synth_1/aging_sensor_top.vds
# Journal file       : /home/dan-alencar/Documents/GitHub/IC-Aging-Environment/aging_study_ultrascale/aging_study_ultrascale.runs/synth_1/vivado.jou
# Running On         : dan-alencar
# Platform           : Linuxmint
# Operating System   : Linux Mint 22.2
# Processor Detail   : Intel(R) Core(TM) 5 210H
# CPU Frequency      : 3799.961 MHz
# CPU Physical cores : 8
# CPU Logical cores  : 12
# Host memory        : 24783 MB
# Swap memory        : 2147 MB
# Total Virtual      : 26931 MB
# Available Virtual  : 16968 MB
#-----------------------------------------------------------
source aging_sensor_top.tcl -notrace
