#-----------------------------------------------------------
# Vivado v2025.2.1 (64-bit)
# SW Build 6403652 on Thu Mar 19 13:47:00 MDT 2026
# IP Build 6403511 on Thu Mar 19 12:41:45 MDT 2026
# SharedData Build 6403650 on Thu Mar 19 14:02:13 MDT 2026
# Start of session at: Wed May 13 12:48:44 2026
# Process ID         : 475038
# Current directory  : /home/dan-alencar/Documents/GitHub/IC-Aging-Environment/vivado/aging_study_nexys4ddr
# Command line       : vivado -mode batch -source /home/dan-alencar/Documents/GitHub/IC-Aging-Environment/vivado/aging_study_nexys4ddr/scripts/create_project.tcl -notrace
# Log file           : /home/dan-alencar/Documents/GitHub/IC-Aging-Environment/vivado/aging_study_nexys4ddr/vivado.log
# Journal file       : /home/dan-alencar/Documents/GitHub/IC-Aging-Environment/vivado/aging_study_nexys4ddr/vivado.jou
# Running On         : gsem
# Platform           : Linuxmint
# Operating System   : Linux Mint 22.3
# Processor Detail   : AMD Ryzen 7 3700X 8-Core Processor
# CPU Frequency      : 1760.000 MHz
# CPU Physical cores : 8
# CPU Logical cores  : 16
# Host memory        : 84250 MB
# Swap memory        : 2147 MB
# Total Virtual      : 86397 MB
# Available Virtual  : 63835 MB
#-----------------------------------------------------------
source /home/dan-alencar/Documents/GitHub/IC-Aging-Environment/vivado/aging_study_nexys4ddr/scripts/create_project.tcl -notrace
============================================================
Creating Vivado project: aging_study_nexys4ddr
Project root:           /home/dan-alencar/Documents/GitHub/IC-Aging-Environment/vivado/aging_study_nexys4ddr
Build directory:        /home/dan-alencar/Documents/GitHub/IC-Aging-Environment/vivado/aging_study_nexys4ddr/build
Target part:            xc7a100tcsg324-1
Top module:             design_1_wrapper
============================================================
Copying Block Design sources into build workspace...
Adding RTL sources...
Adding constraints...
Adding Block Design...
INFO: [IP_Flow 19-234] Refreshing IP repositories
INFO: [IP_Flow 19-1704] No user IP repositories specified
INFO: [IP_Flow 19-2313] Loaded Vivado IP repository '/home/dan-alencar/2025.2.1/data/ip'.
WARNING: [IP_Flow 19-12246] XCI file '/home/dan-alencar/Documents/GitHub/IC-Aging-Environment/vivado/aging_study_nexys4ddr/build/imported_src/bd/design_1/ip/design_1_xadc_wiz_0_0/design_1_xadc_wiz_0_0.xci' contents have changed since it was last written.
INFO: [Device 21-403] Loading part xc7a100tcsg324-1
WARNING: [IP_Flow 19-12246] XCI file '/home/dan-alencar/Documents/GitHub/IC-Aging-Environment/vivado/aging_study_nexys4ddr/build/imported_src/bd/design_1/ip/design_1_BinToBCD_0_0/design_1_BinToBCD_0_0.xci' contents have changed since it was last written.
WARNING: [IP_Flow 19-12246] XCI file '/home/dan-alencar/Documents/GitHub/IC-Aging-Environment/vivado/aging_study_nexys4ddr/build/imported_src/bd/design_1/ip/design_1_DisplayController_0_0/design_1_DisplayController_0_0.xci' contents have changed since it was last written.
WARNING: [IP_Flow 19-12246] XCI file '/home/dan-alencar/Documents/GitHub/IC-Aging-Environment/vivado/aging_study_nexys4ddr/build/imported_src/bd/design_1/ip/design_1_util_vector_logic_0_0/design_1_util_vector_logic_0_0.xci' contents have changed since it was last written.
WARNING: [IP_Flow 19-12246] XCI file '/home/dan-alencar/Documents/GitHub/IC-Aging-Environment/vivado/aging_study_nexys4ddr/build/imported_src/bd/design_1/ip/design_1_temp_catcher_0_0/design_1_temp_catcher_0_0.xci' contents have changed since it was last written.
WARNING: [IP_Flow 19-12246] XCI file '/home/dan-alencar/Documents/GitHub/IC-Aging-Environment/vivado/aging_study_nexys4ddr/build/imported_src/bd/design_1/ip/design_1_modern_sensible_0_0/design_1_modern_sensible_0_0.xci' contents have changed since it was last written.
WARNING: [IP_Flow 19-12246] XCI file '/home/dan-alencar/Documents/GitHub/IC-Aging-Environment/vivado/aging_study_nexys4ddr/build/imported_src/bd/design_1/ip/design_1_clk_wiz_0_0/design_1_clk_wiz_0_0.xci' contents have changed since it was last written.
WARNING: [IP_Flow 19-12246] XCI file '/home/dan-alencar/Documents/GitHub/IC-Aging-Environment/vivado/aging_study_nexys4ddr/build/imported_src/bd/design_1/ip/design_1_not_series_0_0/design_1_not_series_0_0.xci' contents have changed since it was last written.
WARNING: [IP_Flow 19-12246] XCI file '/home/dan-alencar/Documents/GitHub/IC-Aging-Environment/vivado/aging_study_nexys4ddr/build/imported_src/bd/design_1/ip/design_1_sensor_stream_0_0/design_1_sensor_stream_0_0.xci' contents have changed since it was last written.
WARNING: [IP_Flow 19-12246] XCI file '/home/dan-alencar/Documents/GitHub/IC-Aging-Environment/vivado/aging_study_nexys4ddr/build/imported_src/bd/design_1/ip/design_1_uart_tx_0_0/design_1_uart_tx_0_0.xci' contents have changed since it was last written.
WARNING: [IP_Flow 19-12246] XCI file '/home/dan-alencar/Documents/GitHub/IC-Aging-Environment/vivado/aging_study_nexys4ddr/build/imported_src/bd/design_1/ip/design_1_controller_controller_0_0/design_1_controller_controller_0_0.xci' contents have changed since it was last written.
WARNING: [IP_Flow 19-12246] XCI file '/home/dan-alencar/Documents/GitHub/IC-Aging-Environment/vivado/aging_study_nexys4ddr/build/imported_src/bd/design_1/ip/design_1_util_vector_logic_0_1/design_1_util_vector_logic_0_1.xci' contents have changed since it was last written.
WARNING: [IP_Flow 19-12246] XCI file '/home/dan-alencar/Documents/GitHub/IC-Aging-Environment/vivado/aging_study_nexys4ddr/build/imported_src/bd/design_1/ip/design_1_failure_holder_0_0/design_1_failure_holder_0_0.xci' contents have changed since it was last written.
INFO: [Project 1-5698] Found the below utility IPs instantiated in block design /home/dan-alencar/Documents/GitHub/IC-Aging-Environment/vivado/aging_study_nexys4ddr/build/imported_src/bd/design_1/design_1.bd which have equivalent inline hdl with improved performance and reduced diskspace.
It is recommended to migrate these utility IPs to inline hdl  using the command upgrade_project -migrate_to_inline_hdl.  The utility IPs may be deprecated in future releases.
More information on inline hdl is available in UG994.
Utility IP Component Instances:
 design_1_util_vector_logic_0_0
design_1_util_vector_logic_0_1
Reading block design file </home/dan-alencar/Documents/GitHub/IC-Aging-Environment/vivado/aging_study_nexys4ddr/build/imported_src/bd/design_1/design_1.bd>...
Adding component instance block -- xilinx.com:ip:xadc_wiz:3.3 - xadc_wiz_0
Adding component instance block -- xilinx.com:module_ref:BinToBCD:1.0 - BinToBCD_0
INFO: [IP_Flow 19-1976] HDL Parser: Replacing 'N' by 18 for port or parameter 'count'
INFO: [IP_Flow 19-5107] Inferred bus interface 'reset' of definition 'xilinx.com:signal:reset:1.0' (from Xilinx Repository).
INFO: [IP_Flow 19-5107] Inferred bus interface 'clk' of definition 'xilinx.com:signal:clock:1.0' (from Xilinx Repository).
INFO: [IP_Flow 19-4728] Bus Interface 'clk': Added interface parameter 'ASSOCIATED_RESET' with value 'reset'.
WARNING: [IP_Flow 19-5661] Bus Interface 'clk' does not have any bus interfaces associated with it.
WARNING: [IP_Flow 19-11770] Clock interface 'clk' has no FREQ_HZ parameter.
INFO: [IP_Flow 19-5107] Inferred bus interface 'reset' of definition 'xilinx.com:signal:reset:1.0' (from Xilinx Repository).
INFO: [IP_Flow 19-5107] Inferred bus interface 'clk' of definition 'xilinx.com:signal:clock:1.0' (from Xilinx Repository).
INFO: [IP_Flow 19-4728] Bus Interface 'clk': Added interface parameter 'ASSOCIATED_RESET' with value 'reset'.
WARNING: [IP_Flow 19-5661] Bus Interface 'clk' does not have any bus interfaces associated with it.
WARNING: [IP_Flow 19-11770] Clock interface 'clk' has no FREQ_HZ parameter.
INFO: [IP_Flow 19-5107] Inferred bus interface 'reset' of definition 'xilinx.com:signal:reset:1.0' (from Xilinx Repository).
INFO: [IP_Flow 19-5107] Inferred bus interface 'clk' of definition 'xilinx.com:signal:clock:1.0' (from Xilinx Repository).
WARNING: [IP_Flow 19-5661] Bus Interface 'clk' does not have any bus interfaces associated with it.
WARNING: [IP_Flow 19-11770] Clock interface 'clk' has no FREQ_HZ parameter.
INFO: [IP_Flow 19-5107] Inferred bus interface 'reset' of definition 'xilinx.com:signal:reset:1.0' (from Xilinx Repository).
INFO: [IP_Flow 19-5107] Inferred bus interface 'clk' of definition 'xilinx.com:signal:clock:1.0' (from Xilinx Repository).
INFO: [IP_Flow 19-4728] Bus Interface 'clk': Added interface parameter 'ASSOCIATED_RESET' with value 'reset'.
INFO: [IP_Flow 19-818] Not transferring value dependency attribute "((spirit:decode(id('MODELPARAM_VALUE.CLK_FREQ')) / spirit:decode(id('MODELPARAM_VALUE.BAUDRATE'))) * 10)" into user parameter "COUNT".
WARNING: [IP_Flow 19-5661] Bus Interface 'clk' does not have any bus interfaces associated with it.
WARNING: [IP_Flow 19-11770] Clock interface 'clk' has no FREQ_HZ parameter.
INFO: [IP_Flow 19-5107] Inferred bus interface 'reset' of definition 'xilinx.com:signal:reset:1.0' (from Xilinx Repository).
INFO: [IP_Flow 19-5107] Inferred bus interface 'clk' of definition 'xilinx.com:signal:clock:1.0' (from Xilinx Repository).
INFO: [IP_Flow 19-4728] Bus Interface 'clk': Added interface parameter 'ASSOCIATED_RESET' with value 'reset'.
INFO: [IP_Flow 19-818] Not transferring value dependency attribute "(spirit:decode(id('MODELPARAM_VALUE.CLK_FREQ')) / spirit:decode(id('MODELPARAM_VALUE.BAUDRATE')))" into user parameter "COUNT".
WARNING: [IP_Flow 19-5661] Bus Interface 'clk' does not have any bus interfaces associated with it.
WARNING: [IP_Flow 19-11770] Clock interface 'clk' has no FREQ_HZ parameter.
INFO: [IP_Flow 19-5107] Inferred bus interface 'reset' of definition 'xilinx.com:signal:reset:1.0' (from Xilinx Repository).
INFO: [IP_Flow 19-5107] Inferred bus interface 'clk' of definition 'xilinx.com:signal:clock:1.0' (from Xilinx Repository).
INFO: [IP_Flow 19-4728] Bus Interface 'clk': Added interface parameter 'ASSOCIATED_RESET' with value 'reset'.
WARNING: [IP_Flow 19-5661] Bus Interface 'clk' does not have any bus interfaces associated with it.
WARNING: [IP_Flow 19-11770] Clock interface 'clk' has no FREQ_HZ parameter.
INFO: [IP_Flow 19-5107] Inferred bus interface 'reset' of definition 'xilinx.com:signal:reset:1.0' (from Xilinx Repository).
INFO: [IP_Flow 19-5107] Inferred bus interface 'clk' of definition 'xilinx.com:signal:clock:1.0' (from Xilinx Repository).
WARNING: [IP_Flow 19-5661] Bus Interface 'clk' does not have any bus interfaces associated with it.
WARNING: [IP_Flow 19-11770] Clock interface 'clk' has no FREQ_HZ parameter.
INFO: [IP_Flow 19-5107] Inferred bus interface 'clk' of definition 'xilinx.com:signal:clock:1.0' (from Xilinx Repository).
WARNING: [IP_Flow 19-5661] Bus Interface 'clk' does not have any bus interfaces associated with it.
WARNING: [IP_Flow 19-11770] Clock interface 'clk' has no FREQ_HZ parameter.
INFO: [IP_Flow 19-3420] Updated design_1_BinToBCD_0_0 to use current project options
Adding component instance block -- xilinx.com:module_ref:DisplayController:1.0 - DisplayController_0
INFO: [IP_Flow 19-1976] HDL Parser: Replacing 'N' by 18 for port or parameter 'count'
INFO: [IP_Flow 19-5107] Inferred bus interface 'reset' of definition 'xilinx.com:signal:reset:1.0' (from Xilinx Repository).
INFO: [IP_Flow 19-5107] Inferred bus interface 'clk' of definition 'xilinx.com:signal:clock:1.0' (from Xilinx Repository).
INFO: [IP_Flow 19-4728] Bus Interface 'clk': Added interface parameter 'ASSOCIATED_RESET' with value 'reset'.
WARNING: [IP_Flow 19-5661] Bus Interface 'clk' does not have any bus interfaces associated with it.
WARNING: [IP_Flow 19-11770] Clock interface 'clk' has no FREQ_HZ parameter.
INFO: [IP_Flow 19-3420] Updated design_1_DisplayController_0_0 to use current project options
Adding component instance block -- xilinx.com:ip:util_vector_logic:2.0 - util_vector_logic_0
Adding component instance block -- xilinx.com:module_ref:temp_catcher:1.0 - temp_catcher_0
INFO: [IP_Flow 19-5107] Inferred bus interface 'reset' of definition 'xilinx.com:signal:reset:1.0' (from Xilinx Repository).
INFO: [IP_Flow 19-5107] Inferred bus interface 'clk' of definition 'xilinx.com:signal:clock:1.0' (from Xilinx Repository).
INFO: [IP_Flow 19-4728] Bus Interface 'clk': Added interface parameter 'ASSOCIATED_RESET' with value 'reset'.
WARNING: [IP_Flow 19-5661] Bus Interface 'clk' does not have any bus interfaces associated with it.
WARNING: [IP_Flow 19-11770] Clock interface 'clk' has no FREQ_HZ parameter.
INFO: [IP_Flow 19-3420] Updated design_1_temp_catcher_0_0 to use current project options
Adding component instance block -- xilinx.com:module_ref:modern_sensible:1.0 - modern_sensible_0
INFO: [IP_Flow 19-5107] Inferred bus interface 'reset' of definition 'xilinx.com:signal:reset:1.0' (from Xilinx Repository).
INFO: [IP_Flow 19-3420] Updated design_1_modern_sensible_0_0 to use current project options
Adding component instance block -- xilinx.com:ip:clk_wiz:6.0 - clk_wiz_0
Adding component instance block -- xilinx.com:module_ref:not_series:1.0 - not_series_0
INFO: [IP_Flow 19-5107] Inferred bus interface 'clk' of definition 'xilinx.com:signal:clock:1.0' (from Xilinx Repository).
WARNING: [IP_Flow 19-5661] Bus Interface 'clk' does not have any bus interfaces associated with it.
WARNING: [IP_Flow 19-11770] Clock interface 'clk' has no FREQ_HZ parameter.
INFO: [IP_Flow 19-3420] Updated design_1_not_series_0_0 to use current project options
Adding component instance block -- xilinx.com:module_ref:sensor_stream:1.0 - sensor_stream_0
INFO: [IP_Flow 19-5107] Inferred bus interface 'reset' of definition 'xilinx.com:signal:reset:1.0' (from Xilinx Repository).
INFO: [IP_Flow 19-5107] Inferred bus interface 'clk' of definition 'xilinx.com:signal:clock:1.0' (from Xilinx Repository).
INFO: [IP_Flow 19-4728] Bus Interface 'clk': Added interface parameter 'ASSOCIATED_RESET' with value 'reset'.
INFO: [IP_Flow 19-818] Not transferring value dependency attribute "((spirit:decode(id('MODELPARAM_VALUE.CLK_FREQ')) / spirit:decode(id('MODELPARAM_VALUE.BAUDRATE'))) * 10)" into user parameter "COUNT".
WARNING: [IP_Flow 19-5661] Bus Interface 'clk' does not have any bus interfaces associated with it.
WARNING: [IP_Flow 19-11770] Clock interface 'clk' has no FREQ_HZ parameter.
INFO: [IP_Flow 19-3420] Updated design_1_sensor_stream_0_0 to use current project options
Adding component instance block -- xilinx.com:module_ref:uart_tx:1.0 - uart_tx_0
INFO: [IP_Flow 19-5107] Inferred bus interface 'reset' of definition 'xilinx.com:signal:reset:1.0' (from Xilinx Repository).
INFO: [IP_Flow 19-5107] Inferred bus interface 'clk' of definition 'xilinx.com:signal:clock:1.0' (from Xilinx Repository).
INFO: [IP_Flow 19-4728] Bus Interface 'clk': Added interface parameter 'ASSOCIATED_RESET' with value 'reset'.
INFO: [IP_Flow 19-818] Not transferring value dependency attribute "(spirit:decode(id('MODELPARAM_VALUE.CLK_FREQ')) / spirit:decode(id('MODELPARAM_VALUE.BAUDRATE')))" into user parameter "COUNT".
WARNING: [IP_Flow 19-5661] Bus Interface 'clk' does not have any bus interfaces associated with it.
WARNING: [IP_Flow 19-11770] Clock interface 'clk' has no FREQ_HZ parameter.
INFO: [IP_Flow 19-3420] Updated design_1_uart_tx_0_0 to use current project options
Adding component instance block -- xilinx.com:module_ref:controller_controller:1.0 - controller_controller_0
INFO: [IP_Flow 19-5107] Inferred bus interface 'reset' of definition 'xilinx.com:signal:reset:1.0' (from Xilinx Repository).
INFO: [IP_Flow 19-5107] Inferred bus interface 'clk' of definition 'xilinx.com:signal:clock:1.0' (from Xilinx Repository).
INFO: [IP_Flow 19-4728] Bus Interface 'clk': Added interface parameter 'ASSOCIATED_RESET' with value 'reset'.
WARNING: [IP_Flow 19-5661] Bus Interface 'clk' does not have any bus interfaces associated with it.
WARNING: [IP_Flow 19-11770] Clock interface 'clk' has no FREQ_HZ parameter.
INFO: [IP_Flow 19-3420] Updated design_1_controller_controller_0_0 to use current project options
Adding component instance block -- xilinx.com:ip:util_vector_logic:2.0 - util_vector_logic_1
Adding component instance block -- xilinx.com:module_ref:failure_holder:1.0 - failure_holder_0
INFO: [IP_Flow 19-5107] Inferred bus interface 'reset' of definition 'xilinx.com:signal:reset:1.0' (from Xilinx Repository).
INFO: [IP_Flow 19-3420] Updated design_1_failure_holder_0_0 to use current project options
Successfully read diagram <design_1> from block design file </home/dan-alencar/Documents/GitHub/IC-Aging-Environment/vivado/aging_study_nexys4ddr/build/imported_src/bd/design_1/design_1.bd>
Regenerating Block Design targets...
clk_domain: design_1_CLK100MHZ, clk_domain_1: /clk_wiz_0_clk_out1, clkDomainValSrc_1: PROPAGATED, clk_domain_ctrl: 0
INFO: [xilinx.com:ip:clk_wiz:6.0-1] /clk_wiz_0 clk_wiz propagate
Wrote  : </home/dan-alencar/Documents/GitHub/IC-Aging-Environment/vivado/aging_study_nexys4ddr/build/imported_src/bd/design_1/design_1.bd> 
INFO: [BD 41-1662] The design 'design_1.bd' is already validated. Therefore parameter propagation will not be re-run.
CRITICAL WARNING: [BD 41-2383] Width mismatch when connecting input pin '/BinToBCD_0/bin'(21) to pin '/controller_controller_0/display_value'(16) - Only lower order bits will be connected, and other input bits of this pin will be left unconnected.
CRITICAL WARNING: [BD 41-2383] Width mismatch when connecting input pin '/sensor_stream_0/temp'(24) to pin '/temp_catcher_0/temp'(21) - Only lower order bits will be connected, and other input bits of this pin will be left unconnected.
CRITICAL WARNING: [BD 41-2383] Width mismatch when connecting input pin '/sensor_stream_0/vccint'(24) to pin '/temp_catcher_0/vccint'(21) - Only lower order bits will be connected, and other input bits of this pin will be left unconnected.
Verilog Output written to : /home/dan-alencar/Documents/GitHub/IC-Aging-Environment/vivado/aging_study_nexys4ddr/build/aging-study.gen/sources_1/bd/design_1/synth/design_1.v
CRITICAL WARNING: [BD 41-2383] Width mismatch when connecting input pin '/BinToBCD_0/bin'(21) to pin '/controller_controller_0/display_value'(16) - Only lower order bits will be connected, and other input bits of this pin will be left unconnected.
CRITICAL WARNING: [BD 41-2383] Width mismatch when connecting input pin '/sensor_stream_0/temp'(24) to pin '/temp_catcher_0/temp'(21) - Only lower order bits will be connected, and other input bits of this pin will be left unconnected.
CRITICAL WARNING: [BD 41-2383] Width mismatch when connecting input pin '/sensor_stream_0/vccint'(24) to pin '/temp_catcher_0/vccint'(21) - Only lower order bits will be connected, and other input bits of this pin will be left unconnected.
Verilog Output written to : /home/dan-alencar/Documents/GitHub/IC-Aging-Environment/vivado/aging_study_nexys4ddr/build/aging-study.gen/sources_1/bd/design_1/sim/design_1.v
Verilog Output written to : /home/dan-alencar/Documents/GitHub/IC-Aging-Environment/vivado/aging_study_nexys4ddr/build/aging-study.gen/sources_1/bd/design_1/hdl/design_1_wrapper.v
INFO: [BD 41-1029] Generation completed for the IP Integrator block xadc_wiz_0 .
INFO: [BD 41-1029] Generation completed for the IP Integrator block BinToBCD_0 .
INFO: [BD 41-1029] Generation completed for the IP Integrator block DisplayController_0 .
INFO: [BD 41-1029] Generation completed for the IP Integrator block util_vector_logic_0 .
INFO: [BD 41-1029] Generation completed for the IP Integrator block temp_catcher_0 .
INFO: [BD 41-1029] Generation completed for the IP Integrator block modern_sensible_0 .
INFO: [BD 41-1029] Generation completed for the IP Integrator block clk_wiz_0 .
INFO: [BD 41-1029] Generation completed for the IP Integrator block not_series_0 .
INFO: [BD 41-1029] Generation completed for the IP Integrator block sensor_stream_0 .
INFO: [BD 41-1029] Generation completed for the IP Integrator block uart_tx_0 .
INFO: [BD 41-1029] Generation completed for the IP Integrator block controller_controller_0 .
INFO: [BD 41-1029] Generation completed for the IP Integrator block util_vector_logic_1 .
INFO: [BD 41-1029] Generation completed for the IP Integrator block failure_holder_0 .
Exporting to file /home/dan-alencar/Documents/GitHub/IC-Aging-Environment/vivado/aging_study_nexys4ddr/build/aging-study.gen/sources_1/bd/design_1/hw_handoff/design_1.hwh
Generated Hardware Definition File /home/dan-alencar/Documents/GitHub/IC-Aging-Environment/vivado/aging_study_nexys4ddr/build/aging-study.gen/sources_1/bd/design_1/synth/design_1.hwdef
INFO: [BD 41-3262] Generated VHDL Instantiation Template file /home/dan-alencar/Documents/GitHub/IC-Aging-Environment/vivado/aging_study_nexys4ddr/build/aging-study.gen/sources_1/bd/design_1/design_1.vho
INFO: [BD 41-3262] Generated Verilog Instantiation Template file /home/dan-alencar/Documents/GitHub/IC-Aging-Environment/vivado/aging_study_nexys4ddr/build/aging-study.gen/sources_1/bd/design_1/design_1.veo
INFO: [BD 41-3262] Generated System Verilog Instantiation Template file /home/dan-alencar/Documents/GitHub/IC-Aging-Environment/vivado/aging_study_nexys4ddr/build/aging-study.gen/sources_1/bd/design_1/design_1_sv.sveo
Creating generated HDL wrapper...
Project created at: /home/dan-alencar/Documents/GitHub/IC-Aging-Environment/vivado/aging_study_nexys4ddr/build/aging_study_nexys4ddr/aging_study_nexys4ddr.xpr
INFO: [Common 17-206] Exiting Vivado at Wed May 13 12:48:59 2026...
