#-----------------------------------------------------------
# Vivado v2025.2.1 (64-bit)
# SW Build 6403652 on Thu Mar 19 13:47:00 MDT 2026
# IP Build 6403511 on Thu Mar 19 12:41:45 MDT 2026
# SharedData Build 6403650 on Thu Mar 19 14:02:13 MDT 2026
# Start of session at: Wed May 13 12:48:44 2026
# Process ID         : 475038
# Current directory  : /home/dan-alencar/Documents/GitHub/IC-Aging-Environment/vivado/aging_study_nexys4ddr
# Command line       : vivado -mode batch -source /home/dan-alencar/Documents/GitHub/IC-Aging-Environment/vivado/aging_study_nexys4ddr/scripts/create_project.tcl -notrace
# Log file           : /home/dan-alencar/Documents/GitHub/IC-Aging-Environment/vivado/aging_study_nexys4ddr/vivado.log
# Journal file       : /home/dan-alencar/Documents/GitHub/IC-Aging-Environment/vivado/aging_study_nexys4ddr/vivado.jou
# Running On         : gsem
# Platform           : Linuxmint
# Operating System   : Linux Mint 22.3
# Processor Detail   : AMD Ryzen 7 3700X 8-Core Processor
# CPU Frequency      : 1760.000 MHz
# CPU Physical cores : 8
# CPU Logical cores  : 16
# Host memory        : 84250 MB
# Swap memory        : 2147 MB
# Total Virtual      : 86397 MB
# Available Virtual  : 63835 MB
#-----------------------------------------------------------
source /home/dan-alencar/Documents/GitHub/IC-Aging-Environment/vivado/aging_study_nexys4ddr/scripts/create_project.tcl -notrace
