#-----------------------------------------------------------
# Vivado v2025.2.1 (64-bit)
# SW Build 6403652 on Thu Mar 19 13:47:00 MDT 2026
# IP Build 6403511 on Thu Mar 19 12:41:45 MDT 2026
# SharedData Build 6403650 on Thu Mar 19 14:02:13 MDT 2026
# Start of session at: Fri May 22 13:05:43 2026
# Process ID         : 243114
# Current directory  : /home/dan-alencar/Documents/GitHub/IC-Aging-Environment/vivado/aging_study_nexys4ddr
# Command line       : vivado -mode batch -source /home/dan-alencar/Documents/GitHub/IC-Aging-Environment/vivado/aging_study_nexys4ddr/scripts/create_project.tcl -notrace
# Log file           : /home/dan-alencar/Documents/GitHub/IC-Aging-Environment/vivado/aging_study_nexys4ddr/vivado.log
# Journal file       : /home/dan-alencar/Documents/GitHub/IC-Aging-Environment/vivado/aging_study_nexys4ddr/vivado.jou
# Running On         : pop-os
# Platform           : Pop
# Operating System   : Pop!_OS 24.04 LTS
# Processor Detail   : Intel(R) Core(TM) 5 210H
# CPU Frequency      : 472.403 MHz
# CPU Physical cores : 8
# CPU Logical cores  : 12
# Host memory        : 24780 MB
# Swap memory        : 21474 MB
# Total Virtual      : 46254 MB
# Available Virtual  : 26872 MB
#-----------------------------------------------------------
source /home/dan-alencar/Documents/GitHub/IC-Aging-Environment/vivado/aging_study_nexys4ddr/scripts/create_project.tcl -notrace
============================================================
Creating Vivado project: aging_study_nexys4ddr
Project root:           /home/dan-alencar/Documents/GitHub/IC-Aging-Environment/vivado/aging_study_nexys4ddr
Build directory:        /home/dan-alencar/Documents/GitHub/IC-Aging-Environment/vivado/aging_study_nexys4ddr/build
Target part:            xc7a100tcsg324-1
Top module:             nexys4_aging_top
============================================================
Adding RTL sources...
Adding IP cores...
Adding constraints...
Creating VIO debug core...
INFO: [IP_Flow 19-234] Refreshing IP repositories
INFO: [IP_Flow 19-1704] No user IP repositories specified
INFO: [IP_Flow 19-2313] Loaded Vivado IP repository '/home/dan-alencar/2025.2.1/data/ip'.
INFO: [IP_Flow 19-1686] Generating 'Instantiation Template' target for IP 'vio_0'...
INFO: [IP_Flow 19-1686] Generating 'Synthesis' target for IP 'vio_0'...
INFO: [IP_Flow 19-1686] Generating 'Simulation' target for IP 'vio_0'...
INFO: [IP_Flow 19-1686] Generating 'Change Log' target for IP 'vio_0'...
Generating IP targets...
Project created at: /home/dan-alencar/Documents/GitHub/IC-Aging-Environment/vivado/aging_study_nexys4ddr/build/aging_study_nexys4ddr/aging_study_nexys4ddr.xpr
INFO: [Common 17-206] Exiting Vivado at Fri May 22 13:05:48 2026...
