
*** Running vivado
    with args -log design_1_wrapper.vdi -applog -m64 -product Vivado -messageDb vivado.pb -mode batch -source design_1_wrapper.tcl -notrace


****** Vivado v2025.2.1 (64-bit)
  **** SW Build 6403652 on Thu Mar 19 13:47:00 MDT 2026
  **** IP Build 6403511 on Thu Mar 19 12:41:45 MDT 2026
  **** SharedData Build 6403650 on Thu Mar 19 14:02:13 MDT 2026
  **** Start of session at: Wed May 13 12:50:14 2026
    ** Copyright 1986-2022 Xilinx, Inc. All Rights Reserved.
    ** Copyright 2022-2026 Advanced Micro Devices, Inc. All Rights Reserved.

source design_1_wrapper.tcl -notrace
INFO: [IP_Flow 19-234] Refreshing IP repositories
INFO: [IP_Flow 19-1704] No user IP repositories specified
INFO: [IP_Flow 19-2313] Loaded Vivado IP repository '/home/dan-alencar/2025.2.1/data/ip'.
Command: link_design -top design_1_wrapper -part xc7a100tcsg324-1
Design is defaulting to srcset: sources_1
Design is defaulting to constrset: constrs_1
INFO: [Device 21-403] Loading part xc7a100tcsg324-1
Netlist sorting complete. Time (s): cpu = 00:00:00 ; elapsed = 00:00:00 . Memory (MB): peak = 1803.344 ; gain = 0.000 ; free physical = 6055 ; free virtual = 59292
INFO: [Netlist 29-17] Analyzing 32 Unisim elements for replacement
INFO: [Netlist 29-28] Unisim Transformation completed in 0 CPU seconds
INFO: [Project 1-479] Netlist was created with Vivado 2025.2.1
INFO: [Project 1-570] Preparing netlist for logic optimization
Parsing XDC File [/home/dan-alencar/Documents/GitHub/IC-Aging-Environment/vivado/aging_study_nexys4ddr/build/imported_src/bd/design_1/home/dan-alencar/Documents/GitHub/IC-Aging-Environment/vivado/aging_study_nexys4ddr/build/aging-study.gen/sources_1/bd/design_1/ip/design_1_xadc_wiz_0_0/design_1_xadc_wiz_0_0.xdc] for cell 'design_1_i/xadc_wiz_0/inst'
Finished Parsing XDC File [/home/dan-alencar/Documents/GitHub/IC-Aging-Environment/vivado/aging_study_nexys4ddr/build/imported_src/bd/design_1/home/dan-alencar/Documents/GitHub/IC-Aging-Environment/vivado/aging_study_nexys4ddr/build/aging-study.gen/sources_1/bd/design_1/ip/design_1_xadc_wiz_0_0/design_1_xadc_wiz_0_0.xdc] for cell 'design_1_i/xadc_wiz_0/inst'
Parsing XDC File [/home/dan-alencar/Documents/GitHub/IC-Aging-Environment/vivado/aging_study_nexys4ddr/build/imported_src/bd/design_1/home/dan-alencar/Documents/GitHub/IC-Aging-Environment/vivado/aging_study_nexys4ddr/build/aging-study.gen/sources_1/bd/design_1/ip/design_1_clk_wiz_0_0/design_1_clk_wiz_0_0_board.xdc] for cell 'design_1_i/clk_wiz_0/inst'
Finished Parsing XDC File [/home/dan-alencar/Documents/GitHub/IC-Aging-Environment/vivado/aging_study_nexys4ddr/build/imported_src/bd/design_1/home/dan-alencar/Documents/GitHub/IC-Aging-Environment/vivado/aging_study_nexys4ddr/build/aging-study.gen/sources_1/bd/design_1/ip/design_1_clk_wiz_0_0/design_1_clk_wiz_0_0_board.xdc] for cell 'design_1_i/clk_wiz_0/inst'
Parsing XDC File [/home/dan-alencar/Documents/GitHub/IC-Aging-Environment/vivado/aging_study_nexys4ddr/build/imported_src/bd/design_1/home/dan-alencar/Documents/GitHub/IC-Aging-Environment/vivado/aging_study_nexys4ddr/build/aging-study.gen/sources_1/bd/design_1/ip/design_1_clk_wiz_0_0/design_1_clk_wiz_0_0.xdc] for cell 'design_1_i/clk_wiz_0/inst'
Finished Parsing XDC File [/home/dan-alencar/Documents/GitHub/IC-Aging-Environment/vivado/aging_study_nexys4ddr/build/imported_src/bd/design_1/home/dan-alencar/Documents/GitHub/IC-Aging-Environment/vivado/aging_study_nexys4ddr/build/aging-study.gen/sources_1/bd/design_1/ip/design_1_clk_wiz_0_0/design_1_clk_wiz_0_0.xdc] for cell 'design_1_i/clk_wiz_0/inst'
Parsing XDC File [/home/dan-alencar/Documents/GitHub/IC-Aging-Environment/vivado/aging_study_nexys4ddr/src/constraints/Nexys-4-DDR-Master.xdc]
WARNING: [Vivado 12-584] No ports matched 'button'. [/home/dan-alencar/Documents/GitHub/IC-Aging-Environment/vivado/aging_study_nexys4ddr/src/constraints/Nexys-4-DDR-Master.xdc:20]
CRITICAL WARNING: [Common 17-55] 'set_property' expects at least one object. [/home/dan-alencar/Documents/GitHub/IC-Aging-Environment/vivado/aging_study_nexys4ddr/src/constraints/Nexys-4-DDR-Master.xdc:20]
Resolution: If [get_<value>] was used to populate the object, check to make sure this command returns at least one valid object.
WARNING: [Vivado 12-584] No ports matched 'UARTsend'. [/home/dan-alencar/Documents/GitHub/IC-Aging-Environment/vivado/aging_study_nexys4ddr/src/constraints/Nexys-4-DDR-Master.xdc:21]
CRITICAL WARNING: [Common 17-55] 'set_property' expects at least one object. [/home/dan-alencar/Documents/GitHub/IC-Aging-Environment/vivado/aging_study_nexys4ddr/src/constraints/Nexys-4-DDR-Master.xdc:21]
Resolution: If [get_<value>] was used to populate the object, check to make sure this command returns at least one valid object.
WARNING: [Vivado 12-584] No ports matched 'direction'. [/home/dan-alencar/Documents/GitHub/IC-Aging-Environment/vivado/aging_study_nexys4ddr/src/constraints/Nexys-4-DDR-Master.xdc:23]
CRITICAL WARNING: [Common 17-55] 'set_property' expects at least one object. [/home/dan-alencar/Documents/GitHub/IC-Aging-Environment/vivado/aging_study_nexys4ddr/src/constraints/Nexys-4-DDR-Master.xdc:23]
Resolution: If [get_<value>] was used to populate the object, check to make sure this command returns at least one valid object.
WARNING: [Vivado 12-584] No ports matched 'shift'. [/home/dan-alencar/Documents/GitHub/IC-Aging-Environment/vivado/aging_study_nexys4ddr/src/constraints/Nexys-4-DDR-Master.xdc:24]
CRITICAL WARNING: [Common 17-55] 'set_property' expects at least one object. [/home/dan-alencar/Documents/GitHub/IC-Aging-Environment/vivado/aging_study_nexys4ddr/src/constraints/Nexys-4-DDR-Master.xdc:24]
Resolution: If [get_<value>] was used to populate the object, check to make sure this command returns at least one valid object.
WARNING: [Vivado 12-180] No cells matched 'path_OBUF_inst'. [/home/dan-alencar/Documents/GitHub/IC-Aging-Environment/vivado/aging_study_nexys4ddr/src/constraints/Nexys-4-DDR-Master.xdc:25]
CRITICAL WARNING: [Common 17-55] 'set_property' expects at least one object. [/home/dan-alencar/Documents/GitHub/IC-Aging-Environment/vivado/aging_study_nexys4ddr/src/constraints/Nexys-4-DDR-Master.xdc:25]
Resolution: If [get_<value>] was used to populate the object, check to make sure this command returns at least one valid object.
WARNING: [Vivado 12-180] No cells matched 'LED0_OBUF_inst'. [/home/dan-alencar/Documents/GitHub/IC-Aging-Environment/vivado/aging_study_nexys4ddr/src/constraints/Nexys-4-DDR-Master.xdc:26]
CRITICAL WARNING: [Common 17-55] 'set_property' expects at least one object. [/home/dan-alencar/Documents/GitHub/IC-Aging-Environment/vivado/aging_study_nexys4ddr/src/constraints/Nexys-4-DDR-Master.xdc:26]
Resolution: If [get_<value>] was used to populate the object, check to make sure this command returns at least one valid object.
WARNING: [Vivado 12-180] No cells matched 'button_IBUF_inst'. [/home/dan-alencar/Documents/GitHub/IC-Aging-Environment/vivado/aging_study_nexys4ddr/src/constraints/Nexys-4-DDR-Master.xdc:28]
CRITICAL WARNING: [Common 17-55] 'set_property' expects at least one object. [/home/dan-alencar/Documents/GitHub/IC-Aging-Environment/vivado/aging_study_nexys4ddr/src/constraints/Nexys-4-DDR-Master.xdc:28]
Resolution: If [get_<value>] was used to populate the object, check to make sure this command returns at least one valid object.
WARNING: [Vivado 12-584] No ports matched 'failure'. [/home/dan-alencar/Documents/GitHub/IC-Aging-Environment/vivado/aging_study_nexys4ddr/src/constraints/Nexys-4-DDR-Master.xdc:59]
CRITICAL WARNING: [Common 17-55] 'set_property' expects at least one object. [/home/dan-alencar/Documents/GitHub/IC-Aging-Environment/vivado/aging_study_nexys4ddr/src/constraints/Nexys-4-DDR-Master.xdc:59]
Resolution: If [get_<value>] was used to populate the object, check to make sure this command returns at least one valid object.
Finished Parsing XDC File [/home/dan-alencar/Documents/GitHub/IC-Aging-Environment/vivado/aging_study_nexys4ddr/src/constraints/Nexys-4-DDR-Master.xdc]
Parsing XDC File [/home/dan-alencar/Documents/GitHub/IC-Aging-Environment/vivado/aging_study_nexys4ddr/build/imported_src/bd/design_1/home/dan-alencar/Documents/GitHub/IC-Aging-Environment/vivado/aging_study_nexys4ddr/build/aging-study.gen/sources_1/bd/design_1/ip/design_1_clk_wiz_0_0/design_1_clk_wiz_0_0_late.xdc] for cell 'design_1_i/clk_wiz_0/inst'
Finished Parsing XDC File [/home/dan-alencar/Documents/GitHub/IC-Aging-Environment/vivado/aging_study_nexys4ddr/build/imported_src/bd/design_1/home/dan-alencar/Documents/GitHub/IC-Aging-Environment/vivado/aging_study_nexys4ddr/build/aging-study.gen/sources_1/bd/design_1/ip/design_1_clk_wiz_0_0/design_1_clk_wiz_0_0_late.xdc] for cell 'design_1_i/clk_wiz_0/inst'
Parsing XDC File [/home/dan-alencar/Documents/GitHub/IC-Aging-Environment/vivado/aging_study_nexys4ddr/src/constraints/fixed_pnr_constraints.xdc]
CRITICAL WARNING: [Constraints 18-11819] Unplaced driver, O, on net critpath.  Driver must be placed prior to directed route. [/home/dan-alencar/Documents/GitHub/IC-Aging-Environment/vivado/aging_study_nexys4ddr/src/constraints/fixed_pnr_constraints.xdc:41]
WARNING: [Vivado 12-180] No cells matched 'design_1_i/modern_sensible_0/inst/AND1'. [/home/dan-alencar/Documents/GitHub/IC-Aging-Environment/vivado/aging_study_nexys4ddr/src/constraints/fixed_pnr_constraints.xdc:44]
CRITICAL WARNING: [Common 17-55] 'set_property' expects at least one object. [/home/dan-alencar/Documents/GitHub/IC-Aging-Environment/vivado/aging_study_nexys4ddr/src/constraints/fixed_pnr_constraints.xdc:44]
Resolution: If [get_<value>] was used to populate the object, check to make sure this command returns at least one valid object.
WARNING: [Vivado 12-180] No cells matched 'design_1_i/modern_sensible_0/inst/BUF1'. [/home/dan-alencar/Documents/GitHub/IC-Aging-Environment/vivado/aging_study_nexys4ddr/src/constraints/fixed_pnr_constraints.xdc:45]
CRITICAL WARNING: [Common 17-55] 'set_property' expects at least one object. [/home/dan-alencar/Documents/GitHub/IC-Aging-Environment/vivado/aging_study_nexys4ddr/src/constraints/fixed_pnr_constraints.xdc:45]
Resolution: If [get_<value>] was used to populate the object, check to make sure this command returns at least one valid object.
WARNING: [Vivado 12-180] No cells matched 'design_1_i/modern_sensible_0/inst/AND1'. [/home/dan-alencar/Documents/GitHub/IC-Aging-Environment/vivado/aging_study_nexys4ddr/src/constraints/fixed_pnr_constraints.xdc:50]
CRITICAL WARNING: [Common 17-55] 'set_property' expects at least one object. [/home/dan-alencar/Documents/GitHub/IC-Aging-Environment/vivado/aging_study_nexys4ddr/src/constraints/fixed_pnr_constraints.xdc:50]
Resolution: If [get_<value>] was used to populate the object, check to make sure this command returns at least one valid object.
WARNING: [Vivado 12-180] No cells matched 'design_1_i/modern_sensible_0/inst/BUF1'. [/home/dan-alencar/Documents/GitHub/IC-Aging-Environment/vivado/aging_study_nexys4ddr/src/constraints/fixed_pnr_constraints.xdc:51]
CRITICAL WARNING: [Common 17-55] 'set_property' expects at least one object. [/home/dan-alencar/Documents/GitHub/IC-Aging-Environment/vivado/aging_study_nexys4ddr/src/constraints/fixed_pnr_constraints.xdc:51]
Resolution: If [get_<value>] was used to populate the object, check to make sure this command returns at least one valid object.
Finished Parsing XDC File [/home/dan-alencar/Documents/GitHub/IC-Aging-Environment/vivado/aging_study_nexys4ddr/src/constraints/fixed_pnr_constraints.xdc]
INFO: [Opt 31-138] Pushed 0 inverter(s) to 0 load pin(s).
Netlist sorting complete. Time (s): cpu = 00:00:00 ; elapsed = 00:00:00 . Memory (MB): peak = 2016.699 ; gain = 0.000 ; free physical = 5886 ; free virtual = 59123
INFO: [Project 1-111] Unisim Transformation Summary:
No Unisim elements were transformed.

10 Infos, 12 Warnings, 13 Critical Warnings and 0 Errors encountered.
link_design completed successfully
Command: opt_design
Attempting to get a license for feature 'Implementation' and/or device 'xc7a100t'
INFO: [Common 17-349] Got license for feature 'Implementation' and/or device 'xc7a100t'
Running DRC as a precondition to command opt_design

Starting DRC Task
INFO: [DRC 23-27] Running DRC with 8 threads
INFO: [Project 1-461] DRC finished with 0 Errors
INFO: [Project 1-462] Please refer to the DRC report (report_drc) for more information.

Time (s): cpu = 00:00:01 ; elapsed = 00:00:00.65 . Memory (MB): peak = 2099.223 ; gain = 82.488 ; free physical = 5837 ; free virtual = 59075

Starting Cache Timing Information Task
INFO: [Timing 38-35] Done setting XDC timing constraints.
INFO: [Timing 38-2] Deriving generated clocks
Ending Cache Timing Information Task | Checksum: 178db929c

Time (s): cpu = 00:00:05 ; elapsed = 00:00:05 . Memory (MB): peak = 2470.176 ; gain = 370.953 ; free physical = 5481 ; free virtual = 58718

Starting Logic Optimization Task

Phase 1 Initialization

Phase 1.1 Core Generation And Design Setup
Phase 1.1 Core Generation And Design Setup | Checksum: 178db929c

Time (s): cpu = 00:00:00 ; elapsed = 00:00:00 . Memory (MB): peak = 2847.863 ; gain = 0.000 ; free physical = 5093 ; free virtual = 58330

Phase 1.2 Setup Constraints And Sort Netlist
Phase 1.2 Setup Constraints And Sort Netlist | Checksum: 178db929c

Time (s): cpu = 00:00:00 ; elapsed = 00:00:00 . Memory (MB): peak = 2847.863 ; gain = 0.000 ; free physical = 5093 ; free virtual = 58330
Phase 1 Initialization | Checksum: 178db929c

Time (s): cpu = 00:00:00 ; elapsed = 00:00:00 . Memory (MB): peak = 2847.863 ; gain = 0.000 ; free physical = 5093 ; free virtual = 58330

Phase 2 Timer Update And Timing Data Collection

Phase 2.1 Detect if minReqCache needed
Phase 2.1 Detect if minReqCache needed | Checksum: 178db929c

Time (s): cpu = 00:00:00.01 ; elapsed = 00:00:00.01 . Memory (MB): peak = 2847.863 ; gain = 0.000 ; free physical = 5093 ; free virtual = 58330

Phase 2.2 Timer Update
Phase 2.2 Timer Update | Checksum: 178db929c

Time (s): cpu = 00:00:00.04 ; elapsed = 00:00:00.02 . Memory (MB): peak = 2847.863 ; gain = 0.000 ; free physical = 5093 ; free virtual = 58330

Phase 2.3 Timing Data Collection
Phase 2.3 Timing Data Collection | Checksum: 178db929c

Time (s): cpu = 00:00:00.04 ; elapsed = 00:00:00.02 . Memory (MB): peak = 2847.863 ; gain = 0.000 ; free physical = 5093 ; free virtual = 58330
Phase 2 Timer Update And Timing Data Collection | Checksum: 178db929c

Time (s): cpu = 00:00:00.04 ; elapsed = 00:00:00.02 . Memory (MB): peak = 2847.863 ; gain = 0.000 ; free physical = 5093 ; free virtual = 58330

Phase 3 Retarget
INFO: [Opt 31-1851] Number of loadless carry chains removed were: 0
INFO: [Opt 31-1834] Total Chains To Be Transformed Were: 0 AND Number of Transformed insts Created are: 0
INFO: [Opt 31-1566] Pulled 1 inverters resulting in an inversion of 4 pins
INFO: [Opt 31-138] Pushed 1 inverter(s) to 1 load pin(s).
INFO: [Opt 31-49] Retargeted 0 cell(s).
Phase 3 Retarget | Checksum: 1bcb48c65

Time (s): cpu = 00:00:00.1 ; elapsed = 00:00:00.04 . Memory (MB): peak = 2847.863 ; gain = 0.000 ; free physical = 5093 ; free virtual = 58330
Retarget | Checksum: 1bcb48c65
INFO: [Opt 31-389] Phase Retarget created 0 cells and removed 4 cells
INFO: [Opt 31-1021] In phase Retarget, 40 netlist objects are constrained preventing optimization. Please run opt_design with -debug_log to get more detail. 

Phase 4 Constant propagation
INFO: [Opt 31-138] Pushed 0 inverter(s) to 0 load pin(s).
Phase 4 Constant propagation | Checksum: 209cbef06

Time (s): cpu = 00:00:00.1 ; elapsed = 00:00:00.05 . Memory (MB): peak = 2847.863 ; gain = 0.000 ; free physical = 5093 ; free virtual = 58330
Constant propagation | Checksum: 209cbef06
INFO: [Opt 31-389] Phase Constant propagation created 0 cells and removed 0 cells
INFO: [Opt 31-1021] In phase Constant propagation, 40 netlist objects are constrained preventing optimization. Please run opt_design with -debug_log to get more detail. 

Phase 5 Sweep
INFO: [Constraints 18-11670] Building netlist checker database with flags, 0x8
Done building netlist checker database: Time (s): cpu = 00:00:00 ; elapsed = 00:00:00 . Memory (MB): peak = 2847.863 ; gain = 0.000 ; free physical = 5093 ; free virtual = 58330
INFO: [Constraints 18-11670] Building netlist checker database with flags, 0x8
Done building netlist checker database: Time (s): cpu = 00:00:00 ; elapsed = 00:00:00 . Memory (MB): peak = 2847.863 ; gain = 0.000 ; free physical = 5093 ; free virtual = 58330
Phase 5 Sweep | Checksum: 25e4b8402

Time (s): cpu = 00:00:00.11 ; elapsed = 00:00:00.06 . Memory (MB): peak = 2847.863 ; gain = 0.000 ; free physical = 5093 ; free virtual = 58330
Sweep | Checksum: 25e4b8402
INFO: [Opt 31-389] Phase Sweep created 0 cells and removed 0 cells
INFO: [Opt 31-1021] In phase Sweep, 54 netlist objects are constrained preventing optimization. Please run opt_design with -debug_log to get more detail. 

Phase 6 BUFG optimization
Phase 6 BUFG optimization | Checksum: 1cd1a3b20

Time (s): cpu = 00:00:00.12 ; elapsed = 00:00:00.07 . Memory (MB): peak = 2879.879 ; gain = 32.016 ; free physical = 5093 ; free virtual = 58330
BUFG optimization | Checksum: 1cd1a3b20
INFO: [Opt 31-662] Phase BUFG optimization created 0 cells of which 0 are BUFGs and removed 0 cells.

Phase 7 Shift Register Optimization
INFO: [Opt 31-1064] SRL Remap converted 0 SRLs to 0 registers and converted 0 registers of register chains to 0 SRLs
Phase 7 Shift Register Optimization | Checksum: 1cd1a3b20

Time (s): cpu = 00:00:00.13 ; elapsed = 00:00:00.07 . Memory (MB): peak = 2879.879 ; gain = 32.016 ; free physical = 5093 ; free virtual = 58330
Shift Register Optimization | Checksum: 1cd1a3b20
INFO: [Opt 31-389] Phase Shift Register Optimization created 0 cells and removed 0 cells

Phase 8 Post Processing Netlist
Phase 8 Post Processing Netlist | Checksum: 25e4b8402

Time (s): cpu = 00:00:00.13 ; elapsed = 00:00:00.08 . Memory (MB): peak = 2879.879 ; gain = 32.016 ; free physical = 5093 ; free virtual = 58330
Post Processing Netlist | Checksum: 25e4b8402
INFO: [Opt 31-389] Phase Post Processing Netlist created 0 cells and removed 0 cells
INFO: [Opt 31-1021] In phase Post Processing Netlist, 40 netlist objects are constrained preventing optimization. Please run opt_design with -debug_log to get more detail. 

Phase 9 Finalization

Phase 9.1 Finalizing Design Cores and Updating Shapes
Phase 9.1 Finalizing Design Cores and Updating Shapes | Checksum: 14a296ca6

Time (s): cpu = 00:00:00.14 ; elapsed = 00:00:00.09 . Memory (MB): peak = 2879.879 ; gain = 32.016 ; free physical = 5093 ; free virtual = 58330

Phase 9.2 Verifying Netlist Connectivity

Starting Connectivity Check Task

Time (s): cpu = 00:00:00.01 ; elapsed = 00:00:00 . Memory (MB): peak = 2879.879 ; gain = 0.000 ; free physical = 5093 ; free virtual = 58330
Phase 9.2 Verifying Netlist Connectivity | Checksum: 14a296ca6

Time (s): cpu = 00:00:00.15 ; elapsed = 00:00:00.09 . Memory (MB): peak = 2879.879 ; gain = 32.016 ; free physical = 5093 ; free virtual = 58330
Phase 9 Finalization | Checksum: 14a296ca6

Time (s): cpu = 00:00:00.15 ; elapsed = 00:00:00.09 . Memory (MB): peak = 2879.879 ; gain = 32.016 ; free physical = 5093 ; free virtual = 58330
Opt_design Change Summary
=========================


-------------------------------------------------------------------------------------------------------------------------
|  Phase                        |  #Cells created  |  #Cells Removed  |  #Constrained objects preventing optimizations  |
-------------------------------------------------------------------------------------------------------------------------
|  Retarget                     |               0  |               4  |                                             40  |
|  Constant propagation         |               0  |               0  |                                             40  |
|  Sweep                        |               0  |               0  |                                             54  |
|  BUFG optimization            |               0  |               0  |                                              0  |
|  Shift Register Optimization  |               0  |               0  |                                              0  |
|  Post Processing Netlist      |               0  |               0  |                                             40  |
-------------------------------------------------------------------------------------------------------------------------


Ending Logic Optimization Task | Checksum: 14a296ca6

Time (s): cpu = 00:00:00.15 ; elapsed = 00:00:00.1 . Memory (MB): peak = 2879.879 ; gain = 32.016 ; free physical = 5093 ; free virtual = 58330

Starting Power Optimization Task
INFO: [Pwropt 34-132] Skipping clock gating for clocks with a period < 2.00 ns.
Ending Power Optimization Task | Checksum: 14a296ca6

Time (s): cpu = 00:00:00 ; elapsed = 00:00:00 . Memory (MB): peak = 2879.879 ; gain = 0.000 ; free physical = 5093 ; free virtual = 58330

Starting Final Cleanup Task
Ending Final Cleanup Task | Checksum: 14a296ca6

Time (s): cpu = 00:00:00 ; elapsed = 00:00:00 . Memory (MB): peak = 2879.879 ; gain = 0.000 ; free physical = 5093 ; free virtual = 58330
Netlist sorting complete. Time (s): cpu = 00:00:00 ; elapsed = 00:00:00 . Memory (MB): peak = 2879.879 ; gain = 0.000 ; free physical = 5093 ; free virtual = 58330
INFO: [Common 17-83] Releasing license: Implementation
37 Infos, 12 Warnings, 13 Critical Warnings and 0 Errors encountered.
opt_design completed successfully
opt_design: Time (s): cpu = 00:00:08 ; elapsed = 00:00:08 . Memory (MB): peak = 2879.879 ; gain = 863.145 ; free physical = 5093 ; free virtual = 58330
INFO: [Vivado 12-24828] Executing command : report_drc -file design_1_wrapper_drc_opted.rpt -pb design_1_wrapper_drc_opted.pb -rpx design_1_wrapper_drc_opted.rpx
Command: report_drc -file design_1_wrapper_drc_opted.rpt -pb design_1_wrapper_drc_opted.pb -rpx design_1_wrapper_drc_opted.rpx
INFO: [IP_Flow 19-1839] IP Catalog is up to date.
INFO: [DRC 23-27] Running DRC with 8 threads
INFO: [Vivado_Tcl 2-168] The results of DRC are in file /home/dan-alencar/Documents/GitHub/IC-Aging-Environment/vivado/aging_study_nexys4ddr/build/aging_study_nexys4ddr/aging_study_nexys4ddr.runs/impl_1/design_1_wrapper_drc_opted.rpt.
report_drc completed successfully
WARNING: [Designutils 20-600] Both RLOC and LOC Inst Constraints in physical block ROOT. RLOCs ignored.
WARNING: [Designutils 20-600] Both RLOC and LOC Inst Constraints in physical block ROOT. RLOCs ignored.
INFO: [Timing 38-480] Writing timing data to binary archive.
Wrote PlaceDB: Time (s): cpu = 00:00:00 ; elapsed = 00:00:00 . Memory (MB): peak = 2879.879 ; gain = 0.000 ; free physical = 5093 ; free virtual = 58330
Wrote PulsedLatchDB: Time (s): cpu = 00:00:00 ; elapsed = 00:00:00 . Memory (MB): peak = 2879.879 ; gain = 0.000 ; free physical = 5093 ; free virtual = 58330
Writing XDEF routing.
Write ShapeDB Complete: Time (s): cpu = 00:00:00 ; elapsed = 00:00:00 . Memory (MB): peak = 2879.879 ; gain = 0.000 ; free physical = 5093 ; free virtual = 58330
Writing XDEF routing logical nets.
Writing XDEF routing special nets.
Wrote RouteStorage: Time (s): cpu = 00:00:00.05 ; elapsed = 00:00:00.02 . Memory (MB): peak = 2879.879 ; gain = 0.000 ; free physical = 5093 ; free virtual = 58330
Wrote PlaceStorage: Time (s): cpu = 00:00:00.01 ; elapsed = 00:00:00 . Memory (MB): peak = 2879.879 ; gain = 0.000 ; free physical = 5093 ; free virtual = 58330
Wrote Netlist Cache: Time (s): cpu = 00:00:00 ; elapsed = 00:00:00 . Memory (MB): peak = 2879.879 ; gain = 0.000 ; free physical = 5093 ; free virtual = 58330
Wrote Device Cache: Time (s): cpu = 00:00:00.01 ; elapsed = 00:00:00 . Memory (MB): peak = 2879.879 ; gain = 0.000 ; free physical = 5093 ; free virtual = 58330
Write Physdb Complete: Time (s): cpu = 00:00:00.07 ; elapsed = 00:00:00.02 . Memory (MB): peak = 2879.879 ; gain = 0.000 ; free physical = 5093 ; free virtual = 58330
INFO: [Common 17-1381] The checkpoint '/home/dan-alencar/Documents/GitHub/IC-Aging-Environment/vivado/aging_study_nexys4ddr/build/aging_study_nexys4ddr/aging_study_nexys4ddr.runs/impl_1/design_1_wrapper_opt.dcp' has been generated.
Command: place_design
Attempting to get a license for feature 'Implementation' and/or device 'xc7a100t'
INFO: [Common 17-349] Got license for feature 'Implementation' and/or device 'xc7a100t'
INFO: [Common 17-83] Releasing license: Implementation
INFO: [DRC 23-27] Running DRC with 8 threads
INFO: [Vivado_Tcl 4-198] DRC finished with 0 Errors
INFO: [Vivado_Tcl 4-199] Please refer to the DRC report (report_drc) for more information.
INFO: [Timing 38-35] Done setting XDC timing constraints.
Running DRC as a precondition to command place_design
INFO: [DRC 23-27] Running DRC with 8 threads
INFO: [Vivado_Tcl 4-198] DRC finished with 0 Errors
INFO: [Vivado_Tcl 4-199] Please refer to the DRC report (report_drc) for more information.
INFO: [Place 30-611] Multithreading enabled for place_design using a maximum of 8 CPUs

Starting Placer Task

Phase 1 Placer Initialization

Phase 1.1 Placer Initialization Netlist Sorting
Netlist sorting complete. Time (s): cpu = 00:00:00 ; elapsed = 00:00:00 . Memory (MB): peak = 3039.957 ; gain = 0.000 ; free physical = 5100 ; free virtual = 58337
Phase 1.1 Placer Initialization Netlist Sorting | Checksum: dcc6a644

Time (s): cpu = 00:00:00 ; elapsed = 00:00:00 . Memory (MB): peak = 3039.957 ; gain = 0.000 ; free physical = 5100 ; free virtual = 58337
Netlist sorting complete. Time (s): cpu = 00:00:00 ; elapsed = 00:00:00 . Memory (MB): peak = 3039.957 ; gain = 0.000 ; free physical = 5100 ; free virtual = 58337

Phase 1.2 IO Placement/ Clock Placement/ Build Placer Device
Phase 1.2 IO Placement/ Clock Placement/ Build Placer Device | Checksum: 214cba787

Time (s): cpu = 00:00:00.55 ; elapsed = 00:00:00.31 . Memory (MB): peak = 3039.957 ; gain = 0.000 ; free physical = 5103 ; free virtual = 58340

Phase 1.3 Build Placer Netlist Model
Phase 1.3 Build Placer Netlist Model | Checksum: 2b4addc7c

Time (s): cpu = 00:00:00.9 ; elapsed = 00:00:00.45 . Memory (MB): peak = 3039.957 ; gain = 0.000 ; free physical = 5104 ; free virtual = 58342

Phase 1.4 Constrain Clocks/Macros
Phase 1.4 Constrain Clocks/Macros | Checksum: 2b4addc7c

Time (s): cpu = 00:00:00.91 ; elapsed = 00:00:00.46 . Memory (MB): peak = 3039.957 ; gain = 0.000 ; free physical = 5104 ; free virtual = 58342
Phase 1 Placer Initialization | Checksum: 2b4addc7c

Time (s): cpu = 00:00:00.92 ; elapsed = 00:00:00.47 . Memory (MB): peak = 3039.957 ; gain = 0.000 ; free physical = 5104 ; free virtual = 58342

Phase 2 Global Placement

Phase 2.1 Floorplanning
Phase 2.1 Floorplanning | Checksum: 26785096b

Time (s): cpu = 00:00:01 ; elapsed = 00:00:00.55 . Memory (MB): peak = 3039.957 ; gain = 0.000 ; free physical = 5103 ; free virtual = 58340

Phase 2.2 Update Timing before SLR Path Opt
Phase 2.2 Update Timing before SLR Path Opt | Checksum: 2c5250d8d

Time (s): cpu = 00:00:01 ; elapsed = 00:00:00.6 . Memory (MB): peak = 3039.957 ; gain = 0.000 ; free physical = 5103 ; free virtual = 58341

Phase 2.3 Post-Processing in Floorplanning
Phase 2.3 Post-Processing in Floorplanning | Checksum: 2c5250d8d

Time (s): cpu = 00:00:01 ; elapsed = 00:00:00.6 . Memory (MB): peak = 3039.957 ; gain = 0.000 ; free physical = 5103 ; free virtual = 58341

Phase 2.4 Global Place Phase1
Phase 2.4 Global Place Phase1 | Checksum: 292fc5a09

Time (s): cpu = 00:00:04 ; elapsed = 00:00:02 . Memory (MB): peak = 3039.957 ; gain = 0.000 ; free physical = 5087 ; free virtual = 58325

Phase 2.5 Global Place Phase2

Phase 2.5.1 UpdateTiming Before Physical Synthesis
Phase 2.5.1 UpdateTiming Before Physical Synthesis | Checksum: 2d3a7ca32

Time (s): cpu = 00:00:05 ; elapsed = 00:00:02 . Memory (MB): peak = 3039.957 ; gain = 0.000 ; free physical = 5087 ; free virtual = 58325

Phase 2.5.2 Physical Synthesis In Placer
INFO: [Physopt 32-1035] Found 0 LUTNM shape to break, 11 LUT instances to create LUTNM shape
INFO: [Physopt 32-1044] Break lutnm for timing: one critical 0, two critical 0, total 0, new lutff created 0
INFO: [Physopt 32-1138] End 1 Pass. Optimized 4 nets or LUTs. Breaked 0 LUT, combined 4 existing LUTs and moved 0 existing LUT
INFO: [Physopt 32-65] No nets found for high-fanout optimization.
INFO: [Physopt 32-232] Optimized 0 net. Created 0 new instance.
INFO: [Physopt 32-775] End 1 Pass. Optimized 0 net or cell. Created 0 new cell, deleted 0 existing cell and moved 0 existing cell
INFO: [Physopt 32-456] No candidate cells for DSP register optimization found in the design.
INFO: [Physopt 32-775] End 2 Pass. Optimized 0 net or cell. Created 0 new cell, deleted 0 existing cell and moved 0 existing cell
INFO: [Physopt 32-1123] No candidate cells found for Shift Register to Pipeline optimization
INFO: [Physopt 32-775] End 2 Pass. Optimized 0 net or cell. Created 0 new cell, deleted 0 existing cell and moved 0 existing cell
INFO: [Physopt 32-1401] No candidate cells found for Shift Register optimization.
INFO: [Physopt 32-677] No candidate cells for Shift Register optimization found in the design
INFO: [Physopt 32-775] End 1 Pass. Optimized 0 net or cell. Created 0 new cell, deleted 0 existing cell and moved 0 existing cell
INFO: [Physopt 32-526] No candidate cells for BRAM register optimization found in the design
INFO: [Physopt 32-775] End 1 Pass. Optimized 0 net or cell. Created 0 new cell, deleted 0 existing cell and moved 0 existing cell
INFO: [Physopt 32-846] No candidate cells for URAM register optimization found in the design
INFO: [Physopt 32-775] End 1 Pass. Optimized 0 net or cell. Created 0 new cell, deleted 0 existing cell and moved 0 existing cell
INFO: [Physopt 32-846] No candidate cells for URAM register optimization found in the design
INFO: [Physopt 32-775] End 1 Pass. Optimized 0 net or cell. Created 0 new cell, deleted 0 existing cell and moved 0 existing cell
INFO: [Physopt 32-949] No candidate nets found for dynamic/static region interface net replication
INFO: [Physopt 32-775] End 1 Pass. Optimized 0 net or cell. Created 0 new cell, deleted 0 existing cell and moved 0 existing cell
Netlist sorting complete. Time (s): cpu = 00:00:00 ; elapsed = 00:00:00 . Memory (MB): peak = 3039.957 ; gain = 0.000 ; free physical = 5083 ; free virtual = 58321

Summary of Physical Synthesis Optimizations
============================================


-----------------------------------------------------------------------------------------------------------------------------------------------------------
|  Optimization                                     |  Added Cells  |  Removed Cells  |  Optimized Cells/Nets  |  Dont Touch  |  Iterations  |  Elapsed   |
-----------------------------------------------------------------------------------------------------------------------------------------------------------
|  LUT Combining                                    |            0  |              4  |                     4  |           0  |           1  |  00:00:00  |
|  Retime                                           |            0  |              0  |                     0  |           0  |           1  |  00:00:00  |
|  Very High Fanout                                 |            0  |              0  |                     0  |           0  |           1  |  00:00:00  |
|  DSP Register                                     |            0  |              0  |                     0  |           0  |           1  |  00:00:00  |
|  Shift Register to Pipeline                       |            0  |              0  |                     0  |           0  |           1  |  00:00:00  |
|  Shift Register                                   |            0  |              0  |                     0  |           0  |           1  |  00:00:00  |
|  BRAM Register                                    |            0  |              0  |                     0  |           0  |           1  |  00:00:00  |
|  URAM Register                                    |            0  |              0  |                     0  |           0  |           1  |  00:00:00  |
|  Dynamic/Static Region Interface Net Replication  |            0  |              0  |                     0  |           0  |           1  |  00:00:00  |
|  Total                                            |            0  |              4  |                     4  |           0  |           9  |  00:00:00  |
-----------------------------------------------------------------------------------------------------------------------------------------------------------


Phase 2.5.2 Physical Synthesis In Placer | Checksum: 2ddf280f9

Time (s): cpu = 00:00:05 ; elapsed = 00:00:02 . Memory (MB): peak = 3039.957 ; gain = 0.000 ; free physical = 5083 ; free virtual = 58320
Phase 2.5 Global Place Phase2 | Checksum: 3172ff17f

Time (s): cpu = 00:00:05 ; elapsed = 00:00:02 . Memory (MB): peak = 3039.957 ; gain = 0.000 ; free physical = 5084 ; free virtual = 58322
Phase 2 Global Placement | Checksum: 3172ff17f

Time (s): cpu = 00:00:05 ; elapsed = 00:00:02 . Memory (MB): peak = 3039.957 ; gain = 0.000 ; free physical = 5084 ; free virtual = 58322

Phase 3 Detail Placement

Phase 3.1 Commit Multi Column Macros
Phase 3.1 Commit Multi Column Macros | Checksum: 2b8008176

Time (s): cpu = 00:00:05 ; elapsed = 00:00:02 . Memory (MB): peak = 3039.957 ; gain = 0.000 ; free physical = 5087 ; free virtual = 58324

Phase 3.2 Commit Most Macros & LUTRAMs
Phase 3.2 Commit Most Macros & LUTRAMs | Checksum: 2a9d3868b

Time (s): cpu = 00:00:05 ; elapsed = 00:00:02 . Memory (MB): peak = 3039.957 ; gain = 0.000 ; free physical = 5087 ; free virtual = 58325

Phase 3.3 Area Swap Optimization
Phase 3.3 Area Swap Optimization | Checksum: 2572553d7

Time (s): cpu = 00:00:05 ; elapsed = 00:00:02 . Memory (MB): peak = 3039.957 ; gain = 0.000 ; free physical = 5087 ; free virtual = 58325

Phase 3.4 Pipeline Register Optimization
Phase 3.4 Pipeline Register Optimization | Checksum: 22a6ce66b

Time (s): cpu = 00:00:05 ; elapsed = 00:00:02 . Memory (MB): peak = 3039.957 ; gain = 0.000 ; free physical = 5087 ; free virtual = 58325

Phase 3.5 Fast Optimization
Phase 3.5 Fast Optimization | Checksum: 2c309f4b4

Time (s): cpu = 00:00:06 ; elapsed = 00:00:02 . Memory (MB): peak = 3039.957 ; gain = 0.000 ; free physical = 5076 ; free virtual = 58314

Phase 3.6 Small Shape Detail Placement
Phase 3.6 Small Shape Detail Placement | Checksum: 21155e882

Time (s): cpu = 00:00:06 ; elapsed = 00:00:03 . Memory (MB): peak = 3039.957 ; gain = 0.000 ; free physical = 5081 ; free virtual = 58319

Phase 3.7 Re-assign LUT pins
Phase 3.7 Re-assign LUT pins | Checksum: 2224c0fe0

Time (s): cpu = 00:00:06 ; elapsed = 00:00:03 . Memory (MB): peak = 3039.957 ; gain = 0.000 ; free physical = 5081 ; free virtual = 58319

Phase 3.8 Pipeline Register Optimization
Phase 3.8 Pipeline Register Optimization | Checksum: 1d9e454a4

Time (s): cpu = 00:00:06 ; elapsed = 00:00:03 . Memory (MB): peak = 3039.957 ; gain = 0.000 ; free physical = 5081 ; free virtual = 58319

Phase 3.9 Fast Optimization
Phase 3.9 Fast Optimization | Checksum: 26671e432

Time (s): cpu = 00:00:06 ; elapsed = 00:00:03 . Memory (MB): peak = 3039.957 ; gain = 0.000 ; free physical = 5071 ; free virtual = 58308
Phase 3 Detail Placement | Checksum: 26671e432

Time (s): cpu = 00:00:06 ; elapsed = 00:00:03 . Memory (MB): peak = 3039.957 ; gain = 0.000 ; free physical = 5071 ; free virtual = 58308

Phase 4 Post Placement Optimization and Clean-Up

Phase 4.1 Post Commit Optimization
INFO: [Timing 38-35] Done setting XDC timing constraints.

Phase 4.1.1 Post Placement Optimization
Post Placement Optimization Initialization | Checksum: 27d41d734

Phase 4.1.1.1 BUFG Insertion

Starting Physical Synthesis Task

Phase 1 Physical Synthesis Initialization
INFO: [Physopt 32-721] Multithreading enabled for phys_opt_design using a maximum of 8 CPUs
INFO: [Physopt 32-619] Estimated Timing Summary | WNS=-12.996 | TNS=-25.747 |
Phase 1 Physical Synthesis Initialization | Checksum: 1ae684f39

Time (s): cpu = 00:00:00.03 ; elapsed = 00:00:00.02 . Memory (MB): peak = 3039.957 ; gain = 0.000 ; free physical = 5072 ; free virtual = 58310
INFO: [Place 46-56] BUFG insertion identified 0 candidate nets. Inserted BUFG: 0, Replicated BUFG Driver: 0, Skipped due to Placement/Routing Conflicts: 0, Skipped due to Timing Degradation: 0, Skipped due to netlist editing failed: 0.
Ending Physical Synthesis Task | Checksum: 24ac89754

Time (s): cpu = 00:00:00.03 ; elapsed = 00:00:00.02 . Memory (MB): peak = 3039.957 ; gain = 0.000 ; free physical = 5072 ; free virtual = 58310
Phase 4.1.1.1 BUFG Insertion | Checksum: 27d41d734

Time (s): cpu = 00:00:07 ; elapsed = 00:00:03 . Memory (MB): peak = 3039.957 ; gain = 0.000 ; free physical = 5072 ; free virtual = 58310

Phase 4.1.1.2 Post Placement Timing Optimization
INFO: [Place 30-746] Post Placement Timing Summary WNS=-9.208. For the most accurate timing information please run report_timing.
Phase 4.1.1.2 Post Placement Timing Optimization | Checksum: 2b0d501d7

Time (s): cpu = 00:00:14 ; elapsed = 00:00:10 . Memory (MB): peak = 3039.957 ; gain = 0.000 ; free physical = 5101 ; free virtual = 58339

Time (s): cpu = 00:00:14 ; elapsed = 00:00:10 . Memory (MB): peak = 3039.957 ; gain = 0.000 ; free physical = 5101 ; free virtual = 58339
Phase 4.1 Post Commit Optimization | Checksum: 2b0d501d7

Time (s): cpu = 00:00:14 ; elapsed = 00:00:10 . Memory (MB): peak = 3039.957 ; gain = 0.000 ; free physical = 5101 ; free virtual = 58339

Phase 4.2 Post Placement Cleanup
Phase 4.2 Post Placement Cleanup | Checksum: 2b0d501d7

Time (s): cpu = 00:00:14 ; elapsed = 00:00:10 . Memory (MB): peak = 3039.957 ; gain = 0.000 ; free physical = 5101 ; free virtual = 58339

Phase 4.3 Placer Reporting

Phase 4.3.1 Print Estimated Congestion
INFO: [Place 30-612] Post-Placement Estimated Congestion 
 ____________________________________________________
|           | Global Congestion | Short Congestion  |
| Direction | Region Size       | Region Size       |
|___________|___________________|___________________|
|      North|                1x1|                1x1|
|___________|___________________|___________________|
|      South|                1x1|                1x1|
|___________|___________________|___________________|
|       East|                1x1|                1x1|
|___________|___________________|___________________|
|       West|                1x1|                1x1|
|___________|___________________|___________________|

Phase 4.3.1 Print Estimated Congestion | Checksum: 2b0d501d7

Time (s): cpu = 00:00:14 ; elapsed = 00:00:10 . Memory (MB): peak = 3039.957 ; gain = 0.000 ; free physical = 5101 ; free virtual = 58339
Phase 4.3 Placer Reporting | Checksum: 2b0d501d7

Time (s): cpu = 00:00:14 ; elapsed = 00:00:10 . Memory (MB): peak = 3039.957 ; gain = 0.000 ; free physical = 5101 ; free virtual = 58339

Phase 4.4 Final Placement Cleanup
Netlist sorting complete. Time (s): cpu = 00:00:00 ; elapsed = 00:00:00 . Memory (MB): peak = 3039.957 ; gain = 0.000 ; free physical = 5101 ; free virtual = 58339

Time (s): cpu = 00:00:14 ; elapsed = 00:00:10 . Memory (MB): peak = 3039.957 ; gain = 0.000 ; free physical = 5101 ; free virtual = 58339
Phase 4 Post Placement Optimization and Clean-Up | Checksum: 2a49e418c

Time (s): cpu = 00:00:14 ; elapsed = 00:00:10 . Memory (MB): peak = 3039.957 ; gain = 0.000 ; free physical = 5101 ; free virtual = 58339
Ending Placer Task | Checksum: 1c8a41067

Time (s): cpu = 00:00:14 ; elapsed = 00:00:10 . Memory (MB): peak = 3039.957 ; gain = 0.000 ; free physical = 5101 ; free virtual = 58339
80 Infos, 14 Warnings, 13 Critical Warnings and 0 Errors encountered.
place_design completed successfully
place_design: Time (s): cpu = 00:00:18 ; elapsed = 00:00:13 . Memory (MB): peak = 3039.957 ; gain = 160.078 ; free physical = 5101 ; free virtual = 58339
INFO: [Vivado 12-24838] Running report commands "report_control_sets, report_io, report_utilization" in parallel.
Running report generation with 3 threads.
INFO: [Vivado 12-24828] Executing command : report_control_sets -verbose -file design_1_wrapper_control_sets_placed.rpt
report_control_sets: Time (s): cpu = 00:00:00.04 ; elapsed = 00:00:00.12 . Memory (MB): peak = 3039.957 ; gain = 0.000 ; free physical = 5087 ; free virtual = 58324
INFO: [Vivado 12-24828] Executing command : report_utilization -file design_1_wrapper_utilization_placed.rpt -pb design_1_wrapper_utilization_placed.pb
INFO: [Vivado 12-24828] Executing command : report_io -file design_1_wrapper_io_placed.rpt
report_io: Time (s): cpu = 00:00:00.11 ; elapsed = 00:00:00.28 . Memory (MB): peak = 3039.957 ; gain = 0.000 ; free physical = 5085 ; free virtual = 58322
WARNING: [Designutils 20-600] Both RLOC and LOC Inst Constraints in physical block ROOT. RLOCs ignored.
WARNING: [Designutils 20-600] Both RLOC and LOC Inst Constraints in physical block ROOT. RLOCs ignored.
INFO: [Timing 38-480] Writing timing data to binary archive.
Wrote PlaceDB: Time (s): cpu = 00:00:00 ; elapsed = 00:00:00 . Memory (MB): peak = 3039.957 ; gain = 0.000 ; free physical = 5085 ; free virtual = 58322
Wrote PulsedLatchDB: Time (s): cpu = 00:00:00 ; elapsed = 00:00:00 . Memory (MB): peak = 3039.957 ; gain = 0.000 ; free physical = 5085 ; free virtual = 58322
Writing XDEF routing.
Write ShapeDB Complete: Time (s): cpu = 00:00:00.01 ; elapsed = 00:00:00 . Memory (MB): peak = 3039.957 ; gain = 0.000 ; free physical = 5085 ; free virtual = 58322
Writing XDEF routing logical nets.
Writing XDEF routing special nets.
Wrote RouteStorage: Time (s): cpu = 00:00:00.05 ; elapsed = 00:00:00.01 . Memory (MB): peak = 3039.957 ; gain = 0.000 ; free physical = 5085 ; free virtual = 58322
Wrote PlaceStorage: Time (s): cpu = 00:00:00.04 ; elapsed = 00:00:00.02 . Memory (MB): peak = 3039.957 ; gain = 0.000 ; free physical = 5084 ; free virtual = 58322
Wrote Netlist Cache: Time (s): cpu = 00:00:00.01 ; elapsed = 00:00:00 . Memory (MB): peak = 3039.957 ; gain = 0.000 ; free physical = 5084 ; free virtual = 58322
Wrote Device Cache: Time (s): cpu = 00:00:00.01 ; elapsed = 00:00:00.01 . Memory (MB): peak = 3039.957 ; gain = 0.000 ; free physical = 5084 ; free virtual = 58323
Write Physdb Complete: Time (s): cpu = 00:00:00.11 ; elapsed = 00:00:00.04 . Memory (MB): peak = 3039.957 ; gain = 0.000 ; free physical = 5084 ; free virtual = 58323
INFO: [Common 17-1381] The checkpoint '/home/dan-alencar/Documents/GitHub/IC-Aging-Environment/vivado/aging_study_nexys4ddr/build/aging_study_nexys4ddr/aging_study_nexys4ddr.runs/impl_1/design_1_wrapper_placed.dcp' has been generated.
Command: phys_opt_design
Attempting to get a license for feature 'Implementation' and/or device 'xc7a100t'
INFO: [Common 17-349] Got license for feature 'Implementation' and/or device 'xc7a100t'

Starting Initial Update Timing Task

Time (s): cpu = 00:00:00.14 ; elapsed = 00:00:00.04 . Memory (MB): peak = 3039.957 ; gain = 0.000 ; free physical = 5076 ; free virtual = 58314
INFO: [Vivado_Tcl 4-1435] PhysOpt_Tcl_Interface Runtime Before Starting Physical Synthesis Task | CPU: 0.15s |  WALL: 0.05s
Netlist sorting complete. Time (s): cpu = 00:00:00 ; elapsed = 00:00:00 . Memory (MB): peak = 3039.957 ; gain = 0.000 ; free physical = 5076 ; free virtual = 58314

Starting Physical Synthesis Task

Phase 1 Physical Synthesis Initialization
INFO: [Physopt 32-721] Multithreading enabled for phys_opt_design using a maximum of 8 CPUs
INFO: [Physopt 32-619] Estimated Timing Summary | WNS=-9.208 | TNS=-18.171 |
Phase 1 Physical Synthesis Initialization | Checksum: 19eb75a6e

Time (s): cpu = 00:00:00.3 ; elapsed = 00:00:00.16 . Memory (MB): peak = 3039.957 ; gain = 0.000 ; free physical = 5076 ; free virtual = 58314
INFO: [Physopt 32-619] Estimated Timing Summary | WNS=-9.208 | TNS=-18.171 |

Phase 2 DSP Register Optimization
INFO: [Physopt 32-456] No candidate cells for DSP register optimization found in the design.
INFO: [Physopt 32-775] End 2 Pass. Optimized 0 net or cell. Created 0 new cell, deleted 0 existing cell and moved 0 existing cell
Phase 2 DSP Register Optimization | Checksum: 19eb75a6e

Time (s): cpu = 00:00:00.32 ; elapsed = 00:00:00.18 . Memory (MB): peak = 3039.957 ; gain = 0.000 ; free physical = 5079 ; free virtual = 58317

Phase 3 Critical Path Optimization
INFO: [Physopt 32-619] Estimated Timing Summary | WNS=-9.208 | TNS=-18.171 |
INFO: [Physopt 32-702] Processed net design_1_i/modern_sensible_0/inst/ff1. Optimizations did not improve timing on the net.
INFO: [Physopt 32-702] Processed net design_1_i/not_series_0/inst/start. Optimizations did not improve timing on the net.
INFO: [Physopt 32-702] Processed net design_1_i/not_series_0/inst/connection_49. Optimizations did not improve timing on the net.
INFO: [Physopt 32-702] Processed net design_1_i/not_series_0/inst/connection_48. Optimizations did not improve timing on the net.
INFO: [Physopt 32-702] Processed net design_1_i/not_series_0/inst/connection_47. Optimizations did not improve timing on the net.
INFO: [Physopt 32-702] Processed net design_1_i/not_series_0/inst/connection_46. Optimizations did not improve timing on the net.
INFO: [Physopt 32-702] Processed net design_1_i/not_series_0/inst/connection_45. Optimizations did not improve timing on the net.
INFO: [Physopt 32-702] Processed net design_1_i/not_series_0/inst/connection_44. Optimizations did not improve timing on the net.
INFO: [Physopt 32-702] Processed net design_1_i/not_series_0/inst/connection_43. Optimizations did not improve timing on the net.
INFO: [Physopt 32-702] Processed net design_1_i/not_series_0/inst/connection_42. Optimizations did not improve timing on the net.
INFO: [Physopt 32-702] Processed net design_1_i/not_series_0/inst/connection_41. Optimizations did not improve timing on the net.
INFO: [Physopt 32-702] Processed net design_1_i/not_series_0/inst/connection_40. Optimizations did not improve timing on the net.
INFO: [Physopt 32-702] Processed net design_1_i/not_series_0/inst/connection_39. Optimizations did not improve timing on the net.
INFO: [Physopt 32-702] Processed net design_1_i/not_series_0/inst/connection_38. Optimizations did not improve timing on the net.
INFO: [Physopt 32-702] Processed net design_1_i/not_series_0/inst/connection_37. Optimizations did not improve timing on the net.
INFO: [Physopt 32-702] Processed net design_1_i/not_series_0/inst/connection_36. Optimizations did not improve timing on the net.
INFO: [Physopt 32-702] Processed net design_1_i/not_series_0/inst/connection_35. Optimizations did not improve timing on the net.
INFO: [Physopt 32-702] Processed net design_1_i/not_series_0/inst/connection_34. Optimizations did not improve timing on the net.
INFO: [Physopt 32-702] Processed net design_1_i/not_series_0/inst/connection_33. Optimizations did not improve timing on the net.
INFO: [Physopt 32-702] Processed net design_1_i/not_series_0/inst/connection_32. Optimizations did not improve timing on the net.
INFO: [Physopt 32-702] Processed net design_1_i/not_series_0/inst/connection_31. Optimizations did not improve timing on the net.
INFO: [Physopt 32-702] Processed net design_1_i/not_series_0/inst/connection_30. Optimizations did not improve timing on the net.
INFO: [Physopt 32-702] Processed net design_1_i/not_series_0/inst/connection_29. Optimizations did not improve timing on the net.
INFO: [Physopt 32-702] Processed net design_1_i/not_series_0/inst/connection_28. Optimizations did not improve timing on the net.
INFO: [Physopt 32-702] Processed net design_1_i/not_series_0/inst/connection_27. Optimizations did not improve timing on the net.
INFO: [Physopt 32-702] Processed net design_1_i/not_series_0/inst/connection_26. Optimizations did not improve timing on the net.
INFO: [Physopt 32-702] Processed net design_1_i/not_series_0/inst/connection_25. Optimizations did not improve timing on the net.
INFO: [Physopt 32-702] Processed net design_1_i/not_series_0/inst/connection_24. Optimizations did not improve timing on the net.
INFO: [Physopt 32-702] Processed net design_1_i/not_series_0/inst/connection_23. Optimizations did not improve timing on the net.
INFO: [Physopt 32-702] Processed net design_1_i/not_series_0/inst/connection_22. Optimizations did not improve timing on the net.
INFO: [Physopt 32-702] Processed net design_1_i/not_series_0/inst/connection_21. Optimizations did not improve timing on the net.
INFO: [Physopt 32-702] Processed net design_1_i/not_series_0/inst/connection_20. Optimizations did not improve timing on the net.
INFO: [Physopt 32-702] Processed net design_1_i/not_series_0/inst/connection_19. Optimizations did not improve timing on the net.
INFO: [Physopt 32-702] Processed net design_1_i/not_series_0/inst/connection_18. Optimizations did not improve timing on the net.
INFO: [Physopt 32-702] Processed net design_1_i/not_series_0/inst/connection_17. Optimizations did not improve timing on the net.
INFO: [Physopt 32-702] Processed net design_1_i/not_series_0/inst/connection_16. Optimizations did not improve timing on the net.
INFO: [Physopt 32-702] Processed net design_1_i/not_series_0/inst/connection_15. Optimizations did not improve timing on the net.
INFO: [Physopt 32-702] Processed net design_1_i/not_series_0/inst/connection_14. Optimizations did not improve timing on the net.
INFO: [Physopt 32-702] Processed net design_1_i/not_series_0/inst/connection_13. Optimizations did not improve timing on the net.
INFO: [Physopt 32-702] Processed net design_1_i/not_series_0/inst/connection_12. Optimizations did not improve timing on the net.
INFO: [Physopt 32-702] Processed net design_1_i/not_series_0/inst/connection_11. Optimizations did not improve timing on the net.
INFO: [Physopt 32-702] Processed net design_1_i/not_series_0/inst/connection_10. Optimizations did not improve timing on the net.
INFO: [Physopt 32-702] Processed net design_1_i/not_series_0/inst/connection_9. Optimizations did not improve timing on the net.
INFO: [Physopt 32-702] Processed net design_1_i/not_series_0/inst/connection_8. Optimizations did not improve timing on the net.
INFO: [Physopt 32-702] Processed net design_1_i/not_series_0/inst/connection_7. Optimizations did not improve timing on the net.
INFO: [Physopt 32-702] Processed net design_1_i/not_series_0/inst/connection_6. Optimizations did not improve timing on the net.
INFO: [Physopt 32-702] Processed net design_1_i/not_series_0/inst/connection_5. Optimizations did not improve timing on the net.
INFO: [Physopt 32-702] Processed net design_1_i/not_series_0/inst/connection_4. Optimizations did not improve timing on the net.
INFO: [Physopt 32-702] Processed net design_1_i/not_series_0/inst/connection_3. Optimizations did not improve timing on the net.
INFO: [Physopt 32-702] Processed net design_1_i/not_series_0/inst/connection_2. Optimizations did not improve timing on the net.
INFO: [Physopt 32-702] Processed net design_1_i/not_series_0/inst/connection_1. Optimizations did not improve timing on the net.
INFO: [Physopt 32-663] Processed net design_1_i/not_series_0/inst/critpath.  Re-placed instance design_1_i/not_series_0/inst/genblk1[49].INV
INFO: [Physopt 32-735] Processed net design_1_i/not_series_0/inst/critpath. Optimization improves timing on the net.
INFO: [Physopt 32-619] Estimated Timing Summary | WNS=-9.100 | TNS=-18.180 |
INFO: [Physopt 32-702] Processed net design_1_i/not_series_0/inst/critpath. Optimizations did not improve timing on the net.
INFO: [Physopt 32-702] Processed net design_1_i/not_series_0/inst/critpath. Optimizations did not improve timing on the net.
INFO: [Physopt 32-702] Processed net design_1_i/not_series_0/inst/start. Optimizations did not improve timing on the net.
INFO: [Physopt 32-702] Processed net design_1_i/not_series_0/inst/connection_48. Optimizations did not improve timing on the net.
INFO: [Physopt 32-702] Processed net design_1_i/not_series_0/inst/connection_47. Optimizations did not improve timing on the net.
INFO: [Physopt 32-702] Processed net design_1_i/not_series_0/inst/connection_46. Optimizations did not improve timing on the net.
INFO: [Physopt 32-702] Processed net design_1_i/not_series_0/inst/connection_45. Optimizations did not improve timing on the net.
INFO: [Physopt 32-702] Processed net design_1_i/not_series_0/inst/connection_44. Optimizations did not improve timing on the net.
INFO: [Physopt 32-702] Processed net design_1_i/not_series_0/inst/connection_43. Optimizations did not improve timing on the net.
INFO: [Physopt 32-702] Processed net design_1_i/not_series_0/inst/connection_42. Optimizations did not improve timing on the net.
INFO: [Physopt 32-702] Processed net design_1_i/not_series_0/inst/connection_41. Optimizations did not improve timing on the net.
INFO: [Physopt 32-702] Processed net design_1_i/not_series_0/inst/connection_40. Optimizations did not improve timing on the net.
INFO: [Physopt 32-702] Processed net design_1_i/not_series_0/inst/connection_39. Optimizations did not improve timing on the net.
INFO: [Physopt 32-702] Processed net design_1_i/not_series_0/inst/connection_38. Optimizations did not improve timing on the net.
INFO: [Physopt 32-702] Processed net design_1_i/not_series_0/inst/connection_37. Optimizations did not improve timing on the net.
INFO: [Physopt 32-702] Processed net design_1_i/not_series_0/inst/connection_36. Optimizations did not improve timing on the net.
INFO: [Physopt 32-702] Processed net design_1_i/not_series_0/inst/connection_35. Optimizations did not improve timing on the net.
INFO: [Physopt 32-702] Processed net design_1_i/not_series_0/inst/connection_34. Optimizations did not improve timing on the net.
INFO: [Physopt 32-702] Processed net design_1_i/not_series_0/inst/connection_33. Optimizations did not improve timing on the net.
INFO: [Physopt 32-702] Processed net design_1_i/not_series_0/inst/connection_32. Optimizations did not improve timing on the net.
INFO: [Physopt 32-702] Processed net design_1_i/not_series_0/inst/connection_31. Optimizations did not improve timing on the net.
INFO: [Physopt 32-702] Processed net design_1_i/not_series_0/inst/connection_30. Optimizations did not improve timing on the net.
INFO: [Physopt 32-702] Processed net design_1_i/not_series_0/inst/connection_29. Optimizations did not improve timing on the net.
INFO: [Physopt 32-702] Processed net design_1_i/not_series_0/inst/connection_28. Optimizations did not improve timing on the net.
INFO: [Physopt 32-702] Processed net design_1_i/not_series_0/inst/connection_27. Optimizations did not improve timing on the net.
INFO: [Physopt 32-702] Processed net design_1_i/not_series_0/inst/connection_26. Optimizations did not improve timing on the net.
INFO: [Physopt 32-702] Processed net design_1_i/not_series_0/inst/connection_25. Optimizations did not improve timing on the net.
INFO: [Physopt 32-702] Processed net design_1_i/not_series_0/inst/connection_24. Optimizations did not improve timing on the net.
INFO: [Physopt 32-702] Processed net design_1_i/not_series_0/inst/connection_23. Optimizations did not improve timing on the net.
INFO: [Physopt 32-702] Processed net design_1_i/not_series_0/inst/connection_22. Optimizations did not improve timing on the net.
INFO: [Physopt 32-702] Processed net design_1_i/not_series_0/inst/connection_21. Optimizations did not improve timing on the net.
INFO: [Physopt 32-702] Processed net design_1_i/not_series_0/inst/connection_20. Optimizations did not improve timing on the net.
INFO: [Physopt 32-702] Processed net design_1_i/not_series_0/inst/connection_19. Optimizations did not improve timing on the net.
INFO: [Physopt 32-702] Processed net design_1_i/not_series_0/inst/connection_18. Optimizations did not improve timing on the net.
INFO: [Physopt 32-702] Processed net design_1_i/not_series_0/inst/connection_17. Optimizations did not improve timing on the net.
INFO: [Physopt 32-702] Processed net design_1_i/not_series_0/inst/connection_16. Optimizations did not improve timing on the net.
INFO: [Physopt 32-702] Processed net design_1_i/not_series_0/inst/connection_15. Optimizations did not improve timing on the net.
INFO: [Physopt 32-702] Processed net design_1_i/not_series_0/inst/connection_14. Optimizations did not improve timing on the net.
INFO: [Physopt 32-702] Processed net design_1_i/not_series_0/inst/connection_13. Optimizations did not improve timing on the net.
INFO: [Physopt 32-702] Processed net design_1_i/not_series_0/inst/connection_12. Optimizations did not improve timing on the net.
INFO: [Physopt 32-702] Processed net design_1_i/not_series_0/inst/connection_11. Optimizations did not improve timing on the net.
INFO: [Physopt 32-702] Processed net design_1_i/not_series_0/inst/connection_10. Optimizations did not improve timing on the net.
INFO: [Physopt 32-702] Processed net design_1_i/not_series_0/inst/connection_9. Optimizations did not improve timing on the net.
INFO: [Physopt 32-702] Processed net design_1_i/not_series_0/inst/connection_8. Optimizations did not improve timing on the net.
INFO: [Physopt 32-702] Processed net design_1_i/not_series_0/inst/connection_7. Optimizations did not improve timing on the net.
INFO: [Physopt 32-702] Processed net design_1_i/not_series_0/inst/connection_6. Optimizations did not improve timing on the net.
INFO: [Physopt 32-702] Processed net design_1_i/not_series_0/inst/connection_5. Optimizations did not improve timing on the net.
INFO: [Physopt 32-702] Processed net design_1_i/not_series_0/inst/connection_4. Optimizations did not improve timing on the net.
INFO: [Physopt 32-702] Processed net design_1_i/not_series_0/inst/connection_3. Optimizations did not improve timing on the net.
INFO: [Physopt 32-702] Processed net design_1_i/not_series_0/inst/connection_2. Optimizations did not improve timing on the net.
INFO: [Physopt 32-702] Processed net design_1_i/not_series_0/inst/connection_1. Optimizations did not improve timing on the net.
INFO: [Physopt 32-702] Processed net design_1_i/not_series_0/inst/connection_49. Optimizations did not improve timing on the net.
INFO: [Physopt 32-702] Processed net design_1_i/modern_sensible_0/inst/ff1. Optimizations did not improve timing on the net.
INFO: [Physopt 32-619] Estimated Timing Summary | WNS=-9.100 | TNS=-18.180 |
Netlist sorting complete. Time (s): cpu = 00:00:00 ; elapsed = 00:00:00 . Memory (MB): peak = 3039.957 ; gain = 0.000 ; free physical = 5061 ; free virtual = 58299
Phase 3 Critical Path Optimization | Checksum: 19eb75a6e

Time (s): cpu = 00:00:08 ; elapsed = 00:00:03 . Memory (MB): peak = 3039.957 ; gain = 0.000 ; free physical = 5061 ; free virtual = 58299

Phase 4 Critical Path Optimization
INFO: [Physopt 32-619] Estimated Timing Summary | WNS=-9.100 | TNS=-18.180 |
INFO: [Physopt 32-702] Processed net design_1_i/not_series_0/inst/critpath. Optimizations did not improve timing on the net.
INFO: [Physopt 32-702] Processed net design_1_i/not_series_0/inst/start. Optimizations did not improve timing on the net.
INFO: [Physopt 32-702] Processed net design_1_i/not_series_0/inst/connection_48. Optimizations did not improve timing on the net.
INFO: [Physopt 32-702] Processed net design_1_i/not_series_0/inst/connection_47. Optimizations did not improve timing on the net.
INFO: [Physopt 32-702] Processed net design_1_i/not_series_0/inst/connection_46. Optimizations did not improve timing on the net.
INFO: [Physopt 32-702] Processed net design_1_i/not_series_0/inst/connection_45. Optimizations did not improve timing on the net.
INFO: [Physopt 32-702] Processed net design_1_i/not_series_0/inst/connection_44. Optimizations did not improve timing on the net.
INFO: [Physopt 32-702] Processed net design_1_i/not_series_0/inst/connection_43. Optimizations did not improve timing on the net.
INFO: [Physopt 32-702] Processed net design_1_i/not_series_0/inst/connection_42. Optimizations did not improve timing on the net.
INFO: [Physopt 32-702] Processed net design_1_i/not_series_0/inst/connection_41. Optimizations did not improve timing on the net.
INFO: [Physopt 32-702] Processed net design_1_i/not_series_0/inst/connection_40. Optimizations did not improve timing on the net.
INFO: [Physopt 32-702] Processed net design_1_i/not_series_0/inst/connection_39. Optimizations did not improve timing on the net.
INFO: [Physopt 32-702] Processed net design_1_i/not_series_0/inst/connection_38. Optimizations did not improve timing on the net.
INFO: [Physopt 32-702] Processed net design_1_i/not_series_0/inst/connection_37. Optimizations did not improve timing on the net.
INFO: [Physopt 32-702] Processed net design_1_i/not_series_0/inst/connection_36. Optimizations did not improve timing on the net.
INFO: [Physopt 32-702] Processed net design_1_i/not_series_0/inst/connection_35. Optimizations did not improve timing on the net.
INFO: [Physopt 32-702] Processed net design_1_i/not_series_0/inst/connection_34. Optimizations did not improve timing on the net.
INFO: [Physopt 32-702] Processed net design_1_i/not_series_0/inst/connection_33. Optimizations did not improve timing on the net.
INFO: [Physopt 32-702] Processed net design_1_i/not_series_0/inst/connection_32. Optimizations did not improve timing on the net.
INFO: [Physopt 32-702] Processed net design_1_i/not_series_0/inst/connection_31. Optimizations did not improve timing on the net.
INFO: [Physopt 32-702] Processed net design_1_i/not_series_0/inst/connection_30. Optimizations did not improve timing on the net.
INFO: [Physopt 32-702] Processed net design_1_i/not_series_0/inst/connection_29. Optimizations did not improve timing on the net.
INFO: [Physopt 32-702] Processed net design_1_i/not_series_0/inst/connection_28. Optimizations did not improve timing on the net.
INFO: [Physopt 32-702] Processed net design_1_i/not_series_0/inst/connection_27. Optimizations did not improve timing on the net.
INFO: [Physopt 32-702] Processed net design_1_i/not_series_0/inst/connection_26. Optimizations did not improve timing on the net.
INFO: [Physopt 32-702] Processed net design_1_i/not_series_0/inst/connection_25. Optimizations did not improve timing on the net.
INFO: [Physopt 32-702] Processed net design_1_i/not_series_0/inst/connection_24. Optimizations did not improve timing on the net.
INFO: [Physopt 32-702] Processed net design_1_i/not_series_0/inst/connection_23. Optimizations did not improve timing on the net.
INFO: [Physopt 32-702] Processed net design_1_i/not_series_0/inst/connection_22. Optimizations did not improve timing on the net.
INFO: [Physopt 32-702] Processed net design_1_i/not_series_0/inst/connection_21. Optimizations did not improve timing on the net.
INFO: [Physopt 32-702] Processed net design_1_i/not_series_0/inst/connection_20. Optimizations did not improve timing on the net.
INFO: [Physopt 32-702] Processed net design_1_i/not_series_0/inst/connection_19. Optimizations did not improve timing on the net.
INFO: [Physopt 32-702] Processed net design_1_i/not_series_0/inst/connection_18. Optimizations did not improve timing on the net.
INFO: [Physopt 32-702] Processed net design_1_i/not_series_0/inst/connection_17. Optimizations did not improve timing on the net.
INFO: [Physopt 32-702] Processed net design_1_i/not_series_0/inst/connection_16. Optimizations did not improve timing on the net.
INFO: [Physopt 32-702] Processed net design_1_i/not_series_0/inst/connection_15. Optimizations did not improve timing on the net.
INFO: [Physopt 32-702] Processed net design_1_i/not_series_0/inst/connection_14. Optimizations did not improve timing on the net.
INFO: [Physopt 32-702] Processed net design_1_i/not_series_0/inst/connection_13. Optimizations did not improve timing on the net.
INFO: [Physopt 32-702] Processed net design_1_i/not_series_0/inst/connection_12. Optimizations did not improve timing on the net.
INFO: [Physopt 32-702] Processed net design_1_i/not_series_0/inst/connection_11. Optimizations did not improve timing on the net.
INFO: [Physopt 32-702] Processed net design_1_i/not_series_0/inst/connection_10. Optimizations did not improve timing on the net.
INFO: [Physopt 32-702] Processed net design_1_i/not_series_0/inst/connection_9. Optimizations did not improve timing on the net.
INFO: [Physopt 32-702] Processed net design_1_i/not_series_0/inst/connection_8. Optimizations did not improve timing on the net.
INFO: [Physopt 32-702] Processed net design_1_i/not_series_0/inst/connection_7. Optimizations did not improve timing on the net.
INFO: [Physopt 32-702] Processed net design_1_i/not_series_0/inst/connection_6. Optimizations did not improve timing on the net.
INFO: [Physopt 32-702] Processed net design_1_i/not_series_0/inst/connection_5. Optimizations did not improve timing on the net.
INFO: [Physopt 32-702] Processed net design_1_i/not_series_0/inst/connection_4. Optimizations did not improve timing on the net.
INFO: [Physopt 32-702] Processed net design_1_i/not_series_0/inst/connection_3. Optimizations did not improve timing on the net.
INFO: [Physopt 32-702] Processed net design_1_i/not_series_0/inst/connection_2. Optimizations did not improve timing on the net.
INFO: [Physopt 32-702] Processed net design_1_i/not_series_0/inst/connection_1. Optimizations did not improve timing on the net.
INFO: [Physopt 32-702] Processed net design_1_i/not_series_0/inst/connection_49. Optimizations did not improve timing on the net.
INFO: [Physopt 32-702] Processed net design_1_i/modern_sensible_0/inst/ff1. Optimizations did not improve timing on the net.
INFO: [Physopt 32-702] Processed net design_1_i/not_series_0/inst/critpath. Optimizations did not improve timing on the net.
INFO: [Physopt 32-702] Processed net design_1_i/not_series_0/inst/start. Optimizations did not improve timing on the net.
INFO: [Physopt 32-702] Processed net design_1_i/not_series_0/inst/connection_48. Optimizations did not improve timing on the net.
INFO: [Physopt 32-702] Processed net design_1_i/not_series_0/inst/connection_47. Optimizations did not improve timing on the net.
INFO: [Physopt 32-702] Processed net design_1_i/not_series_0/inst/connection_46. Optimizations did not improve timing on the net.
INFO: [Physopt 32-702] Processed net design_1_i/not_series_0/inst/connection_45. Optimizations did not improve timing on the net.
INFO: [Physopt 32-702] Processed net design_1_i/not_series_0/inst/connection_44. Optimizations did not improve timing on the net.
INFO: [Physopt 32-702] Processed net design_1_i/not_series_0/inst/connection_43. Optimizations did not improve timing on the net.
INFO: [Physopt 32-702] Processed net design_1_i/not_series_0/inst/connection_42. Optimizations did not improve timing on the net.
INFO: [Physopt 32-702] Processed net design_1_i/not_series_0/inst/connection_41. Optimizations did not improve timing on the net.
INFO: [Physopt 32-702] Processed net design_1_i/not_series_0/inst/connection_40. Optimizations did not improve timing on the net.
INFO: [Physopt 32-702] Processed net design_1_i/not_series_0/inst/connection_39. Optimizations did not improve timing on the net.
INFO: [Physopt 32-702] Processed net design_1_i/not_series_0/inst/connection_38. Optimizations did not improve timing on the net.
INFO: [Physopt 32-702] Processed net design_1_i/not_series_0/inst/connection_37. Optimizations did not improve timing on the net.
INFO: [Physopt 32-702] Processed net design_1_i/not_series_0/inst/connection_36. Optimizations did not improve timing on the net.
INFO: [Physopt 32-702] Processed net design_1_i/not_series_0/inst/connection_35. Optimizations did not improve timing on the net.
INFO: [Physopt 32-702] Processed net design_1_i/not_series_0/inst/connection_34. Optimizations did not improve timing on the net.
INFO: [Physopt 32-702] Processed net design_1_i/not_series_0/inst/connection_33. Optimizations did not improve timing on the net.
INFO: [Physopt 32-702] Processed net design_1_i/not_series_0/inst/connection_32. Optimizations did not improve timing on the net.
INFO: [Physopt 32-702] Processed net design_1_i/not_series_0/inst/connection_31. Optimizations did not improve timing on the net.
INFO: [Physopt 32-702] Processed net design_1_i/not_series_0/inst/connection_30. Optimizations did not improve timing on the net.
INFO: [Physopt 32-702] Processed net design_1_i/not_series_0/inst/connection_29. Optimizations did not improve timing on the net.
INFO: [Physopt 32-702] Processed net design_1_i/not_series_0/inst/connection_28. Optimizations did not improve timing on the net.
INFO: [Physopt 32-702] Processed net design_1_i/not_series_0/inst/connection_27. Optimizations did not improve timing on the net.
INFO: [Physopt 32-702] Processed net design_1_i/not_series_0/inst/connection_26. Optimizations did not improve timing on the net.
INFO: [Physopt 32-702] Processed net design_1_i/not_series_0/inst/connection_25. Optimizations did not improve timing on the net.
INFO: [Physopt 32-702] Processed net design_1_i/not_series_0/inst/connection_24. Optimizations did not improve timing on the net.
INFO: [Physopt 32-702] Processed net design_1_i/not_series_0/inst/connection_23. Optimizations did not improve timing on the net.
INFO: [Physopt 32-702] Processed net design_1_i/not_series_0/inst/connection_22. Optimizations did not improve timing on the net.
INFO: [Physopt 32-702] Processed net design_1_i/not_series_0/inst/connection_21. Optimizations did not improve timing on the net.
INFO: [Physopt 32-702] Processed net design_1_i/not_series_0/inst/connection_20. Optimizations did not improve timing on the net.
INFO: [Physopt 32-702] Processed net design_1_i/not_series_0/inst/connection_19. Optimizations did not improve timing on the net.
INFO: [Physopt 32-702] Processed net design_1_i/not_series_0/inst/connection_18. Optimizations did not improve timing on the net.
INFO: [Physopt 32-702] Processed net design_1_i/not_series_0/inst/connection_17. Optimizations did not improve timing on the net.
INFO: [Physopt 32-702] Processed net design_1_i/not_series_0/inst/connection_16. Optimizations did not improve timing on the net.
INFO: [Physopt 32-702] Processed net design_1_i/not_series_0/inst/connection_15. Optimizations did not improve timing on the net.
INFO: [Physopt 32-702] Processed net design_1_i/not_series_0/inst/connection_14. Optimizations did not improve timing on the net.
INFO: [Physopt 32-702] Processed net design_1_i/not_series_0/inst/connection_13. Optimizations did not improve timing on the net.
INFO: [Physopt 32-702] Processed net design_1_i/not_series_0/inst/connection_12. Optimizations did not improve timing on the net.
INFO: [Physopt 32-702] Processed net design_1_i/not_series_0/inst/connection_11. Optimizations did not improve timing on the net.
INFO: [Physopt 32-702] Processed net design_1_i/not_series_0/inst/connection_10. Optimizations did not improve timing on the net.
INFO: [Physopt 32-702] Processed net design_1_i/not_series_0/inst/connection_9. Optimizations did not improve timing on the net.
INFO: [Physopt 32-702] Processed net design_1_i/not_series_0/inst/connection_8. Optimizations did not improve timing on the net.
INFO: [Physopt 32-702] Processed net design_1_i/not_series_0/inst/connection_7. Optimizations did not improve timing on the net.
INFO: [Physopt 32-702] Processed net design_1_i/not_series_0/inst/connection_6. Optimizations did not improve timing on the net.
INFO: [Physopt 32-702] Processed net design_1_i/not_series_0/inst/connection_5. Optimizations did not improve timing on the net.
INFO: [Physopt 32-702] Processed net design_1_i/not_series_0/inst/connection_4. Optimizations did not improve timing on the net.
INFO: [Physopt 32-702] Processed net design_1_i/not_series_0/inst/connection_3. Optimizations did not improve timing on the net.
INFO: [Physopt 32-702] Processed net design_1_i/not_series_0/inst/connection_2. Optimizations did not improve timing on the net.
INFO: [Physopt 32-702] Processed net design_1_i/not_series_0/inst/connection_1. Optimizations did not improve timing on the net.
INFO: [Physopt 32-702] Processed net design_1_i/not_series_0/inst/connection_49. Optimizations did not improve timing on the net.
INFO: [Physopt 32-702] Processed net design_1_i/modern_sensible_0/inst/ff1. Optimizations did not improve timing on the net.
INFO: [Physopt 32-619] Estimated Timing Summary | WNS=-9.100 | TNS=-18.180 |
Netlist sorting complete. Time (s): cpu = 00:00:00 ; elapsed = 00:00:00 . Memory (MB): peak = 3039.957 ; gain = 0.000 ; free physical = 5071 ; free virtual = 58310
Phase 4 Critical Path Optimization | Checksum: 19eb75a6e

Time (s): cpu = 00:00:15 ; elapsed = 00:00:06 . Memory (MB): peak = 3039.957 ; gain = 0.000 ; free physical = 5071 ; free virtual = 58310
Netlist sorting complete. Time (s): cpu = 00:00:00 ; elapsed = 00:00:00 . Memory (MB): peak = 3039.957 ; gain = 0.000 ; free physical = 5071 ; free virtual = 58310
INFO: [Physopt 32-603] Post Physical Optimization Timing Summary | WNS=-9.100 | TNS=-18.180 |

Summary of Physical Synthesis Optimizations
============================================


-------------------------------------------------------------------------------------------------------------------------------------------------------------
|  Optimization   |  WNS Gain (ns)  |  TNS Gain (ns)  |  Added Cells  |  Removed Cells  |  Optimized Cells/Nets  |  Dont Touch  |  Iterations  |  Elapsed   |
-------------------------------------------------------------------------------------------------------------------------------------------------------------
|  DSP Register   |          0.000  |          0.000  |            0  |              0  |                     0  |           0  |           1  |  00:00:00  |
|  Critical Path  |          0.109  |         -0.009  |            0  |              0  |                     1  |           0  |           2  |  00:00:06  |
|  Total          |          0.109  |         -0.009  |            0  |              0  |                     1  |           0  |           3  |  00:00:06  |
-------------------------------------------------------------------------------------------------------------------------------------------------------------


Netlist sorting complete. Time (s): cpu = 00:00:00 ; elapsed = 00:00:00 . Memory (MB): peak = 3039.957 ; gain = 0.000 ; free physical = 5071 ; free virtual = 58310
Ending Physical Synthesis Task | Checksum: 1a38d4f1d

Time (s): cpu = 00:00:15 ; elapsed = 00:00:06 . Memory (MB): peak = 3039.957 ; gain = 0.000 ; free physical = 5071 ; free virtual = 58310
INFO: [Common 17-83] Releasing license: Implementation
310 Infos, 16 Warnings, 13 Critical Warnings and 0 Errors encountered.
phys_opt_design completed successfully
phys_opt_design: Time (s): cpu = 00:00:15 ; elapsed = 00:00:06 . Memory (MB): peak = 3039.957 ; gain = 0.000 ; free physical = 5071 ; free virtual = 58310
WARNING: [Designutils 20-600] Both RLOC and LOC Inst Constraints in physical block ROOT. RLOCs ignored.
WARNING: [Designutils 20-600] Both RLOC and LOC Inst Constraints in physical block ROOT. RLOCs ignored.
INFO: [Timing 38-480] Writing timing data to binary archive.
Wrote PlaceDB: Time (s): cpu = 00:00:00 ; elapsed = 00:00:00 . Memory (MB): peak = 3039.957 ; gain = 0.000 ; free physical = 5071 ; free virtual = 58309
Wrote PulsedLatchDB: Time (s): cpu = 00:00:00 ; elapsed = 00:00:00 . Memory (MB): peak = 3039.957 ; gain = 0.000 ; free physical = 5071 ; free virtual = 58309
Writing XDEF routing.
Write ShapeDB Complete: Time (s): cpu = 00:00:00.01 ; elapsed = 00:00:00 . Memory (MB): peak = 3039.957 ; gain = 0.000 ; free physical = 5071 ; free virtual = 58309
Writing XDEF routing logical nets.
Writing XDEF routing special nets.
Wrote RouteStorage: Time (s): cpu = 00:00:00.04 ; elapsed = 00:00:00.02 . Memory (MB): peak = 3039.957 ; gain = 0.000 ; free physical = 5071 ; free virtual = 58309
Wrote PlaceStorage: Time (s): cpu = 00:00:00.05 ; elapsed = 00:00:00.01 . Memory (MB): peak = 3039.957 ; gain = 0.000 ; free physical = 5071 ; free virtual = 58309
Wrote Netlist Cache: Time (s): cpu = 00:00:00 ; elapsed = 00:00:00.01 . Memory (MB): peak = 3039.957 ; gain = 0.000 ; free physical = 5071 ; free virtual = 58309
Wrote Device Cache: Time (s): cpu = 00:00:00.01 ; elapsed = 00:00:00 . Memory (MB): peak = 3039.957 ; gain = 0.000 ; free physical = 5071 ; free virtual = 58309
Write Physdb Complete: Time (s): cpu = 00:00:00.1 ; elapsed = 00:00:00.04 . Memory (MB): peak = 3039.957 ; gain = 0.000 ; free physical = 5071 ; free virtual = 58310
INFO: [Common 17-1381] The checkpoint '/home/dan-alencar/Documents/GitHub/IC-Aging-Environment/vivado/aging_study_nexys4ddr/build/aging_study_nexys4ddr/aging_study_nexys4ddr.runs/impl_1/design_1_wrapper_physopt.dcp' has been generated.
Command: route_design
Attempting to get a license for feature 'Implementation' and/or device 'xc7a100t'
INFO: [Common 17-349] Got license for feature 'Implementation' and/or device 'xc7a100t'


Starting Routing Task
INFO: [Route 35-254] Multithreading enabled for route_design using a maximum of 8 CPUs

Phase 1 Build RT Design
Checksum: PlaceDB: 520eb4c ConstDB: 0 ShapeSum: 7f373dd9 RouteDB: b1d25f96
Post Restoration Checksum: NetGraph: 8ca2bece | NumContArr: 5be59f9e | Constraints: c2a8fa9d | Timing: c2a8fa9d
Phase 1 Build RT Design | Checksum: 26dda53a6

Time (s): cpu = 00:00:27 ; elapsed = 00:00:24 . Memory (MB): peak = 3039.957 ; gain = 0.000 ; free physical = 5150 ; free virtual = 58389

Phase 2 Router Initialization

Phase 2.1 Fix Topology Constraints
Phase 2.1 Fix Topology Constraints | Checksum: 26dda53a6

Time (s): cpu = 00:00:27 ; elapsed = 00:00:24 . Memory (MB): peak = 3039.957 ; gain = 0.000 ; free physical = 5150 ; free virtual = 58389

Phase 2.2 Pre Route Cleanup
Phase 2.2 Pre Route Cleanup | Checksum: 26dda53a6

Time (s): cpu = 00:00:27 ; elapsed = 00:00:24 . Memory (MB): peak = 3039.957 ; gain = 0.000 ; free physical = 5150 ; free virtual = 58389
 Number of Nodes with overlaps = 0

Phase 2.3 Update Timing
Phase 2.3 Update Timing | Checksum: 2865fdcdc

Time (s): cpu = 00:00:28 ; elapsed = 00:00:25 . Memory (MB): peak = 3039.957 ; gain = 0.000 ; free physical = 5151 ; free virtual = 58390
INFO: [Route 35-416] Intermediate Timing Summary | WNS=-9.174 | TNS=-18.227| WHS=-0.094 | THS=-1.110 |


Phase 2.4 Soft Constraint Pins - Fast Budgeting
Phase 2.4 Soft Constraint Pins - Fast Budgeting | Checksum: 26cf1c0e6

Time (s): cpu = 00:00:28 ; elapsed = 00:00:25 . Memory (MB): peak = 3039.957 ; gain = 0.000 ; free physical = 5151 ; free virtual = 58390

Router Utilization Summary
  Global Vertical Routing Utilization    = 0.0114462 %
  Global Horizontal Routing Utilization  = 0.00504405 %
  Routable Net Status*
  *Does not include unroutable nets such as driverless and loadless.
  Run report_route_status for detailed report.
  Number of Failed Nets               = 482
    (Failed Nets is the sum of unrouted and partially routed nets)
  Number of Unrouted Nets             = 478
  Number of Partially Routed Nets     = 4
  Number of Node Overlaps             = 4

Phase 2 Router Initialization | Checksum: 30252e9c5

Time (s): cpu = 00:00:29 ; elapsed = 00:00:25 . Memory (MB): peak = 3039.957 ; gain = 0.000 ; free physical = 5151 ; free virtual = 58390

Phase 3 Global Routing
Phase 3 Global Routing | Checksum: 30252e9c5

Time (s): cpu = 00:00:29 ; elapsed = 00:00:25 . Memory (MB): peak = 3039.957 ; gain = 0.000 ; free physical = 5151 ; free virtual = 58390

Phase 4 Initial Routing

Phase 4.1 Initial Net Routing Pass
Phase 4.1 Initial Net Routing Pass | Checksum: 2513872e4

Time (s): cpu = 00:00:29 ; elapsed = 00:00:25 . Memory (MB): peak = 3039.957 ; gain = 0.000 ; free physical = 5151 ; free virtual = 58389
Phase 4 Initial Routing | Checksum: 2513872e4

Time (s): cpu = 00:00:29 ; elapsed = 00:00:25 . Memory (MB): peak = 3039.957 ; gain = 0.000 ; free physical = 5151 ; free virtual = 58389

Phase 5 Rip-up And Reroute

Phase 5.1 Global Iteration 0
 Number of Nodes with overlaps = 28
 Number of Nodes with overlaps = 0
INFO: [Route 35-416] Intermediate Timing Summary | WNS=-9.066 | TNS=-18.009| WHS=N/A    | THS=N/A    |

Phase 5.1 Global Iteration 0 | Checksum: 3139516ca

Time (s): cpu = 00:00:29 ; elapsed = 00:00:25 . Memory (MB): peak = 3039.957 ; gain = 0.000 ; free physical = 5151 ; free virtual = 58389

Phase 5.2 Global Iteration 1
 Number of Nodes with overlaps = 0
INFO: [Route 35-416] Intermediate Timing Summary | WNS=-9.064 | TNS=-18.007| WHS=N/A    | THS=N/A    |

Phase 5.2 Global Iteration 1 | Checksum: 2392cc80d

Time (s): cpu = 00:00:29 ; elapsed = 00:00:25 . Memory (MB): peak = 3039.957 ; gain = 0.000 ; free physical = 5151 ; free virtual = 58389
Phase 5 Rip-up And Reroute | Checksum: 2392cc80d

Time (s): cpu = 00:00:29 ; elapsed = 00:00:25 . Memory (MB): peak = 3039.957 ; gain = 0.000 ; free physical = 5151 ; free virtual = 58389

Phase 6 Delay and Skew Optimization

Phase 6.1 Delay CleanUp

Phase 6.1.1 Update Timing
Phase 6.1.1 Update Timing | Checksum: 19d6404e5

Time (s): cpu = 00:00:29 ; elapsed = 00:00:25 . Memory (MB): peak = 3039.957 ; gain = 0.000 ; free physical = 5151 ; free virtual = 58389
INFO: [Route 35-416] Intermediate Timing Summary | WNS=-8.969 | TNS=-17.912| WHS=N/A    | THS=N/A    |

 Number of Nodes with overlaps = 0
Phase 6.1 Delay CleanUp | Checksum: 1d484dbfb

Time (s): cpu = 00:00:29 ; elapsed = 00:00:25 . Memory (MB): peak = 3039.957 ; gain = 0.000 ; free physical = 5151 ; free virtual = 58389

Phase 6.2 Clock Skew Optimization
Phase 6.2 Clock Skew Optimization | Checksum: 1d484dbfb

Time (s): cpu = 00:00:29 ; elapsed = 00:00:25 . Memory (MB): peak = 3039.957 ; gain = 0.000 ; free physical = 5151 ; free virtual = 58389
Phase 6 Delay and Skew Optimization | Checksum: 1d484dbfb

Time (s): cpu = 00:00:29 ; elapsed = 00:00:25 . Memory (MB): peak = 3039.957 ; gain = 0.000 ; free physical = 5151 ; free virtual = 58389

Phase 7 Post Hold Fix

Phase 7.1 Hold Fix Iter
INFO: [Route 35-416] Intermediate Timing Summary | WNS=-8.969 | TNS=-17.912| WHS=0.214  | THS=0.000  |

Phase 7.1 Hold Fix Iter | Checksum: 22b19f044

Time (s): cpu = 00:00:29 ; elapsed = 00:00:25 . Memory (MB): peak = 3039.957 ; gain = 0.000 ; free physical = 5151 ; free virtual = 58389
Phase 7 Post Hold Fix | Checksum: 22b19f044

Time (s): cpu = 00:00:29 ; elapsed = 00:00:25 . Memory (MB): peak = 3039.957 ; gain = 0.000 ; free physical = 5151 ; free virtual = 58389

Phase 8 Route finalize

Router Utilization Summary
  Global Vertical Routing Utilization    = 0.0911781 %
  Global Horizontal Routing Utilization  = 0.0824098 %
  Routable Net Status*
  *Does not include unroutable nets such as driverless and loadless.
  Run report_route_status for detailed report.
  Number of Failed Nets               = 0
    (Failed Nets is the sum of unrouted and partially routed nets)
  Number of Unrouted Nets             = 0
  Number of Partially Routed Nets     = 0
  Number of Node Overlaps             = 0


--GLOBAL Congestion:
Utilization threshold used for congestion level computation: 0.85
Congestion Report
North Dir 1x1 Area, Max Cong = 36.036%, No Congested Regions.
South Dir 1x1 Area, Max Cong = 19.8198%, No Congested Regions.
East Dir 1x1 Area, Max Cong = 35.2941%, No Congested Regions.
West Dir 1x1 Area, Max Cong = 35.2941%, No Congested Regions.

------------------------------
Reporting congestion hotspots
------------------------------
Direction: North
----------------
Congested clusters found at Level 0
Effective congestion level: 0 Aspect Ratio: 1 Sparse Ratio: 0
Direction: South
----------------
Congested clusters found at Level 0
Effective congestion level: 0 Aspect Ratio: 1 Sparse Ratio: 0
Direction: East
----------------
Congested clusters found at Level 0
Effective congestion level: 0 Aspect Ratio: 1 Sparse Ratio: 0
Direction: West
----------------
Congested clusters found at Level 0
Effective congestion level: 0 Aspect Ratio: 1 Sparse Ratio: 0

Phase 8 Route finalize | Checksum: 22b19f044

Time (s): cpu = 00:00:29 ; elapsed = 00:00:25 . Memory (MB): peak = 3039.957 ; gain = 0.000 ; free physical = 5151 ; free virtual = 58389

Phase 9 Verifying routed nets

 Verification completed successfully
Phase 9 Verifying routed nets | Checksum: 22b19f044

Time (s): cpu = 00:00:29 ; elapsed = 00:00:25 . Memory (MB): peak = 3039.957 ; gain = 0.000 ; free physical = 5151 ; free virtual = 58389

Phase 10 Depositing Routes
Phase 10 Depositing Routes | Checksum: 2170580b7

Time (s): cpu = 00:00:29 ; elapsed = 00:00:25 . Memory (MB): peak = 3039.957 ; gain = 0.000 ; free physical = 5151 ; free virtual = 58389

Phase 11 Post Process Routing
Phase 11 Post Process Routing | Checksum: 2170580b7

Time (s): cpu = 00:00:29 ; elapsed = 00:00:25 . Memory (MB): peak = 3039.957 ; gain = 0.000 ; free physical = 5151 ; free virtual = 58389

Phase 12 Post Router Timing
INFO: [Route 35-57] Estimated Timing Summary | WNS=-8.969 | TNS=-17.912| WHS=0.214  | THS=0.000  |

WARNING: [Route 35-328] Router estimated timing not met.
Resolution: For a complete and accurate timing signoff, report_timing_summary must be run after route_design. Alternatively, route_design can be run with the -timing_summary option to enable a complete timing signoff at the end of route_design.
Phase 12 Post Router Timing | Checksum: 2170580b7

Time (s): cpu = 00:00:29 ; elapsed = 00:00:25 . Memory (MB): peak = 3039.957 ; gain = 0.000 ; free physical = 5151 ; free virtual = 58389
Total Elapsed time in route_design: 24.98 secs

Phase 13 Post-Route Event Processing
Phase 13 Post-Route Event Processing | Checksum: 1aee37630

Time (s): cpu = 00:00:29 ; elapsed = 00:00:25 . Memory (MB): peak = 3039.957 ; gain = 0.000 ; free physical = 5151 ; free virtual = 58389
INFO: [Route 35-16] Router Completed Successfully
Ending Routing Task | Checksum: 1aee37630

Time (s): cpu = 00:00:29 ; elapsed = 00:00:25 . Memory (MB): peak = 3039.957 ; gain = 0.000 ; free physical = 5151 ; free virtual = 58389

Routing Is Done.
INFO: [Common 17-83] Releasing license: Implementation
322 Infos, 19 Warnings, 13 Critical Warnings and 0 Errors encountered.
route_design completed successfully
route_design: Time (s): cpu = 00:00:29 ; elapsed = 00:00:25 . Memory (MB): peak = 3039.957 ; gain = 0.000 ; free physical = 5151 ; free virtual = 58389
INFO: [Vivado 12-24828] Executing command : report_drc -file design_1_wrapper_drc_routed.rpt -pb design_1_wrapper_drc_routed.pb -rpx design_1_wrapper_drc_routed.rpx
Command: report_drc -file design_1_wrapper_drc_routed.rpt -pb design_1_wrapper_drc_routed.pb -rpx design_1_wrapper_drc_routed.rpx
INFO: [IP_Flow 19-1839] IP Catalog is up to date.
INFO: [DRC 23-27] Running DRC with 8 threads
INFO: [Vivado_Tcl 2-168] The results of DRC are in file /home/dan-alencar/Documents/GitHub/IC-Aging-Environment/vivado/aging_study_nexys4ddr/build/aging_study_nexys4ddr/aging_study_nexys4ddr.runs/impl_1/design_1_wrapper_drc_routed.rpt.
report_drc completed successfully
INFO: [Vivado 12-24828] Executing command : report_methodology -file design_1_wrapper_methodology_drc_routed.rpt -pb design_1_wrapper_methodology_drc_routed.pb -rpx design_1_wrapper_methodology_drc_routed.rpx
Command: report_methodology -file design_1_wrapper_methodology_drc_routed.rpt -pb design_1_wrapper_methodology_drc_routed.pb -rpx design_1_wrapper_methodology_drc_routed.rpx
INFO: [Timing 38-35] Done setting XDC timing constraints.
INFO: [DRC 23-133] Running Methodology with 8 threads
INFO: [Vivado_Tcl 2-1520] The results of Report Methodology are in file /home/dan-alencar/Documents/GitHub/IC-Aging-Environment/vivado/aging_study_nexys4ddr/build/aging_study_nexys4ddr/aging_study_nexys4ddr.runs/impl_1/design_1_wrapper_methodology_drc_routed.rpt.
report_methodology completed successfully
INFO: [Vivado 12-24828] Executing command : report_timing_summary -max_paths 10 -routable_nets -report_unconstrained -file design_1_wrapper_timing_summary_routed.rpt -pb design_1_wrapper_timing_summary_routed.pb -rpx design_1_wrapper_timing_summary_routed.rpx -warn_on_violation 
INFO: [Timing 38-35] Done setting XDC timing constraints.
INFO: [Timing 38-91] UpdateTimingParams: Speed grade: -1, Delay Type: min_max.
INFO: [Timing 38-191] Multithreading enabled for timing update using a maximum of 8 CPUs
CRITICAL WARNING: [Timing 38-282] The design failed to meet the timing requirements. Please see the timing summary report for details on the timing violations.
INFO: [Vivado 12-24838] Running report commands "report_bus_skew, report_incremental_reuse, report_route_status" in parallel.
Running report generation with 3 threads.
INFO: [Vivado 12-24828] Executing command : report_incremental_reuse -file design_1_wrapper_incremental_reuse_routed.rpt
INFO: [Vivado_Tcl 4-1062] Incremental flow is disabled. No incremental reuse Info to report.
INFO: [Vivado 12-24828] Executing command : report_route_status -file design_1_wrapper_route_status.rpt -pb design_1_wrapper_route_status.pb
INFO: [Vivado 12-24828] Executing command : report_bus_skew -warn_on_violation -file design_1_wrapper_bus_skew_routed.rpt -pb design_1_wrapper_bus_skew_routed.pb -rpx design_1_wrapper_bus_skew_routed.rpx
INFO: [Timing 38-91] UpdateTimingParams: Speed grade: -1, Delay Type: min_max.
INFO: [Timing 38-191] Multithreading enabled for timing update using a maximum of 8 CPUs
INFO: [Vivado 12-24828] Executing command : report_power -file design_1_wrapper_power_routed.rpt -pb design_1_wrapper_power_summary_routed.pb -rpx design_1_wrapper_power_routed.rpx
Command: report_power -file design_1_wrapper_power_routed.rpt -pb design_1_wrapper_power_summary_routed.pb -rpx design_1_wrapper_power_routed.rpx
Running Vector-less Activity Propagation...

Finished Running Vector-less Activity Propagation
342 Infos, 19 Warnings, 14 Critical Warnings and 0 Errors encountered.
report_power completed successfully
INFO: [Vivado 12-24828] Executing command : report_clock_utilization -file design_1_wrapper_clock_utilization_routed.rpt
WARNING: [Designutils 20-600] Both RLOC and LOC Inst Constraints in physical block ROOT. RLOCs ignored.
WARNING: [Designutils 20-600] Both RLOC and LOC Inst Constraints in physical block ROOT. RLOCs ignored.
INFO: [Timing 38-480] Writing timing data to binary archive.
Wrote PlaceDB: Time (s): cpu = 00:00:00 ; elapsed = 00:00:00 . Memory (MB): peak = 3039.957 ; gain = 0.000 ; free physical = 5081 ; free virtual = 58322
Wrote PulsedLatchDB: Time (s): cpu = 00:00:00 ; elapsed = 00:00:00 . Memory (MB): peak = 3039.957 ; gain = 0.000 ; free physical = 5081 ; free virtual = 58322
Writing XDEF routing.
Write ShapeDB Complete: Time (s): cpu = 00:00:00 ; elapsed = 00:00:00 . Memory (MB): peak = 3039.957 ; gain = 0.000 ; free physical = 5081 ; free virtual = 58322
Writing XDEF routing logical nets.
Writing XDEF routing special nets.
Wrote RouteStorage: Time (s): cpu = 00:00:00.06 ; elapsed = 00:00:00.02 . Memory (MB): peak = 3039.957 ; gain = 0.000 ; free physical = 5081 ; free virtual = 58322
Wrote PlaceStorage: Time (s): cpu = 00:00:00.03 ; elapsed = 00:00:00.01 . Memory (MB): peak = 3039.957 ; gain = 0.000 ; free physical = 5080 ; free virtual = 58322
Wrote Netlist Cache: Time (s): cpu = 00:00:00 ; elapsed = 00:00:00.01 . Memory (MB): peak = 3039.957 ; gain = 0.000 ; free physical = 5080 ; free virtual = 58322
Wrote Device Cache: Time (s): cpu = 00:00:00.01 ; elapsed = 00:00:00 . Memory (MB): peak = 3039.957 ; gain = 0.000 ; free physical = 5080 ; free virtual = 58322
Write Physdb Complete: Time (s): cpu = 00:00:00.11 ; elapsed = 00:00:00.04 . Memory (MB): peak = 3039.957 ; gain = 0.000 ; free physical = 5080 ; free virtual = 58322
INFO: [Common 17-1381] The checkpoint '/home/dan-alencar/Documents/GitHub/IC-Aging-Environment/vivado/aging_study_nexys4ddr/build/aging_study_nexys4ddr/aging_study_nexys4ddr.runs/impl_1/design_1_wrapper_routed.dcp' has been generated.
Command: write_bitstream -force design_1_wrapper.bit
Attempting to get a license for feature 'Implementation' and/or device 'xc7a100t'
INFO: [Common 17-349] Got license for feature 'Implementation' and/or device 'xc7a100t'
Running DRC as a precondition to command write_bitstream
INFO: [IP_Flow 19-1839] IP Catalog is up to date.
INFO: [DRC 23-27] Running DRC with 8 threads
INFO: [Vivado 12-3199] DRC finished with 0 Errors
INFO: [Vivado 12-3200] Please refer to the DRC report (report_drc) for more information.
Integrating Hard IP ELF/MEM with the PDI.
INFO: [Designutils 20-2272] Running write_bitstream with 8 threads.
Loading data files...
Loading site data...
Loading route data...
Processing options...
Creating bitmap...
Creating bitstream...
Bitstream compression saved 25368352 bits.
Writing bitstream ./design_1_wrapper.bit...
INFO: [Vivado 12-1842] Bitgen Completed Successfully.
INFO: [Common 17-83] Releasing license: Implementation
353 Infos, 21 Warnings, 14 Critical Warnings and 0 Errors encountered.
write_bitstream completed successfully
write_bitstream: Time (s): cpu = 00:00:11 ; elapsed = 00:00:26 . Memory (MB): peak = 3124.727 ; gain = 84.770 ; free physical = 4876 ; free virtual = 58120
INFO: [Common 17-206] Exiting Vivado at Wed May 13 12:51:45 2026...
