14:37:42 **** Build of configuration Debug for project Probe_tests ****
make -j8 all 
arm-none-eabi-gcc "../Drivers/STM32F3xx_HAL_Driver/Src/stm32f3xx_hal.c" -mcpu=cortex-m4 -std=gnu11 -g3 -DDEBUG -DUSE_HAL_DRIVER -DSTM32F303xE -c -I../Core/Inc -I../Drivers/STM32F3xx_HAL_Driver/Inc -I../Drivers/STM32F3xx_HAL_Driver/Inc/Legacy -I../Drivers/CMSIS/Device/ST/STM32F3xx/Include -I../Drivers/CMSIS/Include -O0 -ffunction-sections -fdata-sections -Wall -fstack-usage -fcyclomatic-complexity -MMD -MP -MF"Drivers/STM32F3xx_HAL_Driver/Src/stm32f3xx_hal.d" -MT"Drivers/STM32F3xx_HAL_Driver/Src/stm32f3xx_hal.o" --specs=nano.specs -mfpu=fpv4-sp-d16 -mfloat-abi=hard -mthumb -o "Drivers/STM32F3xx_HAL_Driver/Src/stm32f3xx_hal.o"
arm-none-eabi-gcc "../Drivers/STM32F3xx_HAL_Driver/Src/stm32f3xx_hal_cortex.c" -mcpu=cortex-m4 -std=gnu11 -g3 -DDEBUG -DUSE_HAL_DRIVER -DSTM32F303xE -c -I../Core/Inc -I../Drivers/STM32F3xx_HAL_Driver/Inc -I../Drivers/STM32F3xx_HAL_Driver/Inc/Legacy -I../Drivers/CMSIS/Device/ST/STM32F3xx/Include -I../Drivers/CMSIS/Include -O0 -ffunction-sections -fdata-sections -Wall -fstack-usage -fcyclomatic-complexity -MMD -MP -MF"Drivers/STM32F3xx_HAL_Driver/Src/stm32f3xx_hal_cortex.d" -MT"Drivers/STM32F3xx_HAL_Driver/Src/stm32f3xx_hal_cortex.o" --specs=nano.specs -mfpu=fpv4-sp-d16 -mfloat-abi=hard -mthumb -o "Drivers/STM32F3xx_HAL_Driver/Src/stm32f3xx_hal_cortex.o"
arm-none-eabi-gcc "../Drivers/STM32F3xx_HAL_Driver/Src/stm32f3xx_hal_dma.c" -mcpu=cortex-m4 -std=gnu11 -g3 -DDEBUG -DUSE_HAL_DRIVER -DSTM32F303xE -c -I../Core/Inc -I../Drivers/STM32F3xx_HAL_Driver/Inc -I../Drivers/STM32F3xx_HAL_Driver/Inc/Legacy -I../Drivers/CMSIS/Device/ST/STM32F3xx/Include -I../Drivers/CMSIS/Include -O0 -ffunction-sections -fdata-sections -Wall -fstack-usage -fcyclomatic-complexity -MMD -MP -MF"Drivers/STM32F3xx_HAL_Driver/Src/stm32f3xx_hal_dma.d" -MT"Drivers/STM32F3xx_HAL_Driver/Src/stm32f3xx_hal_dma.o" --specs=nano.specs -mfpu=fpv4-sp-d16 -mfloat-abi=hard -mthumb -o "Drivers/STM32F3xx_HAL_Driver/Src/stm32f3xx_hal_dma.o"
arm-none-eabi-gcc "../Drivers/STM32F3xx_HAL_Driver/Src/stm32f3xx_hal_exti.c" -mcpu=cortex-m4 -std=gnu11 -g3 -DDEBUG -DUSE_HAL_DRIVER -DSTM32F303xE -c -I../Core/Inc -I../Drivers/STM32F3xx_HAL_Driver/Inc -I../Drivers/STM32F3xx_HAL_Driver/Inc/Legacy -I../Drivers/CMSIS/Device/ST/STM32F3xx/Include -I../Drivers/CMSIS/Include -O0 -ffunction-sections -fdata-sections -Wall -fstack-usage -fcyclomatic-complexity -MMD -MP -MF"Drivers/STM32F3xx_HAL_Driver/Src/stm32f3xx_hal_exti.d" -MT"Drivers/STM32F3xx_HAL_Driver/Src/stm32f3xx_hal_exti.o" --specs=nano.specs -mfpu=fpv4-sp-d16 -mfloat-abi=hard -mthumb -o "Drivers/STM32F3xx_HAL_Driver/Src/stm32f3xx_hal_exti.o"
arm-none-eabi-gcc "../Drivers/STM32F3xx_HAL_Driver/Src/stm32f3xx_hal_flash.c" -mcpu=cortex-m4 -std=gnu11 -g3 -DDEBUG -DUSE_HAL_DRIVER -DSTM32F303xE -c -I../Core/Inc -I../Drivers/STM32F3xx_HAL_Driver/Inc -I../Drivers/STM32F3xx_HAL_Driver/Inc/Legacy -I../Drivers/CMSIS/Device/ST/STM32F3xx/Include -I../Drivers/CMSIS/Include -O0 -ffunction-sections -fdata-sections -Wall -fstack-usage -fcyclomatic-complexity -MMD -MP -MF"Drivers/STM32F3xx_HAL_Driver/Src/stm32f3xx_hal_flash.d" -MT"Drivers/STM32F3xx_HAL_Driver/Src/stm32f3xx_hal_flash.o" --specs=nano.specs -mfpu=fpv4-sp-d16 -mfloat-abi=hard -mthumb -o "Drivers/STM32F3xx_HAL_Driver/Src/stm32f3xx_hal_flash.o"
arm-none-eabi-gcc "../Drivers/STM32F3xx_HAL_Driver/Src/stm32f3xx_hal_flash_ex.c" -mcpu=cortex-m4 -std=gnu11 -g3 -DDEBUG -DUSE_HAL_DRIVER -DSTM32F303xE -c -I../Core/Inc -I../Drivers/STM32F3xx_HAL_Driver/Inc -I../Drivers/STM32F3xx_HAL_Driver/Inc/Legacy -I../Drivers/CMSIS/Device/ST/STM32F3xx/Include -I../Drivers/CMSIS/Include -O0 -ffunction-sections -fdata-sections -Wall -fstack-usage -fcyclomatic-complexity -MMD -MP -MF"Drivers/STM32F3xx_HAL_Driver/Src/stm32f3xx_hal_flash_ex.d" -MT"Drivers/STM32F3xx_HAL_Driver/Src/stm32f3xx_hal_flash_ex.o" --specs=nano.specs -mfpu=fpv4-sp-d16 -mfloat-abi=hard -mthumb -o "Drivers/STM32F3xx_HAL_Driver/Src/stm32f3xx_hal_flash_ex.o"
arm-none-eabi-gcc "../Drivers/STM32F3xx_HAL_Driver/Src/stm32f3xx_hal_gpio.c" -mcpu=cortex-m4 -std=gnu11 -g3 -DDEBUG -DUSE_HAL_DRIVER -DSTM32F303xE -c -I../Core/Inc -I../Drivers/STM32F3xx_HAL_Driver/Inc -I../Drivers/STM32F3xx_HAL_Driver/Inc/Legacy -I../Drivers/CMSIS/Device/ST/STM32F3xx/Include -I../Drivers/CMSIS/Include -O0 -ffunction-sections -fdata-sections -Wall -fstack-usage -fcyclomatic-complexity -MMD -MP -MF"Drivers/STM32F3xx_HAL_Driver/Src/stm32f3xx_hal_gpio.d" -MT"Drivers/STM32F3xx_HAL_Driver/Src/stm32f3xx_hal_gpio.o" --specs=nano.specs -mfpu=fpv4-sp-d16 -mfloat-abi=hard -mthumb -o "Drivers/STM32F3xx_HAL_Driver/Src/stm32f3xx_hal_gpio.o"
arm-none-eabi-gcc "../Drivers/STM32F3xx_HAL_Driver/Src/stm32f3xx_hal_i2c.c" -mcpu=cortex-m4 -std=gnu11 -g3 -DDEBUG -DUSE_HAL_DRIVER -DSTM32F303xE -c -I../Core/Inc -I../Drivers/STM32F3xx_HAL_Driver/Inc -I../Drivers/STM32F3xx_HAL_Driver/Inc/Legacy -I../Drivers/CMSIS/Device/ST/STM32F3xx/Include -I../Drivers/CMSIS/Include -O0 -ffunction-sections -fdata-sections -Wall -fstack-usage -fcyclomatic-complexity -MMD -MP -MF"Drivers/STM32F3xx_HAL_Driver/Src/stm32f3xx_hal_i2c.d" -MT"Drivers/STM32F3xx_HAL_Driver/Src/stm32f3xx_hal_i2c.o" --specs=nano.specs -mfpu=fpv4-sp-d16 -mfloat-abi=hard -mthumb -o "Drivers/STM32F3xx_HAL_Driver/Src/stm32f3xx_hal_i2c.o"
arm-none-eabi-gcc "../Drivers/STM32F3xx_HAL_Driver/Src/stm32f3xx_hal_i2c_ex.c" -mcpu=cortex-m4 -std=gnu11 -g3 -DDEBUG -DUSE_HAL_DRIVER -DSTM32F303xE -c -I../Core/Inc -I../Drivers/STM32F3xx_HAL_Driver/Inc -I../Drivers/STM32F3xx_HAL_Driver/Inc/Legacy -I../Drivers/CMSIS/Device/ST/STM32F3xx/Include -I../Drivers/CMSIS/Include -O0 -ffunction-sections -fdata-sections -Wall -fstack-usage -fcyclomatic-complexity -MMD -MP -MF"Drivers/STM32F3xx_HAL_Driver/Src/stm32f3xx_hal_i2c_ex.d" -MT"Drivers/STM32F3xx_HAL_Driver/Src/stm32f3xx_hal_i2c_ex.o" --specs=nano.specs -mfpu=fpv4-sp-d16 -mfloat-abi=hard -mthumb -o "Drivers/STM32F3xx_HAL_Driver/Src/stm32f3xx_hal_i2c_ex.o"
arm-none-eabi-gcc "../Drivers/STM32F3xx_HAL_Driver/Src/stm32f3xx_hal_pwr.c" -mcpu=cortex-m4 -std=gnu11 -g3 -DDEBUG -DUSE_HAL_DRIVER -DSTM32F303xE -c -I../Core/Inc -I../Drivers/STM32F3xx_HAL_Driver/Inc -I../Drivers/STM32F3xx_HAL_Driver/Inc/Legacy -I../Drivers/CMSIS/Device/ST/STM32F3xx/Include -I../Drivers/CMSIS/Include -O0 -ffunction-sections -fdata-sections -Wall -fstack-usage -fcyclomatic-complexity -MMD -MP -MF"Drivers/STM32F3xx_HAL_Driver/Src/stm32f3xx_hal_pwr.d" -MT"Drivers/STM32F3xx_HAL_Driver/Src/stm32f3xx_hal_pwr.o" --specs=nano.specs -mfpu=fpv4-sp-d16 -mfloat-abi=hard -mthumb -o "Drivers/STM32F3xx_HAL_Driver/Src/stm32f3xx_hal_pwr.o"
arm-none-eabi-gcc "../Drivers/STM32F3xx_HAL_Driver/Src/stm32f3xx_hal_pwr_ex.c" -mcpu=cortex-m4 -std=gnu11 -g3 -DDEBUG -DUSE_HAL_DRIVER -DSTM32F303xE -c -I../Core/Inc -I../Drivers/STM32F3xx_HAL_Driver/Inc -I../Drivers/STM32F3xx_HAL_Driver/Inc/Legacy -I../Drivers/CMSIS/Device/ST/STM32F3xx/Include -I../Drivers/CMSIS/Include -O0 -ffunction-sections -fdata-sections -Wall -fstack-usage -fcyclomatic-complexity -MMD -MP -MF"Drivers/STM32F3xx_HAL_Driver/Src/stm32f3xx_hal_pwr_ex.d" -MT"Drivers/STM32F3xx_HAL_Driver/Src/stm32f3xx_hal_pwr_ex.o" --specs=nano.specs -mfpu=fpv4-sp-d16 -mfloat-abi=hard -mthumb -o "Drivers/STM32F3xx_HAL_Driver/Src/stm32f3xx_hal_pwr_ex.o"
arm-none-eabi-gcc "../Drivers/STM32F3xx_HAL_Driver/Src/stm32f3xx_hal_rcc.c" -mcpu=cortex-m4 -std=gnu11 -g3 -DDEBUG -DUSE_HAL_DRIVER -DSTM32F303xE -c -I../Core/Inc -I../Drivers/STM32F3xx_HAL_Driver/Inc -I../Drivers/STM32F3xx_HAL_Driver/Inc/Legacy -I../Drivers/CMSIS/Device/ST/STM32F3xx/Include -I../Drivers/CMSIS/Include -O0 -ffunction-sections -fdata-sections -Wall -fstack-usage -fcyclomatic-complexity -MMD -MP -MF"Drivers/STM32F3xx_HAL_Driver/Src/stm32f3xx_hal_rcc.d" -MT"Drivers/STM32F3xx_HAL_Driver/Src/stm32f3xx_hal_rcc.o" --specs=nano.specs -mfpu=fpv4-sp-d16 -mfloat-abi=hard -mthumb -o "Drivers/STM32F3xx_HAL_Driver/Src/stm32f3xx_hal_rcc.o"
arm-none-eabi-gcc "../Drivers/STM32F3xx_HAL_Driver/Src/stm32f3xx_hal_rcc_ex.c" -mcpu=cortex-m4 -std=gnu11 -g3 -DDEBUG -DUSE_HAL_DRIVER -DSTM32F303xE -c -I../Core/Inc -I../Drivers/STM32F3xx_HAL_Driver/Inc -I../Drivers/STM32F3xx_HAL_Driver/Inc/Legacy -I../Drivers/CMSIS/Device/ST/STM32F3xx/Include -I../Drivers/CMSIS/Include -O0 -ffunction-sections -fdata-sections -Wall -fstack-usage -fcyclomatic-complexity -MMD -MP -MF"Drivers/STM32F3xx_HAL_Driver/Src/stm32f3xx_hal_rcc_ex.d" -MT"Drivers/STM32F3xx_HAL_Driver/Src/stm32f3xx_hal_rcc_ex.o" --specs=nano.specs -mfpu=fpv4-sp-d16 -mfloat-abi=hard -mthumb -o "Drivers/STM32F3xx_HAL_Driver/Src/stm32f3xx_hal_rcc_ex.o"
arm-none-eabi-gcc "../Drivers/STM32F3xx_HAL_Driver/Src/stm32f3xx_hal_uart.c" -mcpu=cortex-m4 -std=gnu11 -g3 -DDEBUG -DUSE_HAL_DRIVER -DSTM32F303xE -c -I../Core/Inc -I../Drivers/STM32F3xx_HAL_Driver/Inc -I../Drivers/STM32F3xx_HAL_Driver/Inc/Legacy -I../Drivers/CMSIS/Device/ST/STM32F3xx/Include -I../Drivers/CMSIS/Include -O0 -ffunction-sections -fdata-sections -Wall -fstack-usage -fcyclomatic-complexity -MMD -MP -MF"Drivers/STM32F3xx_HAL_Driver/Src/stm32f3xx_hal_uart.d" -MT"Drivers/STM32F3xx_HAL_Driver/Src/stm32f3xx_hal_uart.o" --specs=nano.specs -mfpu=fpv4-sp-d16 -mfloat-abi=hard -mthumb -o "Drivers/STM32F3xx_HAL_Driver/Src/stm32f3xx_hal_uart.o"
arm-none-eabi-gcc "../Drivers/STM32F3xx_HAL_Driver/Src/stm32f3xx_hal_uart_ex.c" -mcpu=cortex-m4 -std=gnu11 -g3 -DDEBUG -DUSE_HAL_DRIVER -DSTM32F303xE -c -I../Core/Inc -I../Drivers/STM32F3xx_HAL_Driver/Inc -I../Drivers/STM32F3xx_HAL_Driver/Inc/Legacy -I../Drivers/CMSIS/Device/ST/STM32F3xx/Include -I../Drivers/CMSIS/Include -O0 -ffunction-sections -fdata-sections -Wall -fstack-usage -fcyclomatic-complexity -MMD -MP -MF"Drivers/STM32F3xx_HAL_Driver/Src/stm32f3xx_hal_uart_ex.d" -MT"Drivers/STM32F3xx_HAL_Driver/Src/stm32f3xx_hal_uart_ex.o" --specs=nano.specs -mfpu=fpv4-sp-d16 -mfloat-abi=hard -mthumb -o "Drivers/STM32F3xx_HAL_Driver/Src/stm32f3xx_hal_uart_ex.o"
arm-none-eabi-gcc -mcpu=cortex-m4 -g3 -DDEBUG -c -x assembler-with-cpp -MMD -MP -MF"Core/Startup/startup_stm32f303retx.d" -MT"Core/Startup/startup_stm32f303retx.o" --specs=nano.specs -mfpu=fpv4-sp-d16 -mfloat-abi=hard -mthumb -o "Core/Startup/startup_stm32f303retx.o" "../Core/Startup/startup_stm32f303retx.s"
arm-none-eabi-gcc "../Core/Src/main.c" -mcpu=cortex-m4 -std=gnu11 -g3 -DDEBUG -DUSE_HAL_DRIVER -DSTM32F303xE -c -I../Core/Inc -I../Drivers/STM32F3xx_HAL_Driver/Inc -I../Drivers/STM32F3xx_HAL_Driver/Inc/Legacy -I../Drivers/CMSIS/Device/ST/STM32F3xx/Include -I../Drivers/CMSIS/Include -O0 -ffunction-sections -fdata-sections -Wall -fstack-usage -fcyclomatic-complexity -MMD -MP -MF"Core/Src/main.d" -MT"Core/Src/main.o" --specs=nano.specs -mfpu=fpv4-sp-d16 -mfloat-abi=hard -mthumb -o "Core/Src/main.o"
arm-none-eabi-gcc "../Core/Src/stm32f3xx_hal_msp.c" -mcpu=cortex-m4 -std=gnu11 -g3 -DDEBUG -DUSE_HAL_DRIVER -DSTM32F303xE -c -I../Core/Inc -I../Drivers/STM32F3xx_HAL_Driver/Inc -I../Drivers/STM32F3xx_HAL_Driver/Inc/Legacy -I../Drivers/CMSIS/Device/ST/STM32F3xx/Include -I../Drivers/CMSIS/Include -O0 -ffunction-sections -fdata-sections -Wall -fstack-usage -fcyclomatic-complexity -MMD -MP -MF"Core/Src/stm32f3xx_hal_msp.d" -MT"Core/Src/stm32f3xx_hal_msp.o" --specs=nano.specs -mfpu=fpv4-sp-d16 -mfloat-abi=hard -mthumb -o "Core/Src/stm32f3xx_hal_msp.o"
arm-none-eabi-gcc "../Core/Src/stm32f3xx_it.c" -mcpu=cortex-m4 -std=gnu11 -g3 -DDEBUG -DUSE_HAL_DRIVER -DSTM32F303xE -c -I../Core/Inc -I../Drivers/STM32F3xx_HAL_Driver/Inc -I../Drivers/STM32F3xx_HAL_Driver/Inc/Legacy -I../Drivers/CMSIS/Device/ST/STM32F3xx/Include -I../Drivers/CMSIS/Include -O0 -ffunction-sections -fdata-sections -Wall -fstack-usage -fcyclomatic-complexity -MMD -MP -MF"Core/Src/stm32f3xx_it.d" -MT"Core/Src/stm32f3xx_it.o" --specs=nano.specs -mfpu=fpv4-sp-d16 -mfloat-abi=hard -mthumb -o "Core/Src/stm32f3xx_it.o"
arm-none-eabi-gcc "../Core/Src/syscalls.c" -mcpu=cortex-m4 -std=gnu11 -g3 -DDEBUG -DUSE_HAL_DRIVER -DSTM32F303xE -c -I../Core/Inc -I../Drivers/STM32F3xx_HAL_Driver/Inc -I../Drivers/STM32F3xx_HAL_Driver/Inc/Legacy -I../Drivers/CMSIS/Device/ST/STM32F3xx/Include -I../Drivers/CMSIS/Include -O0 -ffunction-sections -fdata-sections -Wall -fstack-usage -fcyclomatic-complexity -MMD -MP -MF"Core/Src/syscalls.d" -MT"Core/Src/syscalls.o" --specs=nano.specs -mfpu=fpv4-sp-d16 -mfloat-abi=hard -mthumb -o "Core/Src/syscalls.o"
arm-none-eabi-gcc "../Core/Src/sysmem.c" -mcpu=cortex-m4 -std=gnu11 -g3 -DDEBUG -DUSE_HAL_DRIVER -DSTM32F303xE -c -I../Core/Inc -I../Drivers/STM32F3xx_HAL_Driver/Inc -I../Drivers/STM32F3xx_HAL_Driver/Inc/Legacy -I../Drivers/CMSIS/Device/ST/STM32F3xx/Include -I../Drivers/CMSIS/Include -O0 -ffunction-sections -fdata-sections -Wall -fstack-usage -fcyclomatic-complexity -MMD -MP -MF"Core/Src/sysmem.d" -MT"Core/Src/sysmem.o" --specs=nano.specs -mfpu=fpv4-sp-d16 -mfloat-abi=hard -mthumb -o "Core/Src/sysmem.o"
arm-none-eabi-gcc "../Core/Src/system_stm32f3xx.c" -mcpu=cortex-m4 -std=gnu11 -g3 -DDEBUG -DUSE_HAL_DRIVER -DSTM32F303xE -c -I../Core/Inc -I../Drivers/STM32F3xx_HAL_Driver/Inc -I../Drivers/STM32F3xx_HAL_Driver/Inc/Legacy -I../Drivers/CMSIS/Device/ST/STM32F3xx/Include -I../Drivers/CMSIS/Include -O0 -ffunction-sections -fdata-sections -Wall -fstack-usage -fcyclomatic-complexity -MMD -MP -MF"Core/Src/system_stm32f3xx.d" -MT"Core/Src/system_stm32f3xx.o" --specs=nano.specs -mfpu=fpv4-sp-d16 -mfloat-abi=hard -mthumb -o "Core/Src/system_stm32f3xx.o"
../Core/Src/main.c: In function 'main':
../Core/Src/main.c:96:62: error: expected expression before ')' token
   96 |   HAL_EXTI_RegisterCallback(&hexti13, HAL_EXTI_COMMON_CB_ID, );
      |                                                              ^
../Core/Src/main.c: In function 'write_byte_1w':
../Core/Src/main.c:257:22: warning: implicit declaration of function 'tst_bit' [-Wimplicit-function-declaration]
  257 |                   if(tst_bit(data,i))
      |                      ^~~~~~~
../Core/Src/main.c:259:19: warning: this 'else' clause does not guard... [-Wmisleading-indentation]
  259 |                   else
      |                   ^~~~
../Core/Src/main.c:262:27: note: ...this statement, but the latter is misleadingly indented as if it were guarded by the 'else'
  262 |                           HAL_UART_Receive(&huart2, (uint8_t *)aRxBuffer, 1,0xFFFF);
      |                           ^~~~~~~~~~~~~~~~
../Core/Src/main.c:262:64: error: 'aRxBuffer' undeclared (first use in this function); did you mean 'ITM_RxBuffer'?
  262 |                           HAL_UART_Receive(&huart2, (uint8_t *)aRxBuffer, 1,0xFFFF);
      |                                                                ^~~~~~~~~
      |                                                                ITM_RxBuffer
../Core/Src/main.c:262:64: note: each undeclared identifier is reported only once for each function it appears in
../Core/Src/main.c: In function 'read_byte_1w':
../Core/Src/main.c:275:54: error: 'aRxBuffer' undeclared (first use in this function); did you mean 'ITM_RxBuffer'?
  275 |                 HAL_UART_Receive(&huart2, (uint8_t *)aRxBuffer, 1,0xFFFF);
      |                                                      ^~~~~~~~~
      |                                                      ITM_RxBuffer
../Core/Src/main.c:278:20: warning: implicit declaration of function 'set_bit' [-Wimplicit-function-declaration]
  278 |                    set_bit(dado,i);
      |                    ^~~~~~~
make: *** [Core/Src/subdir.mk:34: Core/Src/main.o] Error 1
make: *** Waiting for unfinished jobs....
"make -j8 all" terminated with exit code 2. Build might be incomplete.
08:40:58 **** Incremental Build of configuration Debug for project Probe_tests ****
make -j8 all 
arm-none-eabi-gcc "../Core/Src/main.c" -mcpu=cortex-m4 -std=gnu11 -g3 -DDEBUG -DUSE_HAL_DRIVER -DSTM32F303xE -c -I../Core/Inc -I../Drivers/STM32F3xx_HAL_Driver/Inc -I../Drivers/STM32F3xx_HAL_Driver/Inc/Legacy -I../Drivers/CMSIS/Device/ST/STM32F3xx/Include -I../Drivers/CMSIS/Include -O0 -ffunction-sections -fdata-sections -Wall -fstack-usage -fcyclomatic-complexity -MMD -MP -MF"Core/Src/main.d" -MT"Core/Src/main.o" --specs=nano.specs -mfpu=fpv4-sp-d16 -mfloat-abi=hard -mthumb -o "Core/Src/main.o"
../Core/Src/main.c: In function 'main':
../Core/Src/main.c:96:62: error: expected expression before ')' token
   96 |   HAL_EXTI_RegisterCallback(&hexti13, HAL_EXTI_COMMON_CB_ID, );
      |                                                              ^
../Core/Src/main.c: In function 'write_byte_1w':
../Core/Src/main.c:257:22: warning: implicit declaration of function 'tst_bit' [-Wimplicit-function-declaration]
  257 |                   if(tst_bit(data,i))
      |                      ^~~~~~~
../Core/Src/main.c:259:19: warning: this 'else' clause does not guard... [-Wmisleading-indentation]
  259 |                   else
      |                   ^~~~
../Core/Src/main.c:262:27: note: ...this statement, but the latter is misleadingly indented as if it were guarded by the 'else'
  262 |                           HAL_UART_Receive(&huart2, (uint8_t *)aRxBuffer, 1,0xFFFF);
      |                           ^~~~~~~~~~~~~~~~
../Core/Src/main.c:262:64: error: 'aRxBuffer' undeclared (first use in this function); did you mean 'ITM_RxBuffer'?
  262 |                           HAL_UART_Receive(&huart2, (uint8_t *)aRxBuffer, 1,0xFFFF);
      |                                                                ^~~~~~~~~
      |                                                                ITM_RxBuffer
../Core/Src/main.c:262:64: note: each undeclared identifier is reported only once for each function it appears in
../Core/Src/main.c: In function 'read_byte_1w':
../Core/Src/main.c:275:54: error: 'aRxBuffer' undeclared (first use in this function); did you mean 'ITM_RxBuffer'?
  275 |                 HAL_UART_Receive(&huart2, (uint8_t *)aRxBuffer, 1,0xFFFF);
      |                                                      ^~~~~~~~~
      |                                                      ITM_RxBuffer
../Core/Src/main.c:278:20: warning: implicit declaration of function 'set_bit' [-Wimplicit-function-declaration]
  278 |                    set_bit(dado,i);
      |                    ^~~~~~~
make: *** [Core/Src/subdir.mk:34: Core/Src/main.o] Error 1
"make -j8 all" terminated with exit code 2. Build might be incomplete.
08:42:06 **** Incremental Build of configuration Debug for project Probe_tests ****
make -j8 all 
arm-none-eabi-gcc "../Core/Src/main.c" -mcpu=cortex-m4 -std=gnu11 -g3 -DDEBUG -DUSE_HAL_DRIVER -DSTM32F303xE -c -I../Core/Inc -I../Drivers/STM32F3xx_HAL_Driver/Inc -I../Drivers/STM32F3xx_HAL_Driver/Inc/Legacy -I../Drivers/CMSIS/Device/ST/STM32F3xx/Include -I../Drivers/CMSIS/Include -O0 -ffunction-sections -fdata-sections -Wall -fstack-usage -fcyclomatic-complexity -MMD -MP -MF"Core/Src/main.d" -MT"Core/Src/main.o" --specs=nano.specs -mfpu=fpv4-sp-d16 -mfloat-abi=hard -mthumb -o "Core/Src/main.o"
../Core/Src/main.c: In function 'main':
../Core/Src/main.c:96:62: error: expected expression before ')' token
   96 |   HAL_EXTI_RegisterCallback(&hexti13, HAL_EXTI_COMMON_CB_ID, );
      |                                                              ^
../Core/Src/main.c: In function 'write_byte_1w':
../Core/Src/main.c:257:22: warning: implicit declaration of function 'tst_bit' [-Wimplicit-function-declaration]
  257 |                   if(tst_bit(data,i))
      |                      ^~~~~~~
../Core/Src/main.c:259:19: warning: this 'else' clause does not guard... [-Wmisleading-indentation]
  259 |                   else
      |                   ^~~~
../Core/Src/main.c:262:27: note: ...this statement, but the latter is misleadingly indented as if it were guarded by the 'else'
  262 |                           HAL_UART_Receive(&huart2, (uint8_t *)aRxBuffer, 1,0xFFFF);
      |                           ^~~~~~~~~~~~~~~~
../Core/Src/main.c:262:64: error: 'aRxBuffer' undeclared (first use in this function); did you mean 'ITM_RxBuffer'?
  262 |                           HAL_UART_Receive(&huart2, (uint8_t *)aRxBuffer, 1,0xFFFF);
      |                                                                ^~~~~~~~~
      |                                                                ITM_RxBuffer
../Core/Src/main.c:262:64: note: each undeclared identifier is reported only once for each function it appears in
../Core/Src/main.c: In function 'read_byte_1w':
../Core/Src/main.c:275:54: error: 'aRxBuffer' undeclared (first use in this function); did you mean 'ITM_RxBuffer'?
  275 |                 HAL_UART_Receive(&huart2, (uint8_t *)aRxBuffer, 1,0xFFFF);
      |                                                      ^~~~~~~~~
      |                                                      ITM_RxBuffer
../Core/Src/main.c:278:20: warning: implicit declaration of function 'set_bit' [-Wimplicit-function-declaration]
  278 |                    set_bit(dado,i);
      |                    ^~~~~~~
make: *** [Core/Src/subdir.mk:34: Core/Src/main.o] Error 1
"make -j8 all" terminated with exit code 2. Build might be incomplete.
08:43:04 **** Incremental Build of configuration Debug for project Probe_tests ****
make -j8 all 
arm-none-eabi-gcc "../Core/Src/main.c" -mcpu=cortex-m4 -std=gnu11 -g3 -DDEBUG -DUSE_HAL_DRIVER -DSTM32F303xE -c -I../Core/Inc -I../Drivers/STM32F3xx_HAL_Driver/Inc -I../Drivers/STM32F3xx_HAL_Driver/Inc/Legacy -I../Drivers/CMSIS/Device/ST/STM32F3xx/Include -I../Drivers/CMSIS/Include -O0 -ffunction-sections -fdata-sections -Wall -fstack-usage -fcyclomatic-complexity -MMD -MP -MF"Core/Src/main.d" -MT"Core/Src/main.o" --specs=nano.specs -mfpu=fpv4-sp-d16 -mfloat-abi=hard -mthumb -o "Core/Src/main.o"
../Core/Src/main.c: In function 'main':
../Core/Src/main.c:96:62: error: expected expression before ')' token
   96 |   HAL_EXTI_RegisterCallback(&hexti13, HAL_EXTI_COMMON_CB_ID, );
      |                                                              ^
../Core/Src/main.c: In function 'write_byte_1w':
../Core/Src/main.c:257:22: warning: implicit declaration of function 'tst_bit' [-Wimplicit-function-declaration]
  257 |                   if(tst_bit(data,i))
      |                      ^~~~~~~
../Core/Src/main.c:259:19: warning: this 'else' clause does not guard... [-Wmisleading-indentation]
  259 |                   else
      |                   ^~~~
../Core/Src/main.c:262:27: note: ...this statement, but the latter is misleadingly indented as if it were guarded by the 'else'
  262 |                           HAL_UART_Receive(&huart2, (uint8_t *)aRxBuffer, 1,0xFFFF);
      |                           ^~~~~~~~~~~~~~~~
../Core/Src/main.c:262:64: error: 'aRxBuffer' undeclared (first use in this function); did you mean 'ITM_RxBuffer'?
  262 |                           HAL_UART_Receive(&huart2, (uint8_t *)aRxBuffer, 1,0xFFFF);
      |                                                                ^~~~~~~~~
      |                                                                ITM_RxBuffer
../Core/Src/main.c:262:64: note: each undeclared identifier is reported only once for each function it appears in
../Core/Src/main.c: In function 'read_byte_1w':
../Core/Src/main.c:275:54: error: 'aRxBuffer' undeclared (first use in this function); did you mean 'ITM_RxBuffer'?
  275 |                 HAL_UART_Receive(&huart2, (uint8_t *)aRxBuffer, 1,0xFFFF);
      |                                                      ^~~~~~~~~
      |                                                      ITM_RxBuffer
../Core/Src/main.c:278:20: warning: implicit declaration of function 'set_bit' [-Wimplicit-function-declaration]
  278 |                    set_bit(dado,i);
      |                    ^~~~~~~
make: *** [Core/Src/subdir.mk:34: Core/Src/main.o] Error 1
"make -j8 all" terminated with exit code 2. Build might be incomplete.
08:43:11 **** Incremental Build of configuration Debug for project Probe_tests ****
make -j8 all 
arm-none-eabi-gcc "../Core/Src/main.c" -mcpu=cortex-m4 -std=gnu11 -g3 -DDEBUG -DUSE_HAL_DRIVER -DSTM32F303xE -c -I../Core/Inc -I../Drivers/STM32F3xx_HAL_Driver/Inc -I../Drivers/STM32F3xx_HAL_Driver/Inc/Legacy -I../Drivers/CMSIS/Device/ST/STM32F3xx/Include -I../Drivers/CMSIS/Include -O0 -ffunction-sections -fdata-sections -Wall -fstack-usage -fcyclomatic-complexity -MMD -MP -MF"Core/Src/main.d" -MT"Core/Src/main.o" --specs=nano.specs -mfpu=fpv4-sp-d16 -mfloat-abi=hard -mthumb -o "Core/Src/main.o"
../Core/Src/main.c: In function 'HAL_GPIO_EXTI_Callback':
../Core/Src/main.c:238:6: error: 'GPIO_PIN' undeclared (first use in this function); did you mean 'GPIO_Pin'?
  238 |   if(GPIO_PIN == B1_Pin){
      |      ^~~~~~~~
      |      GPIO_Pin
../Core/Src/main.c:238:6: note: each undeclared identifier is reported only once for each function it appears in
../Core/Src/main.c: In function 'write_byte_1w':
../Core/Src/main.c:263:22: warning: implicit declaration of function 'tst_bit' [-Wimplicit-function-declaration]
  263 |                   if(tst_bit(data,i)){
      |                      ^~~~~~~
../Core/Src/main.c:270:64: error: 'aRxBuffer' undeclared (first use in this function); did you mean 'ITM_RxBuffer'?
  270 |                           HAL_UART_Receive(&huart2, (uint8_t *)aRxBuffer, 1,0xFFFF);
      |                                                                ^~~~~~~~~
      |                                                                ITM_RxBuffer
../Core/Src/main.c: In function 'read_byte_1w':
../Core/Src/main.c:283:54: error: 'aRxBuffer' undeclared (first use in this function); did you mean 'ITM_RxBuffer'?
  283 |                 HAL_UART_Receive(&huart2, (uint8_t *)aRxBuffer, 1,0xFFFF);
      |                                                      ^~~~~~~~~
      |                                                      ITM_RxBuffer
../Core/Src/main.c:286:20: warning: implicit declaration of function 'set_bit' [-Wimplicit-function-declaration]
  286 |                    set_bit(dado,i);
      |                    ^~~~~~~
../Core/Src/main.c: In function 'conversao':
../Core/Src/main.c:307:14: warning: variable 'sinal' set but not used [-Wunused-but-set-variable]
  307 |         char sinal;
      |              ^~~~~
make: *** [Core/Src/subdir.mk:34: Core/Src/main.o] Error 1
"make -j8 all" terminated with exit code 2. Build might be incomplete.
08:43:57 **** Incremental Build of configuration Debug for project Probe_tests ****
make -j8 all 
arm-none-eabi-gcc "../Core/Src/main.c" -mcpu=cortex-m4 -std=gnu11 -g3 -DDEBUG -DUSE_HAL_DRIVER -DSTM32F303xE -c -I../Core/Inc -I../Drivers/STM32F3xx_HAL_Driver/Inc -I../Drivers/STM32F3xx_HAL_Driver/Inc/Legacy -I../Drivers/CMSIS/Device/ST/STM32F3xx/Include -I../Drivers/CMSIS/Include -O0 -ffunction-sections -fdata-sections -Wall -fstack-usage -fcyclomatic-complexity -MMD -MP -MF"Core/Src/main.d" -MT"Core/Src/main.o" --specs=nano.specs -mfpu=fpv4-sp-d16 -mfloat-abi=hard -mthumb -o "Core/Src/main.o"
../Core/Src/main.c: In function 'HAL_GPIO_EXTI_Callback':
../Core/Src/main.c:239:6: error: 'GPIO_PIN' undeclared (first use in this function); did you mean 'GPIO_Pin'?
  239 |   if(GPIO_PIN == B1_Pin){
      |      ^~~~~~~~
      |      GPIO_Pin
../Core/Src/main.c:239:6: note: each undeclared identifier is reported only once for each function it appears in
../Core/Src/main.c:240:11: warning: statement with no effect [-Wunused-value]
  240 |           conversao;
      |           ^~~~~~~~~
../Core/Src/main.c: In function 'write_byte_1w':
../Core/Src/main.c:264:22: warning: implicit declaration of function 'tst_bit' [-Wimplicit-function-declaration]
  264 |                   if(tst_bit(data,i)){
      |                      ^~~~~~~
../Core/Src/main.c:271:64: error: 'aRxBuffer' undeclared (first use in this function); did you mean 'ITM_RxBuffer'?
  271 |                           HAL_UART_Receive(&huart2, (uint8_t *)aRxBuffer, 1,0xFFFF);
      |                                                                ^~~~~~~~~
      |                                                                ITM_RxBuffer
../Core/Src/main.c: In function 'read_byte_1w':
../Core/Src/main.c:284:54: error: 'aRxBuffer' undeclared (first use in this function); did you mean 'ITM_RxBuffer'?
  284 |                 HAL_UART_Receive(&huart2, (uint8_t *)aRxBuffer, 1,0xFFFF);
      |                                                      ^~~~~~~~~
      |                                                      ITM_RxBuffer
../Core/Src/main.c:287:20: warning: implicit declaration of function 'set_bit' [-Wimplicit-function-declaration]
  287 |                    set_bit(dado,i);
      |                    ^~~~~~~
../Core/Src/main.c: In function 'conversao':
../Core/Src/main.c:308:14: warning: variable 'sinal' set but not used [-Wunused-but-set-variable]
  308 |         char sinal;
      |              ^~~~~
make: *** [Core/Src/subdir.mk:34: Core/Src/main.o] Error 1
"make -j8 all" terminated with exit code 2. Build might be incomplete.
08:44:36 **** Incremental Build of configuration Debug for project Probe_tests ****
make -j8 all 
arm-none-eabi-gcc "../Core/Src/main.c" -mcpu=cortex-m4 -std=gnu11 -g3 -DDEBUG -DUSE_HAL_DRIVER -DSTM32F303xE -c -I../Core/Inc -I../Drivers/STM32F3xx_HAL_Driver/Inc -I../Drivers/STM32F3xx_HAL_Driver/Inc/Legacy -I../Drivers/CMSIS/Device/ST/STM32F3xx/Include -I../Drivers/CMSIS/Include -O0 -ffunction-sections -fdata-sections -Wall -fstack-usage -fcyclomatic-complexity -MMD -MP -MF"Core/Src/main.d" -MT"Core/Src/main.o" --specs=nano.specs -mfpu=fpv4-sp-d16 -mfloat-abi=hard -mthumb -o "Core/Src/main.o"
../Core/Src/main.c: In function 'HAL_GPIO_EXTI_Callback':
../Core/Src/main.c:240:11: warning: statement with no effect [-Wunused-value]
  240 |           conversao;
      |           ^~~~~~~~~
../Core/Src/main.c: In function 'write_byte_1w':
../Core/Src/main.c:264:22: warning: implicit declaration of function 'tst_bit' [-Wimplicit-function-declaration]
  264 |                   if(tst_bit(data,i)){
      |                      ^~~~~~~
../Core/Src/main.c:271:64: error: 'aRxBuffer' undeclared (first use in this function); did you mean 'ITM_RxBuffer'?
  271 |                           HAL_UART_Receive(&huart2, (uint8_t *)aRxBuffer, 1,0xFFFF);
      |                                                                ^~~~~~~~~
      |                                                                ITM_RxBuffer
../Core/Src/main.c:271:64: note: each undeclared identifier is reported only once for each function it appears in
../Core/Src/main.c: In function 'read_byte_1w':
../Core/Src/main.c:284:54: error: 'aRxBuffer' undeclared (first use in this function); did you mean 'ITM_RxBuffer'?
  284 |                 HAL_UART_Receive(&huart2, (uint8_t *)aRxBuffer, 1,0xFFFF);
      |                                                      ^~~~~~~~~
      |                                                      ITM_RxBuffer
../Core/Src/main.c:287:20: warning: implicit declaration of function 'set_bit' [-Wimplicit-function-declaration]
  287 |                    set_bit(dado,i);
      |                    ^~~~~~~
../Core/Src/main.c: In function 'conversao':
../Core/Src/main.c:308:14: warning: variable 'sinal' set but not used [-Wunused-but-set-variable]
  308 |         char sinal;
      |              ^~~~~
make: *** [Core/Src/subdir.mk:34: Core/Src/main.o] Error 1
"make -j8 all" terminated with exit code 2. Build might be incomplete.
13:56:29 **** Build of configuration Debug for project temperatura ****
make -j8 all 
arm-none-eabi-gcc "../Drivers/STM32F3xx_HAL_Driver/Src/stm32f3xx_hal.c" -mcpu=cortex-m4 -std=gnu11 -g3 -DDEBUG -DUSE_HAL_DRIVER -DSTM32F303xE -c -I../Core/Inc -I../Drivers/STM32F3xx_HAL_Driver/Inc -I../Drivers/STM32F3xx_HAL_Driver/Inc/Legacy -I../Drivers/CMSIS/Device/ST/STM32F3xx/Include -I../Drivers/CMSIS/Include -O0 -ffunction-sections -fdata-sections -Wall -fstack-usage -fcyclomatic-complexity -MMD -MP -MF"Drivers/STM32F3xx_HAL_Driver/Src/stm32f3xx_hal.d" -MT"Drivers/STM32F3xx_HAL_Driver/Src/stm32f3xx_hal.o" --specs=nano.specs -mfpu=fpv4-sp-d16 -mfloat-abi=hard -mthumb -o "Drivers/STM32F3xx_HAL_Driver/Src/stm32f3xx_hal.o"
arm-none-eabi-gcc "../Drivers/STM32F3xx_HAL_Driver/Src/stm32f3xx_hal_cortex.c" -mcpu=cortex-m4 -std=gnu11 -g3 -DDEBUG -DUSE_HAL_DRIVER -DSTM32F303xE -c -I../Core/Inc -I../Drivers/STM32F3xx_HAL_Driver/Inc -I../Drivers/STM32F3xx_HAL_Driver/Inc/Legacy -I../Drivers/CMSIS/Device/ST/STM32F3xx/Include -I../Drivers/CMSIS/Include -O0 -ffunction-sections -fdata-sections -Wall -fstack-usage -fcyclomatic-complexity -MMD -MP -MF"Drivers/STM32F3xx_HAL_Driver/Src/stm32f3xx_hal_cortex.d" -MT"Drivers/STM32F3xx_HAL_Driver/Src/stm32f3xx_hal_cortex.o" --specs=nano.specs -mfpu=fpv4-sp-d16 -mfloat-abi=hard -mthumb -o "Drivers/STM32F3xx_HAL_Driver/Src/stm32f3xx_hal_cortex.o"
arm-none-eabi-gcc "../Drivers/STM32F3xx_HAL_Driver/Src/stm32f3xx_hal_dma.c" -mcpu=cortex-m4 -std=gnu11 -g3 -DDEBUG -DUSE_HAL_DRIVER -DSTM32F303xE -c -I../Core/Inc -I../Drivers/STM32F3xx_HAL_Driver/Inc -I../Drivers/STM32F3xx_HAL_Driver/Inc/Legacy -I../Drivers/CMSIS/Device/ST/STM32F3xx/Include -I../Drivers/CMSIS/Include -O0 -ffunction-sections -fdata-sections -Wall -fstack-usage -fcyclomatic-complexity -MMD -MP -MF"Drivers/STM32F3xx_HAL_Driver/Src/stm32f3xx_hal_dma.d" -MT"Drivers/STM32F3xx_HAL_Driver/Src/stm32f3xx_hal_dma.o" --specs=nano.specs -mfpu=fpv4-sp-d16 -mfloat-abi=hard -mthumb -o "Drivers/STM32F3xx_HAL_Driver/Src/stm32f3xx_hal_dma.o"
arm-none-eabi-gcc "../Drivers/STM32F3xx_HAL_Driver/Src/stm32f3xx_hal_exti.c" -mcpu=cortex-m4 -std=gnu11 -g3 -DDEBUG -DUSE_HAL_DRIVER -DSTM32F303xE -c -I../Core/Inc -I../Drivers/STM32F3xx_HAL_Driver/Inc -I../Drivers/STM32F3xx_HAL_Driver/Inc/Legacy -I../Drivers/CMSIS/Device/ST/STM32F3xx/Include -I../Drivers/CMSIS/Include -O0 -ffunction-sections -fdata-sections -Wall -fstack-usage -fcyclomatic-complexity -MMD -MP -MF"Drivers/STM32F3xx_HAL_Driver/Src/stm32f3xx_hal_exti.d" -MT"Drivers/STM32F3xx_HAL_Driver/Src/stm32f3xx_hal_exti.o" --specs=nano.specs -mfpu=fpv4-sp-d16 -mfloat-abi=hard -mthumb -o "Drivers/STM32F3xx_HAL_Driver/Src/stm32f3xx_hal_exti.o"
arm-none-eabi-gcc "../Drivers/STM32F3xx_HAL_Driver/Src/stm32f3xx_hal_flash.c" -mcpu=cortex-m4 -std=gnu11 -g3 -DDEBUG -DUSE_HAL_DRIVER -DSTM32F303xE -c -I../Core/Inc -I../Drivers/STM32F3xx_HAL_Driver/Inc -I../Drivers/STM32F3xx_HAL_Driver/Inc/Legacy -I../Drivers/CMSIS/Device/ST/STM32F3xx/Include -I../Drivers/CMSIS/Include -O0 -ffunction-sections -fdata-sections -Wall -fstack-usage -fcyclomatic-complexity -MMD -MP -MF"Drivers/STM32F3xx_HAL_Driver/Src/stm32f3xx_hal_flash.d" -MT"Drivers/STM32F3xx_HAL_Driver/Src/stm32f3xx_hal_flash.o" --specs=nano.specs -mfpu=fpv4-sp-d16 -mfloat-abi=hard -mthumb -o "Drivers/STM32F3xx_HAL_Driver/Src/stm32f3xx_hal_flash.o"
arm-none-eabi-gcc "../Drivers/STM32F3xx_HAL_Driver/Src/stm32f3xx_hal_flash_ex.c" -mcpu=cortex-m4 -std=gnu11 -g3 -DDEBUG -DUSE_HAL_DRIVER -DSTM32F303xE -c -I../Core/Inc -I../Drivers/STM32F3xx_HAL_Driver/Inc -I../Drivers/STM32F3xx_HAL_Driver/Inc/Legacy -I../Drivers/CMSIS/Device/ST/STM32F3xx/Include -I../Drivers/CMSIS/Include -O0 -ffunction-sections -fdata-sections -Wall -fstack-usage -fcyclomatic-complexity -MMD -MP -MF"Drivers/STM32F3xx_HAL_Driver/Src/stm32f3xx_hal_flash_ex.d" -MT"Drivers/STM32F3xx_HAL_Driver/Src/stm32f3xx_hal_flash_ex.o" --specs=nano.specs -mfpu=fpv4-sp-d16 -mfloat-abi=hard -mthumb -o "Drivers/STM32F3xx_HAL_Driver/Src/stm32f3xx_hal_flash_ex.o"
arm-none-eabi-gcc "../Drivers/STM32F3xx_HAL_Driver/Src/stm32f3xx_hal_gpio.c" -mcpu=cortex-m4 -std=gnu11 -g3 -DDEBUG -DUSE_HAL_DRIVER -DSTM32F303xE -c -I../Core/Inc -I../Drivers/STM32F3xx_HAL_Driver/Inc -I../Drivers/STM32F3xx_HAL_Driver/Inc/Legacy -I../Drivers/CMSIS/Device/ST/STM32F3xx/Include -I../Drivers/CMSIS/Include -O0 -ffunction-sections -fdata-sections -Wall -fstack-usage -fcyclomatic-complexity -MMD -MP -MF"Drivers/STM32F3xx_HAL_Driver/Src/stm32f3xx_hal_gpio.d" -MT"Drivers/STM32F3xx_HAL_Driver/Src/stm32f3xx_hal_gpio.o" --specs=nano.specs -mfpu=fpv4-sp-d16 -mfloat-abi=hard -mthumb -o "Drivers/STM32F3xx_HAL_Driver/Src/stm32f3xx_hal_gpio.o"
arm-none-eabi-gcc "../Drivers/STM32F3xx_HAL_Driver/Src/stm32f3xx_hal_i2c.c" -mcpu=cortex-m4 -std=gnu11 -g3 -DDEBUG -DUSE_HAL_DRIVER -DSTM32F303xE -c -I../Core/Inc -I../Drivers/STM32F3xx_HAL_Driver/Inc -I../Drivers/STM32F3xx_HAL_Driver/Inc/Legacy -I../Drivers/CMSIS/Device/ST/STM32F3xx/Include -I../Drivers/CMSIS/Include -O0 -ffunction-sections -fdata-sections -Wall -fstack-usage -fcyclomatic-complexity -MMD -MP -MF"Drivers/STM32F3xx_HAL_Driver/Src/stm32f3xx_hal_i2c.d" -MT"Drivers/STM32F3xx_HAL_Driver/Src/stm32f3xx_hal_i2c.o" --specs=nano.specs -mfpu=fpv4-sp-d16 -mfloat-abi=hard -mthumb -o "Drivers/STM32F3xx_HAL_Driver/Src/stm32f3xx_hal_i2c.o"
arm-none-eabi-gcc "../Drivers/STM32F3xx_HAL_Driver/Src/stm32f3xx_hal_i2c_ex.c" -mcpu=cortex-m4 -std=gnu11 -g3 -DDEBUG -DUSE_HAL_DRIVER -DSTM32F303xE -c -I../Core/Inc -I../Drivers/STM32F3xx_HAL_Driver/Inc -I../Drivers/STM32F3xx_HAL_Driver/Inc/Legacy -I../Drivers/CMSIS/Device/ST/STM32F3xx/Include -I../Drivers/CMSIS/Include -O0 -ffunction-sections -fdata-sections -Wall -fstack-usage -fcyclomatic-complexity -MMD -MP -MF"Drivers/STM32F3xx_HAL_Driver/Src/stm32f3xx_hal_i2c_ex.d" -MT"Drivers/STM32F3xx_HAL_Driver/Src/stm32f3xx_hal_i2c_ex.o" --specs=nano.specs -mfpu=fpv4-sp-d16 -mfloat-abi=hard -mthumb -o "Drivers/STM32F3xx_HAL_Driver/Src/stm32f3xx_hal_i2c_ex.o"
arm-none-eabi-gcc "../Drivers/STM32F3xx_HAL_Driver/Src/stm32f3xx_hal_pwr.c" -mcpu=cortex-m4 -std=gnu11 -g3 -DDEBUG -DUSE_HAL_DRIVER -DSTM32F303xE -c -I../Core/Inc -I../Drivers/STM32F3xx_HAL_Driver/Inc -I../Drivers/STM32F3xx_HAL_Driver/Inc/Legacy -I../Drivers/CMSIS/Device/ST/STM32F3xx/Include -I../Drivers/CMSIS/Include -O0 -ffunction-sections -fdata-sections -Wall -fstack-usage -fcyclomatic-complexity -MMD -MP -MF"Drivers/STM32F3xx_HAL_Driver/Src/stm32f3xx_hal_pwr.d" -MT"Drivers/STM32F3xx_HAL_Driver/Src/stm32f3xx_hal_pwr.o" --specs=nano.specs -mfpu=fpv4-sp-d16 -mfloat-abi=hard -mthumb -o "Drivers/STM32F3xx_HAL_Driver/Src/stm32f3xx_hal_pwr.o"
arm-none-eabi-gcc "../Drivers/STM32F3xx_HAL_Driver/Src/stm32f3xx_hal_pwr_ex.c" -mcpu=cortex-m4 -std=gnu11 -g3 -DDEBUG -DUSE_HAL_DRIVER -DSTM32F303xE -c -I../Core/Inc -I../Drivers/STM32F3xx_HAL_Driver/Inc -I../Drivers/STM32F3xx_HAL_Driver/Inc/Legacy -I../Drivers/CMSIS/Device/ST/STM32F3xx/Include -I../Drivers/CMSIS/Include -O0 -ffunction-sections -fdata-sections -Wall -fstack-usage -fcyclomatic-complexity -MMD -MP -MF"Drivers/STM32F3xx_HAL_Driver/Src/stm32f3xx_hal_pwr_ex.d" -MT"Drivers/STM32F3xx_HAL_Driver/Src/stm32f3xx_hal_pwr_ex.o" --specs=nano.specs -mfpu=fpv4-sp-d16 -mfloat-abi=hard -mthumb -o "Drivers/STM32F3xx_HAL_Driver/Src/stm32f3xx_hal_pwr_ex.o"
arm-none-eabi-gcc "../Drivers/STM32F3xx_HAL_Driver/Src/stm32f3xx_hal_rcc.c" -mcpu=cortex-m4 -std=gnu11 -g3 -DDEBUG -DUSE_HAL_DRIVER -DSTM32F303xE -c -I../Core/Inc -I../Drivers/STM32F3xx_HAL_Driver/Inc -I../Drivers/STM32F3xx_HAL_Driver/Inc/Legacy -I../Drivers/CMSIS/Device/ST/STM32F3xx/Include -I../Drivers/CMSIS/Include -O0 -ffunction-sections -fdata-sections -Wall -fstack-usage -fcyclomatic-complexity -MMD -MP -MF"Drivers/STM32F3xx_HAL_Driver/Src/stm32f3xx_hal_rcc.d" -MT"Drivers/STM32F3xx_HAL_Driver/Src/stm32f3xx_hal_rcc.o" --specs=nano.specs -mfpu=fpv4-sp-d16 -mfloat-abi=hard -mthumb -o "Drivers/STM32F3xx_HAL_Driver/Src/stm32f3xx_hal_rcc.o"
arm-none-eabi-gcc "../Drivers/STM32F3xx_HAL_Driver/Src/stm32f3xx_hal_rcc_ex.c" -mcpu=cortex-m4 -std=gnu11 -g3 -DDEBUG -DUSE_HAL_DRIVER -DSTM32F303xE -c -I../Core/Inc -I../Drivers/STM32F3xx_HAL_Driver/Inc -I../Drivers/STM32F3xx_HAL_Driver/Inc/Legacy -I../Drivers/CMSIS/Device/ST/STM32F3xx/Include -I../Drivers/CMSIS/Include -O0 -ffunction-sections -fdata-sections -Wall -fstack-usage -fcyclomatic-complexity -MMD -MP -MF"Drivers/STM32F3xx_HAL_Driver/Src/stm32f3xx_hal_rcc_ex.d" -MT"Drivers/STM32F3xx_HAL_Driver/Src/stm32f3xx_hal_rcc_ex.o" --specs=nano.specs -mfpu=fpv4-sp-d16 -mfloat-abi=hard -mthumb -o "Drivers/STM32F3xx_HAL_Driver/Src/stm32f3xx_hal_rcc_ex.o"
arm-none-eabi-gcc "../Drivers/STM32F3xx_HAL_Driver/Src/stm32f3xx_hal_uart.c" -mcpu=cortex-m4 -std=gnu11 -g3 -DDEBUG -DUSE_HAL_DRIVER -DSTM32F303xE -c -I../Core/Inc -I../Drivers/STM32F3xx_HAL_Driver/Inc -I../Drivers/STM32F3xx_HAL_Driver/Inc/Legacy -I../Drivers/CMSIS/Device/ST/STM32F3xx/Include -I../Drivers/CMSIS/Include -O0 -ffunction-sections -fdata-sections -Wall -fstack-usage -fcyclomatic-complexity -MMD -MP -MF"Drivers/STM32F3xx_HAL_Driver/Src/stm32f3xx_hal_uart.d" -MT"Drivers/STM32F3xx_HAL_Driver/Src/stm32f3xx_hal_uart.o" --specs=nano.specs -mfpu=fpv4-sp-d16 -mfloat-abi=hard -mthumb -o "Drivers/STM32F3xx_HAL_Driver/Src/stm32f3xx_hal_uart.o"
arm-none-eabi-gcc "../Drivers/STM32F3xx_HAL_Driver/Src/stm32f3xx_hal_uart_ex.c" -mcpu=cortex-m4 -std=gnu11 -g3 -DDEBUG -DUSE_HAL_DRIVER -DSTM32F303xE -c -I../Core/Inc -I../Drivers/STM32F3xx_HAL_Driver/Inc -I../Drivers/STM32F3xx_HAL_Driver/Inc/Legacy -I../Drivers/CMSIS/Device/ST/STM32F3xx/Include -I../Drivers/CMSIS/Include -O0 -ffunction-sections -fdata-sections -Wall -fstack-usage -fcyclomatic-complexity -MMD -MP -MF"Drivers/STM32F3xx_HAL_Driver/Src/stm32f3xx_hal_uart_ex.d" -MT"Drivers/STM32F3xx_HAL_Driver/Src/stm32f3xx_hal_uart_ex.o" --specs=nano.specs -mfpu=fpv4-sp-d16 -mfloat-abi=hard -mthumb -o "Drivers/STM32F3xx_HAL_Driver/Src/stm32f3xx_hal_uart_ex.o"
arm-none-eabi-gcc -mcpu=cortex-m4 -g3 -DDEBUG -c -x assembler-with-cpp -MMD -MP -MF"Core/Startup/startup_stm32f303retx.d" -MT"Core/Startup/startup_stm32f303retx.o" --specs=nano.specs -mfpu=fpv4-sp-d16 -mfloat-abi=hard -mthumb -o "Core/Startup/startup_stm32f303retx.o" "../Core/Startup/startup_stm32f303retx.s"
arm-none-eabi-gcc "../Core/Src/main.c" -mcpu=cortex-m4 -std=gnu11 -g3 -DDEBUG -DUSE_HAL_DRIVER -DSTM32F303xE -c -I../Core/Inc -I../Drivers/STM32F3xx_HAL_Driver/Inc -I../Drivers/STM32F3xx_HAL_Driver/Inc/Legacy -I../Drivers/CMSIS/Device/ST/STM32F3xx/Include -I../Drivers/CMSIS/Include -O0 -ffunction-sections -fdata-sections -Wall -fstack-usage -fcyclomatic-complexity -MMD -MP -MF"Core/Src/main.d" -MT"Core/Src/main.o" --specs=nano.specs -mfpu=fpv4-sp-d16 -mfloat-abi=hard -mthumb -o "Core/Src/main.o"
arm-none-eabi-gcc "../Core/Src/stm32f3xx_hal_msp.c" -mcpu=cortex-m4 -std=gnu11 -g3 -DDEBUG -DUSE_HAL_DRIVER -DSTM32F303xE -c -I../Core/Inc -I../Drivers/STM32F3xx_HAL_Driver/Inc -I../Drivers/STM32F3xx_HAL_Driver/Inc/Legacy -I../Drivers/CMSIS/Device/ST/STM32F3xx/Include -I../Drivers/CMSIS/Include -O0 -ffunction-sections -fdata-sections -Wall -fstack-usage -fcyclomatic-complexity -MMD -MP -MF"Core/Src/stm32f3xx_hal_msp.d" -MT"Core/Src/stm32f3xx_hal_msp.o" --specs=nano.specs -mfpu=fpv4-sp-d16 -mfloat-abi=hard -mthumb -o "Core/Src/stm32f3xx_hal_msp.o"
arm-none-eabi-gcc "../Core/Src/stm32f3xx_it.c" -mcpu=cortex-m4 -std=gnu11 -g3 -DDEBUG -DUSE_HAL_DRIVER -DSTM32F303xE -c -I../Core/Inc -I../Drivers/STM32F3xx_HAL_Driver/Inc -I../Drivers/STM32F3xx_HAL_Driver/Inc/Legacy -I../Drivers/CMSIS/Device/ST/STM32F3xx/Include -I../Drivers/CMSIS/Include -O0 -ffunction-sections -fdata-sections -Wall -fstack-usage -fcyclomatic-complexity -MMD -MP -MF"Core/Src/stm32f3xx_it.d" -MT"Core/Src/stm32f3xx_it.o" --specs=nano.specs -mfpu=fpv4-sp-d16 -mfloat-abi=hard -mthumb -o "Core/Src/stm32f3xx_it.o"
arm-none-eabi-gcc "../Core/Src/syscalls.c" -mcpu=cortex-m4 -std=gnu11 -g3 -DDEBUG -DUSE_HAL_DRIVER -DSTM32F303xE -c -I../Core/Inc -I../Drivers/STM32F3xx_HAL_Driver/Inc -I../Drivers/STM32F3xx_HAL_Driver/Inc/Legacy -I../Drivers/CMSIS/Device/ST/STM32F3xx/Include -I../Drivers/CMSIS/Include -O0 -ffunction-sections -fdata-sections -Wall -fstack-usage -fcyclomatic-complexity -MMD -MP -MF"Core/Src/syscalls.d" -MT"Core/Src/syscalls.o" --specs=nano.specs -mfpu=fpv4-sp-d16 -mfloat-abi=hard -mthumb -o "Core/Src/syscalls.o"
arm-none-eabi-gcc "../Core/Src/sysmem.c" -mcpu=cortex-m4 -std=gnu11 -g3 -DDEBUG -DUSE_HAL_DRIVER -DSTM32F303xE -c -I../Core/Inc -I../Drivers/STM32F3xx_HAL_Driver/Inc -I../Drivers/STM32F3xx_HAL_Driver/Inc/Legacy -I../Drivers/CMSIS/Device/ST/STM32F3xx/Include -I../Drivers/CMSIS/Include -O0 -ffunction-sections -fdata-sections -Wall -fstack-usage -fcyclomatic-complexity -MMD -MP -MF"Core/Src/sysmem.d" -MT"Core/Src/sysmem.o" --specs=nano.specs -mfpu=fpv4-sp-d16 -mfloat-abi=hard -mthumb -o "Core/Src/sysmem.o"
arm-none-eabi-gcc "../Core/Src/system_stm32f3xx.c" -mcpu=cortex-m4 -std=gnu11 -g3 -DDEBUG -DUSE_HAL_DRIVER -DSTM32F303xE -c -I../Core/Inc -I../Drivers/STM32F3xx_HAL_Driver/Inc -I../Drivers/STM32F3xx_HAL_Driver/Inc/Legacy -I../Drivers/CMSIS/Device/ST/STM32F3xx/Include -I../Drivers/CMSIS/Include -O0 -ffunction-sections -fdata-sections -Wall -fstack-usage -fcyclomatic-complexity -MMD -MP -MF"Core/Src/system_stm32f3xx.d" -MT"Core/Src/system_stm32f3xx.o" --specs=nano.specs -mfpu=fpv4-sp-d16 -mfloat-abi=hard -mthumb -o "Core/Src/system_stm32f3xx.o"
arm-none-eabi-gcc -o "temperatura.elf" @"objects.list"   -mcpu=cortex-m4 -T"/home/andre/STM32CubeIDE/workspace_1.19.0/temperatura/STM32F303RETX_FLASH.ld" --specs=nosys.specs -Wl,-Map="temperatura.map" -Wl,--gc-sections -static --specs=nano.specs -mfpu=fpv4-sp-d16 -mfloat-abi=hard -mthumb -Wl,--start-group -lc -lm -Wl,--end-group
Finished building target: temperatura.elf
 
arm-none-eabi-size  temperatura.elf 
arm-none-eabi-objdump -h -S temperatura.elf  > "temperatura.list"
   text	   data	    bss	    dec	    hex	filename
  11568	     12	   1708	  13288	   33e8	temperatura.elf
Finished building: default.size.stdout
 
Finished building: temperatura.list
 
14:19:34 **** Incremental Build of configuration Debug for project temperatura ****
make -j8 all 
arm-none-eabi-gcc "../Core/Src/main.c" -mcpu=cortex-m4 -std=gnu11 -g3 -DDEBUG -DUSE_HAL_DRIVER -DSTM32F303xE -c -I../Core/Inc -I../Drivers/STM32F3xx_HAL_Driver/Inc -I../Drivers/STM32F3xx_HAL_Driver/Inc/Legacy -I../Drivers/CMSIS/Device/ST/STM32F3xx/Include -I../Drivers/CMSIS/Include -O0 -ffunction-sections -fdata-sections -Wall -fstack-usage -fcyclomatic-complexity -MMD -MP -MF"Core/Src/main.d" -MT"Core/Src/main.o" --specs=nano.specs -mfpu=fpv4-sp-d16 -mfloat-abi=hard -mthumb -o "Core/Src/main.o"
../Core/Src/main.c:24:10: fatal error: ds18b20.h: No such file or directory
   24 | #include "ds18b20.h"
      |          ^~~~~~~~~~~
compilation terminated.
make: *** [Core/Src/subdir.mk:34: Core/Src/main.o] Error 1
"make -j8 all" terminated with exit code 2. Build might be incomplete.
14:32:49 **** Incremental Build of configuration Debug for project temperatura ****
make -j8 all 
arm-none-eabi-gcc "../Core/Src/ds18b20.c" -mcpu=cortex-m4 -std=gnu11 -g3 -DDEBUG -DUSE_HAL_DRIVER -DSTM32F303xE -c -I../Core/Inc -I../Drivers/STM32F3xx_HAL_Driver/Inc -I../Drivers/STM32F3xx_HAL_Driver/Inc/Legacy -I../Drivers/CMSIS/Device/ST/STM32F3xx/Include -I../Drivers/CMSIS/Include -O0 -ffunction-sections -fdata-sections -Wall -fstack-usage -fcyclomatic-complexity -MMD -MP -MF"Core/Src/ds18b20.d" -MT"Core/Src/ds18b20.o" --specs=nano.specs -mfpu=fpv4-sp-d16 -mfloat-abi=hard -mthumb -o "Core/Src/ds18b20.o"
arm-none-eabi-gcc "../Core/Src/main.c" -mcpu=cortex-m4 -std=gnu11 -g3 -DDEBUG -DUSE_HAL_DRIVER -DSTM32F303xE -c -I../Core/Inc -I../Drivers/STM32F3xx_HAL_Driver/Inc -I../Drivers/STM32F3xx_HAL_Driver/Inc/Legacy -I../Drivers/CMSIS/Device/ST/STM32F3xx/Include -I../Drivers/CMSIS/Include -O0 -ffunction-sections -fdata-sections -Wall -fstack-usage -fcyclomatic-complexity -MMD -MP -MF"Core/Src/main.d" -MT"Core/Src/main.o" --specs=nano.specs -mfpu=fpv4-sp-d16 -mfloat-abi=hard -mthumb -o "Core/Src/main.o"
arm-none-eabi-gcc "../Core/Src/stm32f3xx_hal_msp.c" -mcpu=cortex-m4 -std=gnu11 -g3 -DDEBUG -DUSE_HAL_DRIVER -DSTM32F303xE -c -I../Core/Inc -I../Drivers/STM32F3xx_HAL_Driver/Inc -I../Drivers/STM32F3xx_HAL_Driver/Inc/Legacy -I../Drivers/CMSIS/Device/ST/STM32F3xx/Include -I../Drivers/CMSIS/Include -O0 -ffunction-sections -fdata-sections -Wall -fstack-usage -fcyclomatic-complexity -MMD -MP -MF"Core/Src/stm32f3xx_hal_msp.d" -MT"Core/Src/stm32f3xx_hal_msp.o" --specs=nano.specs -mfpu=fpv4-sp-d16 -mfloat-abi=hard -mthumb -o "Core/Src/stm32f3xx_hal_msp.o"
arm-none-eabi-gcc "../Core/Src/stm32f3xx_it.c" -mcpu=cortex-m4 -std=gnu11 -g3 -DDEBUG -DUSE_HAL_DRIVER -DSTM32F303xE -c -I../Core/Inc -I../Drivers/STM32F3xx_HAL_Driver/Inc -I../Drivers/STM32F3xx_HAL_Driver/Inc/Legacy -I../Drivers/CMSIS/Device/ST/STM32F3xx/Include -I../Drivers/CMSIS/Include -O0 -ffunction-sections -fdata-sections -Wall -fstack-usage -fcyclomatic-complexity -MMD -MP -MF"Core/Src/stm32f3xx_it.d" -MT"Core/Src/stm32f3xx_it.o" --specs=nano.specs -mfpu=fpv4-sp-d16 -mfloat-abi=hard -mthumb -o "Core/Src/stm32f3xx_it.o"
arm-none-eabi-gcc "../Core/Src/syscalls.c" -mcpu=cortex-m4 -std=gnu11 -g3 -DDEBUG -DUSE_HAL_DRIVER -DSTM32F303xE -c -I../Core/Inc -I../Drivers/STM32F3xx_HAL_Driver/Inc -I../Drivers/STM32F3xx_HAL_Driver/Inc/Legacy -I../Drivers/CMSIS/Device/ST/STM32F3xx/Include -I../Drivers/CMSIS/Include -O0 -ffunction-sections -fdata-sections -Wall -fstack-usage -fcyclomatic-complexity -MMD -MP -MF"Core/Src/syscalls.d" -MT"Core/Src/syscalls.o" --specs=nano.specs -mfpu=fpv4-sp-d16 -mfloat-abi=hard -mthumb -o "Core/Src/syscalls.o"
arm-none-eabi-gcc "../Core/Src/sysmem.c" -mcpu=cortex-m4 -std=gnu11 -g3 -DDEBUG -DUSE_HAL_DRIVER -DSTM32F303xE -c -I../Core/Inc -I../Drivers/STM32F3xx_HAL_Driver/Inc -I../Drivers/STM32F3xx_HAL_Driver/Inc/Legacy -I../Drivers/CMSIS/Device/ST/STM32F3xx/Include -I../Drivers/CMSIS/Include -O0 -ffunction-sections -fdata-sections -Wall -fstack-usage -fcyclomatic-complexity -MMD -MP -MF"Core/Src/sysmem.d" -MT"Core/Src/sysmem.o" --specs=nano.specs -mfpu=fpv4-sp-d16 -mfloat-abi=hard -mthumb -o "Core/Src/sysmem.o"
arm-none-eabi-gcc "../Core/Src/system_stm32f3xx.c" -mcpu=cortex-m4 -std=gnu11 -g3 -DDEBUG -DUSE_HAL_DRIVER -DSTM32F303xE -c -I../Core/Inc -I../Drivers/STM32F3xx_HAL_Driver/Inc -I../Drivers/STM32F3xx_HAL_Driver/Inc/Legacy -I../Drivers/CMSIS/Device/ST/STM32F3xx/Include -I../Drivers/CMSIS/Include -O0 -ffunction-sections -fdata-sections -Wall -fstack-usage -fcyclomatic-complexity -MMD -MP -MF"Core/Src/system_stm32f3xx.d" -MT"Core/Src/system_stm32f3xx.o" --specs=nano.specs -mfpu=fpv4-sp-d16 -mfloat-abi=hard -mthumb -o "Core/Src/system_stm32f3xx.o"
arm-none-eabi-gcc "../Core/Src/uart.c" -mcpu=cortex-m4 -std=gnu11 -g3 -DDEBUG -DUSE_HAL_DRIVER -DSTM32F303xE -c -I../Core/Inc -I../Drivers/STM32F3xx_HAL_Driver/Inc -I../Drivers/STM32F3xx_HAL_Driver/Inc/Legacy -I../Drivers/CMSIS/Device/ST/STM32F3xx/Include -I../Drivers/CMSIS/Include -O0 -ffunction-sections -fdata-sections -Wall -fstack-usage -fcyclomatic-complexity -MMD -MP -MF"Core/Src/uart.d" -MT"Core/Src/uart.o" --specs=nano.specs -mfpu=fpv4-sp-d16 -mfloat-abi=hard -mthumb -o "Core/Src/uart.o"
In file included from ../Core/Src/main.c:20:
../Core/Inc/main.h:30:10: fatal error: stm32f1xx_hal.h: No such file or directory
   30 | #include "stm32f1xx_hal.h"
      |          ^~~~~~~~~~~~~~~~~
compilation terminated.
In file included from ../Core/Inc/uart.h:12,
                 from ../Core/Src/uart.c:8:
../Core/Inc/main.h:30:10: fatal error: stm32f1xx_hal.h: No such file or directory
   30 | #include "stm32f1xx_hal.h"
      |          ^~~~~~~~~~~~~~~~~
In file included from ../Core/Src/stm32f3xx_hal_msp.c:22:
../Core/Inc/main.h:30:10: fatal error: stm32f1xx_hal.h: No such file or directory
   30 | #include "stm32f1xx_hal.h"
      |          ^~~~~~~~~~~~~~~~~
compilation terminated.
compilation terminated.
make: *** [Core/Src/subdir.mk:40: Core/Src/stm32f3xx_hal_msp.o] Error 1
In file included from ../Core/Src/stm32f3xx_it.c:21:
../Core/Inc/main.h:30:10: fatal error: stm32f1xx_hal.h: No such file or directory
   30 | #include "stm32f1xx_hal.h"
      |          ^~~~~~~~~~~~~~~~~
compilation terminated.
make: *** Waiting for unfinished jobs....
make: *** [Core/Src/subdir.mk:40: Core/Src/main.o] Error 1
make: *** [Core/Src/subdir.mk:40: Core/Src/uart.o] Error 1
make: *** [Core/Src/subdir.mk:40: Core/Src/stm32f3xx_it.o] Error 1
In file included from ../Core/Inc/ds18b20.h:11,
                 from ../Core/Src/ds18b20.c:1:
../Core/Inc/main.h:30:10: fatal error: stm32f1xx_hal.h: No such file or directory
   30 | #include "stm32f1xx_hal.h"
      |          ^~~~~~~~~~~~~~~~~
compilation terminated.
make: *** [Core/Src/subdir.mk:40: Core/Src/ds18b20.o] Error 1
"make -j8 all" terminated with exit code 2. Build might be incomplete.
14:35:11 **** Incremental Build of configuration Debug for project temperatura ****
make -j8 all 
arm-none-eabi-gcc "../Core/Src/ds18b20.c" -mcpu=cortex-m4 -std=gnu11 -g3 -DDEBUG -DUSE_HAL_DRIVER -DSTM32F303xE -c -I../Core/Inc -I../Drivers/STM32F3xx_HAL_Driver/Inc -I../Drivers/STM32F3xx_HAL_Driver/Inc/Legacy -I../Drivers/CMSIS/Device/ST/STM32F3xx/Include -I../Drivers/CMSIS/Include -O0 -ffunction-sections -fdata-sections -Wall -fstack-usage -fcyclomatic-complexity -MMD -MP -MF"Core/Src/ds18b20.d" -MT"Core/Src/ds18b20.o" --specs=nano.specs -mfpu=fpv4-sp-d16 -mfloat-abi=hard -mthumb -o "Core/Src/ds18b20.o"
arm-none-eabi-gcc "../Core/Src/main.c" -mcpu=cortex-m4 -std=gnu11 -g3 -DDEBUG -DUSE_HAL_DRIVER -DSTM32F303xE -c -I../Core/Inc -I../Drivers/STM32F3xx_HAL_Driver/Inc -I../Drivers/STM32F3xx_HAL_Driver/Inc/Legacy -I../Drivers/CMSIS/Device/ST/STM32F3xx/Include -I../Drivers/CMSIS/Include -O0 -ffunction-sections -fdata-sections -Wall -fstack-usage -fcyclomatic-complexity -MMD -MP -MF"Core/Src/main.d" -MT"Core/Src/main.o" --specs=nano.specs -mfpu=fpv4-sp-d16 -mfloat-abi=hard -mthumb -o "Core/Src/main.o"
arm-none-eabi-gcc "../Core/Src/stm32f3xx_hal_msp.c" -mcpu=cortex-m4 -std=gnu11 -g3 -DDEBUG -DUSE_HAL_DRIVER -DSTM32F303xE -c -I../Core/Inc -I../Drivers/STM32F3xx_HAL_Driver/Inc -I../Drivers/STM32F3xx_HAL_Driver/Inc/Legacy -I../Drivers/CMSIS/Device/ST/STM32F3xx/Include -I../Drivers/CMSIS/Include -O0 -ffunction-sections -fdata-sections -Wall -fstack-usage -fcyclomatic-complexity -MMD -MP -MF"Core/Src/stm32f3xx_hal_msp.d" -MT"Core/Src/stm32f3xx_hal_msp.o" --specs=nano.specs -mfpu=fpv4-sp-d16 -mfloat-abi=hard -mthumb -o "Core/Src/stm32f3xx_hal_msp.o"
arm-none-eabi-gcc "../Core/Src/stm32f3xx_it.c" -mcpu=cortex-m4 -std=gnu11 -g3 -DDEBUG -DUSE_HAL_DRIVER -DSTM32F303xE -c -I../Core/Inc -I../Drivers/STM32F3xx_HAL_Driver/Inc -I../Drivers/STM32F3xx_HAL_Driver/Inc/Legacy -I../Drivers/CMSIS/Device/ST/STM32F3xx/Include -I../Drivers/CMSIS/Include -O0 -ffunction-sections -fdata-sections -Wall -fstack-usage -fcyclomatic-complexity -MMD -MP -MF"Core/Src/stm32f3xx_it.d" -MT"Core/Src/stm32f3xx_it.o" --specs=nano.specs -mfpu=fpv4-sp-d16 -mfloat-abi=hard -mthumb -o "Core/Src/stm32f3xx_it.o"
arm-none-eabi-gcc "../Core/Src/uart.c" -mcpu=cortex-m4 -std=gnu11 -g3 -DDEBUG -DUSE_HAL_DRIVER -DSTM32F303xE -c -I../Core/Inc -I../Drivers/STM32F3xx_HAL_Driver/Inc -I../Drivers/STM32F3xx_HAL_Driver/Inc/Legacy -I../Drivers/CMSIS/Device/ST/STM32F3xx/Include -I../Drivers/CMSIS/Include -O0 -ffunction-sections -fdata-sections -Wall -fstack-usage -fcyclomatic-complexity -MMD -MP -MF"Core/Src/uart.d" -MT"Core/Src/uart.o" --specs=nano.specs -mfpu=fpv4-sp-d16 -mfloat-abi=hard -mthumb -o "Core/Src/uart.o"
In file included from ../Core/Src/ds18b20.c:1:
../Core/Inc/ds18b20.h:16:19: error: unknown type name 'uint32_t'
   16 | void delay_us_dwt(uint32_t us);
      |                   ^~~~~~~~
../Core/Inc/ds18b20.h:12:1: note: 'uint32_t' is defined in header '<stdint.h>'; did you forget to '#include <stdint.h>'?
   11 | #include "main.h"
  +++ |+#include <stdint.h>
   12 | 
../Core/Inc/ds18b20.h:23:1: error: unknown type name 'uint8_t'
   23 | uint8_t onewire_reset();
      | ^~~~~~~
../Core/Inc/ds18b20.h:23:1: note: 'uint8_t' is defined in header '<stdint.h>'; did you forget to '#include <stdint.h>'?
../Core/Inc/ds18b20.h:24:20: error: unknown type name 'uint8_t'
   24 | void onewire_Write(uint8_t dato);
      |                    ^~~~~~~
../Core/Inc/ds18b20.h:24:20: note: 'uint8_t' is defined in header '<stdint.h>'; did you forget to '#include <stdint.h>'?
../Core/Inc/ds18b20.h:25:1: error: unknown type name 'uint8_t'
   25 | uint8_t onewire_Read();
      | ^~~~~~~
../Core/Inc/ds18b20.h:25:1: note: 'uint8_t' is defined in header '<stdint.h>'; did you forget to '#include <stdint.h>'?
In file included from ../Core/Src/main.c:24:
../Core/Inc/ds18b20.h:16:19: error: unknown type name 'uint32_t'
   16 | void delay_us_dwt(uint32_t us);
      |                   ^~~~~~~~
../Core/Inc/ds18b20.h:12:1: note: 'uint32_t' is defined in header '<stdint.h>'; did you forget to '#include <stdint.h>'?
   11 | #include "main.h"
  +++ |+#include <stdint.h>
   12 | 
../Core/Inc/ds18b20.h:23:1: error: unknown type name 'uint8_t'
   23 | uint8_t onewire_reset();
      | ^~~~~~~
../Core/Inc/ds18b20.h:23:1: note: 'uint8_t' is defined in header '<stdint.h>'; did you forget to '#include <stdint.h>'?
../Core/Inc/ds18b20.h:24:20: error: unknown type name 'uint8_t'
   24 | void onewire_Write(uint8_t dato);
      |                    ^~~~~~~
../Core/Inc/ds18b20.h:24:20: note: 'uint8_t' is defined in header '<stdint.h>'; did you forget to '#include <stdint.h>'?
../Core/Inc/ds18b20.h:25:1: error: unknown type name 'uint8_t'
   25 | uint8_t onewire_Read();
      | ^~~~~~~
../Core/Inc/ds18b20.h:25:1: note: 'uint8_t' is defined in header '<stdint.h>'; did you forget to '#include <stdint.h>'?
../Core/Inc/ds18b20.h:28:17: error: unknown type name 'GPIO_TypeDef'
   28 | void Output_Pin(GPIO_TypeDef *GPIOx, uint16_t GPIO_Pin);
      |                 ^~~~~~~~~~~~
../Core/Inc/ds18b20.h:28:38: error: unknown type name 'uint16_t'
   28 | void Output_Pin(GPIO_TypeDef *GPIOx, uint16_t GPIO_Pin);
      |                                      ^~~~~~~~
../Core/Inc/ds18b20.h:28:38: note: 'uint16_t' is defined in header '<stdint.h>'; did you forget to '#include <stdint.h>'?
../Core/Inc/ds18b20.h:28:17: error: unknown type name 'GPIO_TypeDef'
   28 | void Output_Pin(GPIO_TypeDef *GPIOx, uint16_t GPIO_Pin);
      |                 ^~~~~~~~~~~~
../Core/Inc/ds18b20.h:28:38: error: unknown type name 'uint16_t'
   28 | void Output_Pin(GPIO_TypeDef *GPIOx, uint16_t GPIO_Pin);
      |                                      ^~~~~~~~
../Core/Inc/ds18b20.h:28:38: note: 'uint16_t' is defined in header '<stdint.h>'; did you forget to '#include <stdint.h>'?
../Core/Inc/ds18b20.h:29:16: error: unknown type name 'GPIO_TypeDef'
   29 | void Input_Pin(GPIO_TypeDef *GPIOx, uint16_t GPIO_Pin);
      |                ^~~~~~~~~~~~
../Core/Inc/ds18b20.h:29:37: error: unknown type name 'uint16_t'
   29 | void Input_Pin(GPIO_TypeDef *GPIOx, uint16_t GPIO_Pin);
      |                                     ^~~~~~~~
../Core/Inc/ds18b20.h:29:37: note: 'uint16_t' is defined in header '<stdint.h>'; did you forget to '#include <stdint.h>'?
../Core/Inc/ds18b20.h:29:16: error: unknown type name 'GPIO_TypeDef'
   29 | void Input_Pin(GPIO_TypeDef *GPIOx, uint16_t GPIO_Pin);
      |                ^~~~~~~~~~~~
../Core/Inc/ds18b20.h:29:37: error: unknown type name 'uint16_t'
   29 | void Input_Pin(GPIO_TypeDef *GPIOx, uint16_t GPIO_Pin);
      |                                     ^~~~~~~~
../Core/Inc/ds18b20.h:29:37: note: 'uint16_t' is defined in header '<stdint.h>'; did you forget to '#include <stdint.h>'?
../Core/Src/ds18b20.c: In function 'delay_us_dwt_init':
../Core/Src/ds18b20.c:5:5: error: 'CoreDebug' undeclared (first use in this function)
    5 |     CoreDebug->DEMCR |= CoreDebug_DEMCR_TRCENA_Msk;  // Enable DWT
      |     ^~~~~~~~~
../Core/Src/ds18b20.c:5:5: note: each undeclared identifier is reported only once for each function it appears in
In file included from ../Core/Src/main.c:25:
../Core/Inc/uart.h:16:18: error: unknown type name 'UART_HandleTypeDef'
   16 | void uartx_write(UART_HandleTypeDef *huart,uint8_t ch);
      |                  ^~~~~~~~~~~~~~~~~~
../Core/Inc/uart.h:16:44: error: unknown type name 'uint8_t'
   16 | void uartx_write(UART_HandleTypeDef *huart,uint8_t ch);
      |                                            ^~~~~~~
../Core/Inc/uart.h:1:1: note: 'uint8_t' is defined in header '<stdint.h>'; did you forget to '#include <stdint.h>'?
  +++ |+#include <stdint.h>
    1 | /*
../Core/Inc/uart.h:17:23: error: unknown type name 'UART_HandleTypeDef'
   17 | void uartx_write_text(UART_HandleTypeDef *huart, char *info);
      |                       ^~~~~~~~~~~~~~~~~~
../Core/Src/ds18b20.c:5:25: error: 'CoreDebug_DEMCR_TRCENA_Msk' undeclared (first use in this function)
    5 |     CoreDebug->DEMCR |= CoreDebug_DEMCR_TRCENA_Msk;  // Enable DWT
      |                         ^~~~~~~~~~~~~~~~~~~~~~~~~~
../Core/Src/ds18b20.c:6:5: error: 'DWT' undeclared (first use in this function)
    6 |     DWT->CTRL |= DWT_CTRL_CYCCNTENA_Msk;             // Enable cycle counter
      |     ^~~
../Core/Src/ds18b20.c:6:18: error: 'DWT_CTRL_CYCCNTENA_Msk' undeclared (first use in this function)
    6 |     DWT->CTRL |= DWT_CTRL_CYCCNTENA_Msk;             // Enable cycle counter
      |                  ^~~~~~~~~~~~~~~~~~~~~~
../Core/Src/ds18b20.c: At top level:
../Core/Src/ds18b20.c:10:19: error: unknown type name 'uint32_t'
   10 | void delay_us_dwt(uint32_t us) {
      |                   ^~~~~~~~
../Core/Src/ds18b20.c:2:1: note: 'uint32_t' is defined in header '<stdint.h>'; did you forget to '#include <stdint.h>'?
    1 | #include "ds18b20.h"
  +++ |+#include <stdint.h>
    2 | 
../Core/Src/ds18b20.c: In function 'DS18b20_temp':
../Core/Src/ds18b20.c:18:5: error: unknown type name 'uint8_t'
   18 |     uint8_t temp_lsb, temp_msb;
      |     ^~~~~~~
../Core/Src/ds18b20.c:18:5: note: 'uint8_t' is defined in header '<stdint.h>'; did you forget to '#include <stdint.h>'?
../Core/Src/ds18b20.c:19:5: error: unknown type name 'int16_t'
   19 |     int16_t raw_temp;
      |     ^~~~~~~
../Core/Src/ds18b20.c:19:5: note: 'int16_t' is defined in header '<stdint.h>'; did you forget to '#include <stdint.h>'?
../Core/Src/ds18b20.c:22:5: warning: implicit declaration of function 'onewire_Write'; did you mean 'onewire_reset'? [-Wimplicit-function-declaration]
   22 |     onewire_Write(0xCC);  // Skip ROM command
      |     ^~~~~~~~~~~~~
      |     onewire_reset
../Core/Src/ds18b20.c:24:5: warning: implicit declaration of function 'HAL_Delay' [-Wimplicit-function-declaration]
   24 |     HAL_Delay(750);       // Wait for conversion (typical 750ms for 12-bit resolution)
      |     ^~~~~~~~~
../Core/Src/stm32f3xx_it.c: In function 'SysTick_Handler':
../Core/Src/stm32f3xx_it.c:188:3: warning: implicit declaration of function 'HAL_IncTick' [-Wimplicit-function-declaration]
  188 |   HAL_IncTick();
      |   ^~~~~~~~~~~
In file included from ../Core/Src/uart.c:8:
../Core/Inc/uart.h:16:18: error: unknown type name 'UART_HandleTypeDef'
   16 | void uartx_write(UART_HandleTypeDef *huart,uint8_t ch);
      |                  ^~~~~~~~~~~~~~~~~~
../Core/Inc/uart.h:16:44: error: unknown type name 'uint8_t'
   16 | void uartx_write(UART_HandleTypeDef *huart,uint8_t ch);
      |                                            ^~~~~~~
../Core/Inc/uart.h:13:1: note: 'uint8_t' is defined in header '<stdint.h>'; did you forget to '#include <stdint.h>'?
   12 | #include "main.h"
  +++ |+#include <stdint.h>
   13 | 
../Core/Inc/uart.h:17:23: error: unknown type name 'UART_HandleTypeDef'
   17 | void uartx_write_text(UART_HandleTypeDef *huart, char *info);
      |                       ^~~~~~~~~~~~~~~~~~
../Core/Src/uart.c:11:18: error: unknown type name 'UART_HandleTypeDef'
   11 | void uartx_write(UART_HandleTypeDef *huart,uint8_t ch)
      |                  ^~~~~~~~~~~~~~~~~~
../Core/Src/uart.c:11:44: error: unknown type name 'uint8_t'
   11 | void uartx_write(UART_HandleTypeDef *huart,uint8_t ch)
      |                                            ^~~~~~~
../Core/Src/uart.c:9:1: note: 'uint8_t' is defined in header '<stdint.h>'; did you forget to '#include <stdint.h>'?
    8 | #include "uart.h"
  +++ |+#include <stdint.h>
    9 | 
../Core/Src/uart.c:17:23: error: unknown type name 'UART_HandleTypeDef'
   17 | void uartx_write_text(UART_HandleTypeDef *huart, char *info)
      |                       ^~~~~~~~~~~~~~~~~~
../Core/Src/ds18b20.c: At top level:
../Core/Src/ds18b20.c:38:1: error: unknown type name 'uint8_t'
   38 | uint8_t onewire_reset(void) {
      | ^~~~~~~
../Core/Src/ds18b20.c:38:1: note: 'uint8_t' is defined in header '<stdint.h>'; did you forget to '#include <stdint.h>'?
../Core/Src/ds18b20.c: In function 'onewire_reset':
../Core/Src/ds18b20.c:39:5: error: unknown type name 'uint8_t'
   39 |     uint8_t sensor_present = 0;
      |     ^~~~~~~
../Core/Src/ds18b20.c:39:5: note: 'uint8_t' is defined in header '<stdint.h>'; did you forget to '#include <stdint.h>'?
../Core/Src/stm32f3xx_hal_msp.c: In function 'HAL_MspInit':
../Core/Src/stm32f3xx_hal_msp.c:70:3: warning: implicit declaration of function '__HAL_RCC_SYSCFG_CLK_ENABLE' [-Wimplicit-function-declaration]
   70 |   __HAL_RCC_SYSCFG_CLK_ENABLE();
      |   ^~~~~~~~~~~~~~~~~~~~~~~~~~~
../Core/Src/ds18b20.c:41:5: warning: implicit declaration of function 'Output_Pin' [-Wimplicit-function-declaration]
   41 |     Output_Pin(ONEWIRE_GPIO_Port, ONEWIRE_Pin);
      |     ^~~~~~~~~~
../Core/Src/main.c:47:1: error: unknown type name 'UART_HandleTypeDef'
   47 | UART_HandleTypeDef huart1;
      | ^~~~~~~~~~~~~~~~~~
make: *** [Core/Src/subdir.mk:40: Core/Src/uart.o] Error 1
make: *** Waiting for unfinished jobs....
In file included from ../Core/Inc/ds18b20.h:11:
../Core/Inc/main.h:62:27: error: 'GPIOA' undeclared (first use in this function)
   62 | #define ONEWIRE_GPIO_Port GPIOA
      |                           ^~~~~
../Core/Src/ds18b20.c:41:16: note: in expansion of macro 'ONEWIRE_GPIO_Port'
   41 |     Output_Pin(ONEWIRE_GPIO_Port, ONEWIRE_Pin);
      |                ^~~~~~~~~~~~~~~~~
../Core/Src/main.c: In function 'main':
../Core/Inc/main.h:61:21: error: 'GPIO_PIN_1' undeclared (first use in this function)
   61 | #define ONEWIRE_Pin GPIO_PIN_1
      |                     ^~~~~~~~~~
../Core/Src/ds18b20.c:41:35: note: in expansion of macro 'ONEWIRE_Pin'
   41 |     Output_Pin(ONEWIRE_GPIO_Port, ONEWIRE_Pin);
      |                                   ^~~~~~~~~~~
../Core/Src/main.c:80:3: warning: implicit declaration of function 'HAL_Init' [-Wimplicit-function-declaration]
   80 |   HAL_Init();
      |   ^~~~~~~~
../Core/Src/ds18b20.c:42:5: warning: implicit declaration of function 'HAL_GPIO_WritePin' [-Wimplicit-function-declaration]
   42 |     HAL_GPIO_WritePin(ONEWIRE_GPIO_Port, ONEWIRE_Pin, GPIO_PIN_RESET);
      |     ^~~~~~~~~~~~~~~~~
../Core/Src/ds18b20.c:42:55: error: 'GPIO_PIN_RESET' undeclared (first use in this function)
   42 |     HAL_GPIO_WritePin(ONEWIRE_GPIO_Port, ONEWIRE_Pin, GPIO_PIN_RESET);
      |                                                       ^~~~~~~~~~~~~~
../Core/Src/main.c:99:3: warning: implicit declaration of function 'uartx_write_text' [-Wimplicit-function-declaration]
   99 |   uartx_write_text(&huart1, "Initialization complete\r\n");
      |   ^~~~~~~~~~~~~~~~
../Core/Src/ds18b20.c:43:5: warning: implicit declaration of function 'delay_us_dwt'; did you mean 'delay_us'? [-Wimplicit-function-declaration]
   43 |     delay_us_dwt(480);  // Pull low for 480µs
      |     ^~~~~~~~~~~~
      |     delay_us
../Core/Src/ds18b20.c:45:5: warning: implicit declaration of function 'Input_Pin' [-Wimplicit-function-declaration]
   45 |     Input_Pin(ONEWIRE_GPIO_Port, ONEWIRE_Pin);
      |     ^~~~~~~~~
../Core/Src/main.c:113:19: warning: implicit declaration of function 'HAL_Delay' [-Wimplicit-function-declaration]
  113 |                   HAL_Delay(800);
      |                   ^~~~~~~~~
../Core/Src/ds18b20.c:48:9: warning: implicit declaration of function 'HAL_GPIO_ReadPin' [-Wimplicit-function-declaration]
   48 |     if (HAL_GPIO_ReadPin(ONEWIRE_GPIO_Port, ONEWIRE_Pin) == GPIO_PIN_RESET) {
      |         ^~~~~~~~~~~~~~~~
../Core/Src/main.c:114:7: warning: implicit declaration of function 'HAL_GPIO_TogglePin' [-Wimplicit-function-declaration]
  114 |       HAL_GPIO_TogglePin(led_GPIO_Port, led_Pin);
      |       ^~~~~~~~~~~~~~~~~~
../Core/Src/ds18b20.c: At top level:
../Core/Src/ds18b20.c:58:20: error: unknown type name 'uint8_t'
   58 | void onewire_Write(uint8_t dato) {
      |                    ^~~~~~~
../Core/Src/ds18b20.c:58:20: note: 'uint8_t' is defined in header '<stdint.h>'; did you forget to '#include <stdint.h>'?
../Core/Src/ds18b20.c:79:1: error: unknown type name 'uint8_t'
   79 | uint8_t onewire_Read(void) {
      | ^~~~~~~
../Core/Src/ds18b20.c:79:1: note: 'uint8_t' is defined in header '<stdint.h>'; did you forget to '#include <stdint.h>'?
../Core/Src/ds18b20.c: In function 'onewire_Read':
../Core/Src/ds18b20.c:80:5: error: unknown type name 'uint8_t'
   80 |     uint8_t read_byte = 0;
      |     ^~~~~~~
../Core/Src/ds18b20.c:80:5: note: 'uint8_t' is defined in header '<stdint.h>'; did you forget to '#include <stdint.h>'?
../Core/Inc/main.h:62:27: error: 'GPIOA' undeclared (first use in this function)
   62 | #define ONEWIRE_GPIO_Port GPIOA
      |                           ^~~~~
../Core/Src/ds18b20.c:83:20: note: in expansion of macro 'ONEWIRE_GPIO_Port'
   83 |         Output_Pin(ONEWIRE_GPIO_Port, ONEWIRE_Pin);
      |                    ^~~~~~~~~~~~~~~~~
In file included from ../Core/Src/main.c:20:
../Core/Inc/main.h:60:23: error: 'GPIOC' undeclared (first use in this function)
   60 | #define led_GPIO_Port GPIOC
      |                       ^~~~~
../Core/Src/main.c:114:26: note: in expansion of macro 'led_GPIO_Port'
  114 |       HAL_GPIO_TogglePin(led_GPIO_Port, led_Pin);
      |                          ^~~~~~~~~~~~~
../Core/Inc/main.h:60:23: note: each undeclared identifier is reported only once for each function it appears in
   60 | #define led_GPIO_Port GPIOC
      |                       ^~~~~
../Core/Src/main.c:114:26: note: in expansion of macro 'led_GPIO_Port'
  114 |       HAL_GPIO_TogglePin(led_GPIO_Port, led_Pin);
      |                          ^~~~~~~~~~~~~
../Core/Inc/main.h:61:21: error: 'GPIO_PIN_1' undeclared (first use in this function)
   61 | #define ONEWIRE_Pin GPIO_PIN_1
      |                     ^~~~~~~~~~
../Core/Src/ds18b20.c:83:39: note: in expansion of macro 'ONEWIRE_Pin'
   83 |         Output_Pin(ONEWIRE_GPIO_Port, ONEWIRE_Pin);
      |                                       ^~~~~~~~~~~
../Core/Inc/main.h:59:17: error: 'GPIO_PIN_13' undeclared (first use in this function)
   59 | #define led_Pin GPIO_PIN_13
      |                 ^~~~~~~~~~~
../Core/Src/main.c:114:41: note: in expansion of macro 'led_Pin'
  114 |       HAL_GPIO_TogglePin(led_GPIO_Port, led_Pin);
      |                                         ^~~~~~~
../Core/Src/ds18b20.c:84:59: error: 'GPIO_PIN_RESET' undeclared (first use in this function)
   84 |         HAL_GPIO_WritePin(ONEWIRE_GPIO_Port, ONEWIRE_Pin, GPIO_PIN_RESET);
      |                                                           ^~~~~~~~~~~~~~
../Core/Src/ds18b20.c:90:65: error: 'GPIO_PIN_SET' undeclared (first use in this function)
   90 |         if (HAL_GPIO_ReadPin(ONEWIRE_GPIO_Port, ONEWIRE_Pin) == GPIO_PIN_SET) {
      |                                                                 ^~~~~~~~~~~~
../Core/Src/main.c: In function 'SystemClock_Config':
../Core/Src/main.c:125:3: error: unknown type name 'RCC_OscInitTypeDef'
  125 |   RCC_OscInitTypeDef RCC_OscInitStruct = {0};
      |   ^~~~~~~~~~~~~~~~~~
../Core/Src/ds18b20.c: At top level:
../Core/Src/ds18b20.c:100:16: error: unknown type name 'GPIO_TypeDef'
  100 | void Input_Pin(GPIO_TypeDef *GPIOx, uint16_t GPIO_Pin) {
      |                ^~~~~~~~~~~~
../Core/Src/ds18b20.c:100:37: error: unknown type name 'uint16_t'
  100 | void Input_Pin(GPIO_TypeDef *GPIOx, uint16_t GPIO_Pin) {
      |                                     ^~~~~~~~
../Core/Src/ds18b20.c:100:37: note: 'uint16_t' is defined in header '<stdint.h>'; did you forget to '#include <stdint.h>'?
../Core/Src/main.c:126:3: error: unknown type name 'RCC_ClkInitTypeDef'
  126 |   RCC_ClkInitTypeDef RCC_ClkInitStruct = {0};
      |   ^~~~~~~~~~~~~~~~~~
../Core/Src/stm32f3xx_hal_msp.c:71:3: warning: implicit declaration of function '__HAL_RCC_PWR_CLK_ENABLE' [-Wimplicit-function-declaration]
   71 |   __HAL_RCC_PWR_CLK_ENABLE();
      |   ^~~~~~~~~~~~~~~~~~~~~~~~
../Core/Src/main.c:131:20: error: request for member 'OscillatorType' in something not a structure or union
  131 |   RCC_OscInitStruct.OscillatorType = RCC_OSCILLATORTYPE_HSI;
      |                    ^
../Core/Src/ds18b20.c:123:17: error: unknown type name 'GPIO_TypeDef'
  123 | void Output_Pin(GPIO_TypeDef *GPIOx, uint16_t GPIO_Pin) {
      |                 ^~~~~~~~~~~~
../Core/Src/stm32f3xx_hal_msp.c:73:3: warning: implicit declaration of function 'HAL_NVIC_SetPriorityGrouping' [-Wimplicit-function-declaration]
   73 |   HAL_NVIC_SetPriorityGrouping(NVIC_PRIORITYGROUP_0);
      |   ^~~~~~~~~~~~~~~~~~~~~~~~~~~~
../Core/Src/ds18b20.c:123:38: error: unknown type name 'uint16_t'
  123 | void Output_Pin(GPIO_TypeDef *GPIOx, uint16_t GPIO_Pin) {
      |                                      ^~~~~~~~
../Core/Src/ds18b20.c:123:38: note: 'uint16_t' is defined in header '<stdint.h>'; did you forget to '#include <stdint.h>'?
../Core/Src/stm32f3xx_hal_msp.c:73:32: error: 'NVIC_PRIORITYGROUP_0' undeclared (first use in this function)
   73 |   HAL_NVIC_SetPriorityGrouping(NVIC_PRIORITYGROUP_0);
      |                                ^~~~~~~~~~~~~~~~~~~~
../Core/Src/stm32f3xx_hal_msp.c:73:32: note: each undeclared identifier is reported only once for each function it appears in
../Core/Src/main.c:131:38: error: 'RCC_OSCILLATORTYPE_HSI' undeclared (first use in this function)
  131 |   RCC_OscInitStruct.OscillatorType = RCC_OSCILLATORTYPE_HSI;
      |                                      ^~~~~~~~~~~~~~~~~~~~~~
../Core/Src/main.c:132:20: error: request for member 'HSIState' in something not a structure or union
  132 |   RCC_OscInitStruct.HSIState = RCC_HSI_ON;
      |                    ^
../Core/Src/stm32f3xx_hal_msp.c: At top level:
../Core/Src/stm32f3xx_hal_msp.c:88:23: error: unknown type name 'UART_HandleTypeDef'
   88 | void HAL_UART_MspInit(UART_HandleTypeDef* huart)
      |                       ^~~~~~~~~~~~~~~~~~
../Core/Src/main.c:132:32: error: 'RCC_HSI_ON' undeclared (first use in this function)
  132 |   RCC_OscInitStruct.HSIState = RCC_HSI_ON;
      |                                ^~~~~~~~~~
../Core/Src/stm32f3xx_hal_msp.c:125:25: error: unknown type name 'UART_HandleTypeDef'
  125 | void HAL_UART_MspDeInit(UART_HandleTypeDef* huart)
      |                         ^~~~~~~~~~~~~~~~~~
../Core/Src/main.c:133:20: error: request for member 'HSICalibrationValue' in something not a structure or union
  133 |   RCC_OscInitStruct.HSICalibrationValue = RCC_HSICALIBRATION_DEFAULT;
      |                    ^
../Core/Src/main.c:133:43: error: 'RCC_HSICALIBRATION_DEFAULT' undeclared (first use in this function)
  133 |   RCC_OscInitStruct.HSICalibrationValue = RCC_HSICALIBRATION_DEFAULT;
      |                                           ^~~~~~~~~~~~~~~~~~~~~~~~~~
../Core/Src/main.c:134:20: error: request for member 'PLL' in something not a structure or union
  134 |   RCC_OscInitStruct.PLL.PLLState = RCC_PLL_ON;
      |                    ^
../Core/Src/main.c:134:36: error: 'RCC_PLL_ON' undeclared (first use in this function)
  134 |   RCC_OscInitStruct.PLL.PLLState = RCC_PLL_ON;
      |                                    ^~~~~~~~~~
../Core/Src/main.c:135:20: error: request for member 'PLL' in something not a structure or union
  135 |   RCC_OscInitStruct.PLL.PLLSource = RCC_PLLSOURCE_HSI_DIV2;
      |                    ^
make: *** [Core/Src/subdir.mk:40: Core/Src/ds18b20.o] Error 1
make: *** [Core/Src/subdir.mk:40: Core/Src/stm32f3xx_hal_msp.o] Error 1
../Core/Src/main.c:135:37: error: 'RCC_PLLSOURCE_HSI_DIV2' undeclared (first use in this function)
  135 |   RCC_OscInitStruct.PLL.PLLSource = RCC_PLLSOURCE_HSI_DIV2;
      |                                     ^~~~~~~~~~~~~~~~~~~~~~
../Core/Src/main.c:136:20: error: request for member 'PLL' in something not a structure or union
  136 |   RCC_OscInitStruct.PLL.PLLMUL = RCC_PLL_MUL4;
      |                    ^
../Core/Src/main.c:136:34: error: 'RCC_PLL_MUL4' undeclared (first use in this function)
  136 |   RCC_OscInitStruct.PLL.PLLMUL = RCC_PLL_MUL4;
      |                                  ^~~~~~~~~~~~
../Core/Src/main.c:137:7: warning: implicit declaration of function 'HAL_RCC_OscConfig' [-Wimplicit-function-declaration]
  137 |   if (HAL_RCC_OscConfig(&RCC_OscInitStruct) != HAL_OK)
      |       ^~~~~~~~~~~~~~~~~
../Core/Src/main.c:137:48: error: 'HAL_OK' undeclared (first use in this function)
  137 |   if (HAL_RCC_OscConfig(&RCC_OscInitStruct) != HAL_OK)
      |                                                ^~~~~~
../Core/Src/main.c:144:20: error: request for member 'ClockType' in something not a structure or union
  144 |   RCC_ClkInitStruct.ClockType = RCC_CLOCKTYPE_HCLK|RCC_CLOCKTYPE_SYSCLK
      |                    ^
../Core/Src/main.c:144:33: error: 'RCC_CLOCKTYPE_HCLK' undeclared (first use in this function)
  144 |   RCC_ClkInitStruct.ClockType = RCC_CLOCKTYPE_HCLK|RCC_CLOCKTYPE_SYSCLK
      |                                 ^~~~~~~~~~~~~~~~~~
../Core/Src/main.c:144:52: error: 'RCC_CLOCKTYPE_SYSCLK' undeclared (first use in this function)
  144 |   RCC_ClkInitStruct.ClockType = RCC_CLOCKTYPE_HCLK|RCC_CLOCKTYPE_SYSCLK
      |                                                    ^~~~~~~~~~~~~~~~~~~~
../Core/Src/main.c:145:32: error: 'RCC_CLOCKTYPE_PCLK1' undeclared (first use in this function)
  145 |                               |RCC_CLOCKTYPE_PCLK1|RCC_CLOCKTYPE_PCLK2;
      |                                ^~~~~~~~~~~~~~~~~~~
../Core/Src/main.c:145:52: error: 'RCC_CLOCKTYPE_PCLK2' undeclared (first use in this function)
  145 |                               |RCC_CLOCKTYPE_PCLK1|RCC_CLOCKTYPE_PCLK2;
      |                                                    ^~~~~~~~~~~~~~~~~~~
../Core/Src/main.c:146:20: error: request for member 'SYSCLKSource' in something not a structure or union
  146 |   RCC_ClkInitStruct.SYSCLKSource = RCC_SYSCLKSOURCE_PLLCLK;
      |                    ^
../Core/Src/main.c:146:36: error: 'RCC_SYSCLKSOURCE_PLLCLK' undeclared (first use in this function)
  146 |   RCC_ClkInitStruct.SYSCLKSource = RCC_SYSCLKSOURCE_PLLCLK;
      |                                    ^~~~~~~~~~~~~~~~~~~~~~~
../Core/Src/main.c:147:20: error: request for member 'AHBCLKDivider' in something not a structure or union
  147 |   RCC_ClkInitStruct.AHBCLKDivider = RCC_SYSCLK_DIV1;
      |                    ^
../Core/Src/main.c:147:37: error: 'RCC_SYSCLK_DIV1' undeclared (first use in this function)
  147 |   RCC_ClkInitStruct.AHBCLKDivider = RCC_SYSCLK_DIV1;
      |                                     ^~~~~~~~~~~~~~~
../Core/Src/main.c:148:20: error: request for member 'APB1CLKDivider' in something not a structure or union
  148 |   RCC_ClkInitStruct.APB1CLKDivider = RCC_HCLK_DIV2;
      |                    ^
../Core/Src/main.c:148:38: error: 'RCC_HCLK_DIV2' undeclared (first use in this function)
  148 |   RCC_ClkInitStruct.APB1CLKDivider = RCC_HCLK_DIV2;
      |                                      ^~~~~~~~~~~~~
../Core/Src/main.c:149:20: error: request for member 'APB2CLKDivider' in something not a structure or union
  149 |   RCC_ClkInitStruct.APB2CLKDivider = RCC_HCLK_DIV1;
      |                    ^
../Core/Src/main.c:149:38: error: 'RCC_HCLK_DIV1' undeclared (first use in this function)
  149 |   RCC_ClkInitStruct.APB2CLKDivider = RCC_HCLK_DIV1;
      |                                      ^~~~~~~~~~~~~
../Core/Src/main.c:151:7: warning: implicit declaration of function 'HAL_RCC_ClockConfig' [-Wimplicit-function-declaration]
  151 |   if (HAL_RCC_ClockConfig(&RCC_ClkInitStruct, FLASH_LATENCY_0) != HAL_OK)
      |       ^~~~~~~~~~~~~~~~~~~
../Core/Src/main.c:151:47: error: 'FLASH_LATENCY_0' undeclared (first use in this function)
  151 |   if (HAL_RCC_ClockConfig(&RCC_ClkInitStruct, FLASH_LATENCY_0) != HAL_OK)
      |                                               ^~~~~~~~~~~~~~~
../Core/Src/main.c: In function 'MX_USART1_UART_Init':
[...]
arm-none-eabi-gcc "../Core/Src/stm32f3xx_it.c" -mcpu=cortex-m4 -std=gnu11 -g3 -DDEBUG -DUSE_HAL_DRIVER -DSTM32F303xE -c -I../Core/Inc -I../Drivers/STM32F3xx_HAL_Driver/Inc -I../Drivers/STM32F3xx_HAL_Driver/Inc/Legacy -I../Drivers/CMSIS/Device/ST/STM32F3xx/Include -I../Drivers/CMSIS/Include -O0 -ffunction-sections -fdata-sections -Wall -fstack-usage -fcyclomatic-complexity -MMD -MP -MF"Core/Src/stm32f3xx_it.d" -MT"Core/Src/stm32f3xx_it.o" --specs=nano.specs -mfpu=fpv4-sp-d16 -mfloat-abi=hard -mthumb -o "Core/Src/stm32f3xx_it.o"
arm-none-eabi-gcc "../Core/Src/system_stm32f3xx.c" -mcpu=cortex-m4 -std=gnu11 -g3 -DDEBUG -DUSE_HAL_DRIVER -DSTM32F303xE -c -I../Core/Inc -I../Drivers/STM32F3xx_HAL_Driver/Inc -I../Drivers/STM32F3xx_HAL_Driver/Inc/Legacy -I../Drivers/CMSIS/Device/ST/STM32F3xx/Include -I../Drivers/CMSIS/Include -O0 -ffunction-sections -fdata-sections -Wall -fstack-usage -fcyclomatic-complexity -MMD -MP -MF"Core/Src/system_stm32f3xx.d" -MT"Core/Src/system_stm32f3xx.o" --specs=nano.specs -mfpu=fpv4-sp-d16 -mfloat-abi=hard -mthumb -o "Core/Src/system_stm32f3xx.o"
arm-none-eabi-gcc "../Core/Src/uart.c" -mcpu=cortex-m4 -std=gnu11 -g3 -DDEBUG -DUSE_HAL_DRIVER -DSTM32F303xE -c -I../Core/Inc -I../Drivers/STM32F3xx_HAL_Driver/Inc -I../Drivers/STM32F3xx_HAL_Driver/Inc/Legacy -I../Drivers/CMSIS/Device/ST/STM32F3xx/Include -I../Drivers/CMSIS/Include -O0 -ffunction-sections -fdata-sections -Wall -fstack-usage -fcyclomatic-complexity -MMD -MP -MF"Core/Src/uart.d" -MT"Core/Src/uart.o" --specs=nano.specs -mfpu=fpv4-sp-d16 -mfloat-abi=hard -mthumb -o "Core/Src/uart.o"
arm-none-eabi-gcc -o "temperatura.elf" @"objects.list"   -mcpu=cortex-m4 -T"/home/andre/STM32CubeIDE/workspace_1.19.0/temperatura/STM32F303RETX_FLASH.ld" --specs=nosys.specs -Wl,-Map="temperatura.map" -Wl,--gc-sections -static -u _printf_float --specs=nano.specs -mfpu=fpv4-sp-d16 -mfloat-abi=hard -mthumb -Wl,--start-group -lc -lm -Wl,--end-group
Finished building target: temperatura.elf
 
arm-none-eabi-size  temperatura.elf 
arm-none-eabi-objdump -h -S temperatura.elf  > "temperatura.list"
   text	   data	    bss	    dec	    hex	filename
  28160	    468	   2100	  30728	   7808	temperatura.elf
Finished building: default.size.stdout
 
Finished building: temperatura.list
 
20:06:24 **** Incremental Build of configuration Debug for project temperatura ****
make -j8 all 
arm-none-eabi-gcc "../Drivers/STM32F3xx_HAL_Driver/Src/stm32f3xx_hal.c" -mcpu=cortex-m4 -std=gnu11 -g3 -DDEBUG -DUSE_HAL_DRIVER -DSTM32F303xE -c -I../Core/Inc -I../Drivers/STM32F3xx_HAL_Driver/Inc -I../Drivers/STM32F3xx_HAL_Driver/Inc/Legacy -I../Drivers/CMSIS/Device/ST/STM32F3xx/Include -I../Drivers/CMSIS/Include -O0 -ffunction-sections -fdata-sections -Wall -fstack-usage -fcyclomatic-complexity -MMD -MP -MF"Drivers/STM32F3xx_HAL_Driver/Src/stm32f3xx_hal.d" -MT"Drivers/STM32F3xx_HAL_Driver/Src/stm32f3xx_hal.o" --specs=nano.specs -mfpu=fpv4-sp-d16 -mfloat-abi=hard -mthumb -o "Drivers/STM32F3xx_HAL_Driver/Src/stm32f3xx_hal.o"
arm-none-eabi-gcc "../Drivers/STM32F3xx_HAL_Driver/Src/stm32f3xx_hal_cortex.c" -mcpu=cortex-m4 -std=gnu11 -g3 -DDEBUG -DUSE_HAL_DRIVER -DSTM32F303xE -c -I../Core/Inc -I../Drivers/STM32F3xx_HAL_Driver/Inc -I../Drivers/STM32F3xx_HAL_Driver/Inc/Legacy -I../Drivers/CMSIS/Device/ST/STM32F3xx/Include -I../Drivers/CMSIS/Include -O0 -ffunction-sections -fdata-sections -Wall -fstack-usage -fcyclomatic-complexity -MMD -MP -MF"Drivers/STM32F3xx_HAL_Driver/Src/stm32f3xx_hal_cortex.d" -MT"Drivers/STM32F3xx_HAL_Driver/Src/stm32f3xx_hal_cortex.o" --specs=nano.specs -mfpu=fpv4-sp-d16 -mfloat-abi=hard -mthumb -o "Drivers/STM32F3xx_HAL_Driver/Src/stm32f3xx_hal_cortex.o"
arm-none-eabi-gcc "../Drivers/STM32F3xx_HAL_Driver/Src/stm32f3xx_hal_dma.c" -mcpu=cortex-m4 -std=gnu11 -g3 -DDEBUG -DUSE_HAL_DRIVER -DSTM32F303xE -c -I../Core/Inc -I../Drivers/STM32F3xx_HAL_Driver/Inc -I../Drivers/STM32F3xx_HAL_Driver/Inc/Legacy -I../Drivers/CMSIS/Device/ST/STM32F3xx/Include -I../Drivers/CMSIS/Include -O0 -ffunction-sections -fdata-sections -Wall -fstack-usage -fcyclomatic-complexity -MMD -MP -MF"Drivers/STM32F3xx_HAL_Driver/Src/stm32f3xx_hal_dma.d" -MT"Drivers/STM32F3xx_HAL_Driver/Src/stm32f3xx_hal_dma.o" --specs=nano.specs -mfpu=fpv4-sp-d16 -mfloat-abi=hard -mthumb -o "Drivers/STM32F3xx_HAL_Driver/Src/stm32f3xx_hal_dma.o"
arm-none-eabi-gcc "../Drivers/STM32F3xx_HAL_Driver/Src/stm32f3xx_hal_exti.c" -mcpu=cortex-m4 -std=gnu11 -g3 -DDEBUG -DUSE_HAL_DRIVER -DSTM32F303xE -c -I../Core/Inc -I../Drivers/STM32F3xx_HAL_Driver/Inc -I../Drivers/STM32F3xx_HAL_Driver/Inc/Legacy -I../Drivers/CMSIS/Device/ST/STM32F3xx/Include -I../Drivers/CMSIS/Include -O0 -ffunction-sections -fdata-sections -Wall -fstack-usage -fcyclomatic-complexity -MMD -MP -MF"Drivers/STM32F3xx_HAL_Driver/Src/stm32f3xx_hal_exti.d" -MT"Drivers/STM32F3xx_HAL_Driver/Src/stm32f3xx_hal_exti.o" --specs=nano.specs -mfpu=fpv4-sp-d16 -mfloat-abi=hard -mthumb -o "Drivers/STM32F3xx_HAL_Driver/Src/stm32f3xx_hal_exti.o"
arm-none-eabi-gcc "../Drivers/STM32F3xx_HAL_Driver/Src/stm32f3xx_hal_flash.c" -mcpu=cortex-m4 -std=gnu11 -g3 -DDEBUG -DUSE_HAL_DRIVER -DSTM32F303xE -c -I../Core/Inc -I../Drivers/STM32F3xx_HAL_Driver/Inc -I../Drivers/STM32F3xx_HAL_Driver/Inc/Legacy -I../Drivers/CMSIS/Device/ST/STM32F3xx/Include -I../Drivers/CMSIS/Include -O0 -ffunction-sections -fdata-sections -Wall -fstack-usage -fcyclomatic-complexity -MMD -MP -MF"Drivers/STM32F3xx_HAL_Driver/Src/stm32f3xx_hal_flash.d" -MT"Drivers/STM32F3xx_HAL_Driver/Src/stm32f3xx_hal_flash.o" --specs=nano.specs -mfpu=fpv4-sp-d16 -mfloat-abi=hard -mthumb -o "Drivers/STM32F3xx_HAL_Driver/Src/stm32f3xx_hal_flash.o"
arm-none-eabi-gcc "../Drivers/STM32F3xx_HAL_Driver/Src/stm32f3xx_hal_flash_ex.c" -mcpu=cortex-m4 -std=gnu11 -g3 -DDEBUG -DUSE_HAL_DRIVER -DSTM32F303xE -c -I../Core/Inc -I../Drivers/STM32F3xx_HAL_Driver/Inc -I../Drivers/STM32F3xx_HAL_Driver/Inc/Legacy -I../Drivers/CMSIS/Device/ST/STM32F3xx/Include -I../Drivers/CMSIS/Include -O0 -ffunction-sections -fdata-sections -Wall -fstack-usage -fcyclomatic-complexity -MMD -MP -MF"Drivers/STM32F3xx_HAL_Driver/Src/stm32f3xx_hal_flash_ex.d" -MT"Drivers/STM32F3xx_HAL_Driver/Src/stm32f3xx_hal_flash_ex.o" --specs=nano.specs -mfpu=fpv4-sp-d16 -mfloat-abi=hard -mthumb -o "Drivers/STM32F3xx_HAL_Driver/Src/stm32f3xx_hal_flash_ex.o"
arm-none-eabi-gcc "../Drivers/STM32F3xx_HAL_Driver/Src/stm32f3xx_hal_gpio.c" -mcpu=cortex-m4 -std=gnu11 -g3 -DDEBUG -DUSE_HAL_DRIVER -DSTM32F303xE -c -I../Core/Inc -I../Drivers/STM32F3xx_HAL_Driver/Inc -I../Drivers/STM32F3xx_HAL_Driver/Inc/Legacy -I../Drivers/CMSIS/Device/ST/STM32F3xx/Include -I../Drivers/CMSIS/Include -O0 -ffunction-sections -fdata-sections -Wall -fstack-usage -fcyclomatic-complexity -MMD -MP -MF"Drivers/STM32F3xx_HAL_Driver/Src/stm32f3xx_hal_gpio.d" -MT"Drivers/STM32F3xx_HAL_Driver/Src/stm32f3xx_hal_gpio.o" --specs=nano.specs -mfpu=fpv4-sp-d16 -mfloat-abi=hard -mthumb -o "Drivers/STM32F3xx_HAL_Driver/Src/stm32f3xx_hal_gpio.o"
arm-none-eabi-gcc "../Drivers/STM32F3xx_HAL_Driver/Src/stm32f3xx_hal_i2c.c" -mcpu=cortex-m4 -std=gnu11 -g3 -DDEBUG -DUSE_HAL_DRIVER -DSTM32F303xE -c -I../Core/Inc -I../Drivers/STM32F3xx_HAL_Driver/Inc -I../Drivers/STM32F3xx_HAL_Driver/Inc/Legacy -I../Drivers/CMSIS/Device/ST/STM32F3xx/Include -I../Drivers/CMSIS/Include -O0 -ffunction-sections -fdata-sections -Wall -fstack-usage -fcyclomatic-complexity -MMD -MP -MF"Drivers/STM32F3xx_HAL_Driver/Src/stm32f3xx_hal_i2c.d" -MT"Drivers/STM32F3xx_HAL_Driver/Src/stm32f3xx_hal_i2c.o" --specs=nano.specs -mfpu=fpv4-sp-d16 -mfloat-abi=hard -mthumb -o "Drivers/STM32F3xx_HAL_Driver/Src/stm32f3xx_hal_i2c.o"
arm-none-eabi-gcc "../Drivers/STM32F3xx_HAL_Driver/Src/stm32f3xx_hal_i2c_ex.c" -mcpu=cortex-m4 -std=gnu11 -g3 -DDEBUG -DUSE_HAL_DRIVER -DSTM32F303xE -c -I../Core/Inc -I../Drivers/STM32F3xx_HAL_Driver/Inc -I../Drivers/STM32F3xx_HAL_Driver/Inc/Legacy -I../Drivers/CMSIS/Device/ST/STM32F3xx/Include -I../Drivers/CMSIS/Include -O0 -ffunction-sections -fdata-sections -Wall -fstack-usage -fcyclomatic-complexity -MMD -MP -MF"Drivers/STM32F3xx_HAL_Driver/Src/stm32f3xx_hal_i2c_ex.d" -MT"Drivers/STM32F3xx_HAL_Driver/Src/stm32f3xx_hal_i2c_ex.o" --specs=nano.specs -mfpu=fpv4-sp-d16 -mfloat-abi=hard -mthumb -o "Drivers/STM32F3xx_HAL_Driver/Src/stm32f3xx_hal_i2c_ex.o"
arm-none-eabi-gcc "../Drivers/STM32F3xx_HAL_Driver/Src/stm32f3xx_hal_pwr.c" -mcpu=cortex-m4 -std=gnu11 -g3 -DDEBUG -DUSE_HAL_DRIVER -DSTM32F303xE -c -I../Core/Inc -I../Drivers/STM32F3xx_HAL_Driver/Inc -I../Drivers/STM32F3xx_HAL_Driver/Inc/Legacy -I../Drivers/CMSIS/Device/ST/STM32F3xx/Include -I../Drivers/CMSIS/Include -O0 -ffunction-sections -fdata-sections -Wall -fstack-usage -fcyclomatic-complexity -MMD -MP -MF"Drivers/STM32F3xx_HAL_Driver/Src/stm32f3xx_hal_pwr.d" -MT"Drivers/STM32F3xx_HAL_Driver/Src/stm32f3xx_hal_pwr.o" --specs=nano.specs -mfpu=fpv4-sp-d16 -mfloat-abi=hard -mthumb -o "Drivers/STM32F3xx_HAL_Driver/Src/stm32f3xx_hal_pwr.o"
arm-none-eabi-gcc "../Drivers/STM32F3xx_HAL_Driver/Src/stm32f3xx_hal_pwr_ex.c" -mcpu=cortex-m4 -std=gnu11 -g3 -DDEBUG -DUSE_HAL_DRIVER -DSTM32F303xE -c -I../Core/Inc -I../Drivers/STM32F3xx_HAL_Driver/Inc -I../Drivers/STM32F3xx_HAL_Driver/Inc/Legacy -I../Drivers/CMSIS/Device/ST/STM32F3xx/Include -I../Drivers/CMSIS/Include -O0 -ffunction-sections -fdata-sections -Wall -fstack-usage -fcyclomatic-complexity -MMD -MP -MF"Drivers/STM32F3xx_HAL_Driver/Src/stm32f3xx_hal_pwr_ex.d" -MT"Drivers/STM32F3xx_HAL_Driver/Src/stm32f3xx_hal_pwr_ex.o" --specs=nano.specs -mfpu=fpv4-sp-d16 -mfloat-abi=hard -mthumb -o "Drivers/STM32F3xx_HAL_Driver/Src/stm32f3xx_hal_pwr_ex.o"
arm-none-eabi-gcc "../Drivers/STM32F3xx_HAL_Driver/Src/stm32f3xx_hal_rcc.c" -mcpu=cortex-m4 -std=gnu11 -g3 -DDEBUG -DUSE_HAL_DRIVER -DSTM32F303xE -c -I../Core/Inc -I../Drivers/STM32F3xx_HAL_Driver/Inc -I../Drivers/STM32F3xx_HAL_Driver/Inc/Legacy -I../Drivers/CMSIS/Device/ST/STM32F3xx/Include -I../Drivers/CMSIS/Include -O0 -ffunction-sections -fdata-sections -Wall -fstack-usage -fcyclomatic-complexity -MMD -MP -MF"Drivers/STM32F3xx_HAL_Driver/Src/stm32f3xx_hal_rcc.d" -MT"Drivers/STM32F3xx_HAL_Driver/Src/stm32f3xx_hal_rcc.o" --specs=nano.specs -mfpu=fpv4-sp-d16 -mfloat-abi=hard -mthumb -o "Drivers/STM32F3xx_HAL_Driver/Src/stm32f3xx_hal_rcc.o"
arm-none-eabi-gcc "../Drivers/STM32F3xx_HAL_Driver/Src/stm32f3xx_hal_rcc_ex.c" -mcpu=cortex-m4 -std=gnu11 -g3 -DDEBUG -DUSE_HAL_DRIVER -DSTM32F303xE -c -I../Core/Inc -I../Drivers/STM32F3xx_HAL_Driver/Inc -I../Drivers/STM32F3xx_HAL_Driver/Inc/Legacy -I../Drivers/CMSIS/Device/ST/STM32F3xx/Include -I../Drivers/CMSIS/Include -O0 -ffunction-sections -fdata-sections -Wall -fstack-usage -fcyclomatic-complexity -MMD -MP -MF"Drivers/STM32F3xx_HAL_Driver/Src/stm32f3xx_hal_rcc_ex.d" -MT"Drivers/STM32F3xx_HAL_Driver/Src/stm32f3xx_hal_rcc_ex.o" --specs=nano.specs -mfpu=fpv4-sp-d16 -mfloat-abi=hard -mthumb -o "Drivers/STM32F3xx_HAL_Driver/Src/stm32f3xx_hal_rcc_ex.o"
arm-none-eabi-gcc "../Drivers/STM32F3xx_HAL_Driver/Src/stm32f3xx_hal_uart.c" -mcpu=cortex-m4 -std=gnu11 -g3 -DDEBUG -DUSE_HAL_DRIVER -DSTM32F303xE -c -I../Core/Inc -I../Drivers/STM32F3xx_HAL_Driver/Inc -I../Drivers/STM32F3xx_HAL_Driver/Inc/Legacy -I../Drivers/CMSIS/Device/ST/STM32F3xx/Include -I../Drivers/CMSIS/Include -O0 -ffunction-sections -fdata-sections -Wall -fstack-usage -fcyclomatic-complexity -MMD -MP -MF"Drivers/STM32F3xx_HAL_Driver/Src/stm32f3xx_hal_uart.d" -MT"Drivers/STM32F3xx_HAL_Driver/Src/stm32f3xx_hal_uart.o" --specs=nano.specs -mfpu=fpv4-sp-d16 -mfloat-abi=hard -mthumb -o "Drivers/STM32F3xx_HAL_Driver/Src/stm32f3xx_hal_uart.o"
arm-none-eabi-gcc "../Drivers/STM32F3xx_HAL_Driver/Src/stm32f3xx_hal_uart_ex.c" -mcpu=cortex-m4 -std=gnu11 -g3 -DDEBUG -DUSE_HAL_DRIVER -DSTM32F303xE -c -I../Core/Inc -I../Drivers/STM32F3xx_HAL_Driver/Inc -I../Drivers/STM32F3xx_HAL_Driver/Inc/Legacy -I../Drivers/CMSIS/Device/ST/STM32F3xx/Include -I../Drivers/CMSIS/Include -O0 -ffunction-sections -fdata-sections -Wall -fstack-usage -fcyclomatic-complexity -MMD -MP -MF"Drivers/STM32F3xx_HAL_Driver/Src/stm32f3xx_hal_uart_ex.d" -MT"Drivers/STM32F3xx_HAL_Driver/Src/stm32f3xx_hal_uart_ex.o" --specs=nano.specs -mfpu=fpv4-sp-d16 -mfloat-abi=hard -mthumb -o "Drivers/STM32F3xx_HAL_Driver/Src/stm32f3xx_hal_uart_ex.o"
arm-none-eabi-gcc "../Core/Src/ds18b20.c" -mcpu=cortex-m4 -std=gnu11 -g3 -DDEBUG -DUSE_HAL_DRIVER -DSTM32F303xE -c -I../Core/Inc -I../Drivers/STM32F3xx_HAL_Driver/Inc -I../Drivers/STM32F3xx_HAL_Driver/Inc/Legacy -I../Drivers/CMSIS/Device/ST/STM32F3xx/Include -I../Drivers/CMSIS/Include -O0 -ffunction-sections -fdata-sections -Wall -fstack-usage -fcyclomatic-complexity -MMD -MP -MF"Core/Src/ds18b20.d" -MT"Core/Src/ds18b20.o" --specs=nano.specs -mfpu=fpv4-sp-d16 -mfloat-abi=hard -mthumb -o "Core/Src/ds18b20.o"
arm-none-eabi-gcc "../Core/Src/main.c" -mcpu=cortex-m4 -std=gnu11 -g3 -DDEBUG -DUSE_HAL_DRIVER -DSTM32F303xE -c -I../Core/Inc -I../Drivers/STM32F3xx_HAL_Driver/Inc -I../Drivers/STM32F3xx_HAL_Driver/Inc/Legacy -I../Drivers/CMSIS/Device/ST/STM32F3xx/Include -I../Drivers/CMSIS/Include -O0 -ffunction-sections -fdata-sections -Wall -fstack-usage -fcyclomatic-complexity -MMD -MP -MF"Core/Src/main.d" -MT"Core/Src/main.o" --specs=nano.specs -mfpu=fpv4-sp-d16 -mfloat-abi=hard -mthumb -o "Core/Src/main.o"
arm-none-eabi-gcc "../Core/Src/stm32f3xx_hal_msp.c" -mcpu=cortex-m4 -std=gnu11 -g3 -DDEBUG -DUSE_HAL_DRIVER -DSTM32F303xE -c -I../Core/Inc -I../Drivers/STM32F3xx_HAL_Driver/Inc -I../Drivers/STM32F3xx_HAL_Driver/Inc/Legacy -I../Drivers/CMSIS/Device/ST/STM32F3xx/Include -I../Drivers/CMSIS/Include -O0 -ffunction-sections -fdata-sections -Wall -fstack-usage -fcyclomatic-complexity -MMD -MP -MF"Core/Src/stm32f3xx_hal_msp.d" -MT"Core/Src/stm32f3xx_hal_msp.o" --specs=nano.specs -mfpu=fpv4-sp-d16 -mfloat-abi=hard -mthumb -o "Core/Src/stm32f3xx_hal_msp.o"
arm-none-eabi-gcc "../Core/Src/stm32f3xx_it.c" -mcpu=cortex-m4 -std=gnu11 -g3 -DDEBUG -DUSE_HAL_DRIVER -DSTM32F303xE -c -I../Core/Inc -I../Drivers/STM32F3xx_HAL_Driver/Inc -I../Drivers/STM32F3xx_HAL_Driver/Inc/Legacy -I../Drivers/CMSIS/Device/ST/STM32F3xx/Include -I../Drivers/CMSIS/Include -O0 -ffunction-sections -fdata-sections -Wall -fstack-usage -fcyclomatic-complexity -MMD -MP -MF"Core/Src/stm32f3xx_it.d" -MT"Core/Src/stm32f3xx_it.o" --specs=nano.specs -mfpu=fpv4-sp-d16 -mfloat-abi=hard -mthumb -o "Core/Src/stm32f3xx_it.o"
arm-none-eabi-gcc "../Core/Src/system_stm32f3xx.c" -mcpu=cortex-m4 -std=gnu11 -g3 -DDEBUG -DUSE_HAL_DRIVER -DSTM32F303xE -c -I../Core/Inc -I../Drivers/STM32F3xx_HAL_Driver/Inc -I../Drivers/STM32F3xx_HAL_Driver/Inc/Legacy -I../Drivers/CMSIS/Device/ST/STM32F3xx/Include -I../Drivers/CMSIS/Include -O0 -ffunction-sections -fdata-sections -Wall -fstack-usage -fcyclomatic-complexity -MMD -MP -MF"Core/Src/system_stm32f3xx.d" -MT"Core/Src/system_stm32f3xx.o" --specs=nano.specs -mfpu=fpv4-sp-d16 -mfloat-abi=hard -mthumb -o "Core/Src/system_stm32f3xx.o"
arm-none-eabi-gcc "../Core/Src/uart.c" -mcpu=cortex-m4 -std=gnu11 -g3 -DDEBUG -DUSE_HAL_DRIVER -DSTM32F303xE -c -I../Core/Inc -I../Drivers/STM32F3xx_HAL_Driver/Inc -I../Drivers/STM32F3xx_HAL_Driver/Inc/Legacy -I../Drivers/CMSIS/Device/ST/STM32F3xx/Include -I../Drivers/CMSIS/Include -O0 -ffunction-sections -fdata-sections -Wall -fstack-usage -fcyclomatic-complexity -MMD -MP -MF"Core/Src/uart.d" -MT"Core/Src/uart.o" --specs=nano.specs -mfpu=fpv4-sp-d16 -mfloat-abi=hard -mthumb -o "Core/Src/uart.o"
arm-none-eabi-gcc -o "temperatura.elf" @"objects.list"   -mcpu=cortex-m4 -T"/home/andre/STM32CubeIDE/workspace_1.19.0/temperatura/STM32F303RETX_FLASH.ld" --specs=nosys.specs -Wl,-Map="temperatura.map" -Wl,--gc-sections -static -u _printf_float --specs=nano.specs -mfpu=fpv4-sp-d16 -mfloat-abi=hard -mthumb -Wl,--start-group -lc -lm -Wl,--end-group
Finished building target: temperatura.elf
 
arm-none-eabi-size  temperatura.elf 
arm-none-eabi-objdump -h -S temperatura.elf  > "temperatura.list"
   text	   data	    bss	    dec	    hex	filename
  28160	    468	   2100	  30728	   7808	temperatura.elf
Finished building: default.size.stdout
 
Finished building: temperatura.list
 
16:24:07 **** Incremental Build of configuration Debug for project temperatura ****
make -j8 all 
arm-none-eabi-size  temperatura.elf 
   text	   data	    bss	    dec	    hex	filename
  28160	    468	   2100	  30728	   7808	temperatura.elf
Finished building: default.size.stdout
 
16:24:14 **** Incremental Build of configuration Debug for project temperatura ****
make -j8 all 
arm-none-eabi-size  temperatura.elf 
   text	   data	    bss	    dec	    hex	filename
  28160	    468	   2100	  30728	   7808	temperatura.elf
Finished building: default.size.stdout
 
17:29:42 **** Incremental Build of configuration Debug for project temperatura ****
make -j8 all 
arm-none-eabi-size  temperatura.elf 
   text	   data	    bss	    dec	    hex	filename
  28160	    468	   2100	  30728	   7808	temperatura.elf
Finished building: default.size.stdout
 
15:07:05 **** Build of configuration Debug for project temperatura ****
make -j8 all 
arm-none-eabi-size  temperatura.elf 
   text	   data	    bss	    dec	    hex	filename
  28160	    468	   2100	  30728	   7808	temperatura.elf
Finished building: default.size.stdout
 
15:32:03 **** Incremental Build of configuration Debug for project temperatura ****
make -j8 all 
arm-none-eabi-gcc "../Core/Src/main.c" -mcpu=cortex-m4 -std=gnu11 -g3 -DDEBUG -DUSE_HAL_DRIVER -DSTM32F303xE -c -I../Core/Inc -I../Drivers/STM32F3xx_HAL_Driver/Inc -I../Drivers/STM32F3xx_HAL_Driver/Inc/Legacy -I../Drivers/CMSIS/Device/ST/STM32F3xx/Include -I../Drivers/CMSIS/Include -O0 -ffunction-sections -fdata-sections -Wall -fstack-usage -fcyclomatic-complexity -MMD -MP -MF"Core/Src/main.d" -MT"Core/Src/main.o" --specs=nano.specs -mfpu=fpv4-sp-d16 -mfloat-abi=hard -mthumb -o "Core/Src/main.o"
arm-none-eabi-gcc -o "temperatura.elf" @"objects.list"   -mcpu=cortex-m4 -T"/home/andre/STM32CubeIDE/workspace_1.19.0/temperatura/STM32F303RETX_FLASH.ld" --specs=nosys.specs -Wl,-Map="temperatura.map" -Wl,--gc-sections -static -u _printf_float --specs=nano.specs -mfpu=fpv4-sp-d16 -mfloat-abi=hard -mthumb -Wl,--start-group -lc -lm -Wl,--end-group
Finished building target: temperatura.elf
 
arm-none-eabi-size  temperatura.elf 
arm-none-eabi-objdump -h -S temperatura.elf  > "temperatura.list"
   text	   data	    bss	    dec	    hex	filename
  28216	    468	   2100	  30784	   7840	temperatura.elf
Finished building: default.size.stdout
 
Finished building: temperatura.list
 
15:34:08 **** Incremental Build of configuration Debug for project temperatura ****
make -j8 all 
arm-none-eabi-size  temperatura.elf 
   text	   data	    bss	    dec	    hex	filename
  28216	    468	   2100	  30784	   7840	temperatura.elf
Finished building: default.size.stdout
 
15:38:56 **** Incremental Build of configuration Debug for project temperatura ****
make -j8 all 
arm-none-eabi-size  temperatura.elf 
   text	   data	    bss	    dec	    hex	filename
  28216	    468	   2100	  30784	   7840	temperatura.elf
Finished building: default.size.stdout
 
16:39:14 **** Incremental Build of configuration Debug for project temperatura ****
make -j8 all 
arm-none-eabi-size  temperatura.elf 
   text	   data	    bss	    dec	    hex	filename
  28216	    468	   2100	  30784	   7840	temperatura.elf
Finished building: default.size.stdout
 
16:43:25 **** Incremental Build of configuration Debug for project temperatura ****
make -j8 all 
arm-none-eabi-size  temperatura.elf 
   text	   data	    bss	    dec	    hex	filename
  28216	    468	   2100	  30784	   7840	temperatura.elf
Finished building: default.size.stdout
 
