18:56:08 **** Incremental Build of configuration Debug for project temperatura ****
make -j8 all 
arm-none-eabi-gcc "../Core/Src/ds18b20.c" -mcpu=cortex-m4 -std=gnu11 -g3 -DDEBUG -DUSE_HAL_DRIVER -DSTM32F303xE -c -I../Core/Inc -I../Drivers/STM32F3xx_HAL_Driver/Inc -I../Drivers/STM32F3xx_HAL_Driver/Inc/Legacy -I../Drivers/CMSIS/Device/ST/STM32F3xx/Include -I../Drivers/CMSIS/Include -O0 -ffunction-sections -fdata-sections -Wall -fstack-usage -fcyclomatic-complexity -MMD -MP -MF"Core/Src/ds18b20.d" -MT"Core/Src/ds18b20.o" --specs=nano.specs -mfpu=fpv4-sp-d16 -mfloat-abi=hard -mthumb -o "Core/Src/ds18b20.o"
arm-none-eabi-gcc -o "temperatura.elf" @"objects.list"   -mcpu=cortex-m4 -T"C:\Users\hardw\OneDrive\Documentos\Vinicius\IC-Aging-Environment\temperatura\STM32F303RETX_FLASH.ld" --specs=nosys.specs -Wl,-Map="temperatura.map" -Wl,--gc-sections -static -u _printf_float --specs=nano.specs -mfpu=fpv4-sp-d16 -mfloat-abi=hard -mthumb -Wl,--start-group -lc -lm -Wl,--end-group
Finished building target: temperatura.elf
 
arm-none-eabi-size  temperatura.elf 
arm-none-eabi-objdump -h -S temperatura.elf  > "temperatura.list"
   text	   data	    bss	    dec	    hex	filename
  31384	    468	   2068	  33920	   8480	temperatura.elf
Finished building: default.size.stdout
 
Finished building: temperatura.list
 

18:56:09 Build Finished. 0 errors, 0 warnings. (took 1s.247ms)

