\BOOKMARK [0][-]{chapter.1}{\376\377\000I\000n\000t\000r\000o\000d\000u\000c\000t\000i\000o\000n}{}% 1
\BOOKMARK [1][-]{section.1.1}{\376\377\000W\000h\000a\000t\000\040\000t\000h\000e\000\040\000p\000r\000o\000j\000e\000c\000t\000\040\000d\000o\000e\000s}{chapter.1}% 2
\BOOKMARK [1][-]{section.1.2}{\376\377\000W\000h\000o\000\040\000t\000h\000i\000s\000\040\000d\000o\000c\000u\000m\000e\000n\000t\000\040\000i\000s\000\040\000f\000o\000r}{chapter.1}% 3
\BOOKMARK [1][-]{section.1.3}{\376\377\000D\000o\000c\000u\000m\000e\000n\000t\000\040\000s\000c\000o\000p\000e}{chapter.1}% 4
\BOOKMARK [0][-]{chapter.2}{\376\377\000S\000c\000i\000e\000n\000t\000i\000f\000i\000c\000\040\000B\000a\000c\000k\000g\000r\000o\000u\000n\000d}{}% 5
\BOOKMARK [1][-]{section.2.1}{\376\377\000W\000h\000y\000\040\000F\000P\000G\000A\000s\000\040\000a\000g\000e}{chapter.2}% 6
\BOOKMARK [1][-]{section.2.2}{\376\377\000N\000e\000g\000a\000t\000i\000v\000e\000\040\000B\000i\000a\000s\000\040\000T\000e\000m\000p\000e\000r\000a\000t\000u\000r\000e\000\040\000I\000n\000s\000t\000a\000b\000i\000l\000i\000t\000y\000\040\000\050\000N\000B\000T\000I\000\051}{chapter.2}% 7
\BOOKMARK [2][-]{subsection.2.2.1}{\376\377\000M\000i\000c\000r\000o\000s\000c\000o\000p\000i\000c\000\040\000m\000e\000c\000h\000a\000n\000i\000s\000m\000:\000\040\000i\000n\000t\000e\000r\000f\000a\000c\000e\000\040\000t\000r\000a\000p\000\040\000g\000e\000n\000e\000r\000a\000t\000i\000o\000n}{section.2.2}% 8
\BOOKMARK [2][-]{subsection.2.2.2}{\376\377\000R\000e\000a\000c\000t\000i\000o\000n\000-\000D\000i\000f\000f\000u\000s\000i\000o\000n\000\040\000m\000o\000d\000e\000l}{section.2.2}% 9
\BOOKMARK [2][-]{subsection.2.2.3}{\376\377\000R\000e\000c\000o\000v\000e\000r\000y}{section.2.2}% 10
\BOOKMARK [2][-]{subsection.2.2.4}{\376\377\000T\000e\000m\000p\000e\000r\000a\000t\000u\000r\000e\000\040\000a\000c\000c\000e\000l\000e\000r\000a\000t\000i\000o\000n}{section.2.2}% 11
\BOOKMARK [1][-]{section.2.3}{\376\377\000H\000o\000t\000\040\000C\000a\000r\000r\000i\000e\000r\000\040\000I\000n\000j\000e\000c\000t\000i\000o\000n\000\040\000\050\000H\000C\000I\000\051}{chapter.2}% 12
\BOOKMARK [1][-]{section.2.4}{\376\377\000H\000o\000w\000\040\000d\000e\000g\000r\000a\000d\000a\000t\000i\000o\000n\000\040\000m\000a\000n\000i\000f\000e\000s\000t\000s\000\040\000i\000n\000\040\000d\000i\000g\000i\000t\000a\000l\000\040\000t\000i\000m\000i\000n\000g}{chapter.2}% 13
\BOOKMARK [1][-]{section.2.5}{\376\377\000W\000h\000y\000\040\000F\000P\000G\000A\000s\000\040\000a\000r\000e\000\040\000u\000s\000e\000f\000u\000l\000\040\000f\000o\000r\000\040\000a\000g\000i\000n\000g\000\040\000e\000x\000p\000e\000r\000i\000m\000e\000n\000t\000s}{chapter.2}% 14
\BOOKMARK [0][-]{chapter.3}{\376\377\000S\000y\000s\000t\000e\000m\000\040\000O\000v\000e\000r\000v\000i\000e\000w}{}% 15
\BOOKMARK [1][-]{section.3.1}{\376\377\000A\000r\000c\000h\000i\000t\000e\000c\000t\000u\000r\000e\000\040\000b\000l\000o\000c\000k\000\040\000d\000i\000a\000g\000r\000a\000m}{chapter.3}% 16
\BOOKMARK [1][-]{section.3.2}{\376\377\000H\000a\000r\000d\000w\000a\000r\000e\000\040\000b\000i\000l\000l\000\040\000o\000f\000\040\000m\000a\000t\000e\000r\000i\000a\000l\000s}{chapter.3}% 17
\BOOKMARK [1][-]{section.3.3}{\376\377\000E\000x\000p\000e\000r\000i\000m\000e\000n\000t\000\040\000o\000v\000e\000r\000v\000i\000e\000w}{chapter.3}% 18
\BOOKMARK [0][-]{chapter.4}{\376\377\000F\000P\000G\000A\000\040\000R\000T\000L\000\040\000A\000r\000c\000h\000i\000t\000e\000c\000t\000u\000r\000e}{}% 19
\BOOKMARK [1][-]{section.4.1}{\376\377\000T\000a\000r\000g\000e\000t\000\040\000d\000e\000v\000i\000c\000e}{chapter.4}% 20
\BOOKMARK [1][-]{section.4.2}{\376\377\000M\000o\000d\000u\000l\000e\000\040\000h\000i\000e\000r\000a\000r\000c\000h\000y}{chapter.4}% 21
\BOOKMARK [1][-]{section.4.3}{\376\377\000C\000l\000o\000c\000k\000\040\000d\000o\000m\000a\000i\000n\000s}{chapter.4}% 22
\BOOKMARK [1][-]{section.4.4}{\376\377\000T\000h\000e\000\040\000a\000g\000i\000n\000g\000-\000s\000e\000n\000s\000i\000t\000i\000v\000e\000\040\000c\000r\000i\000t\000i\000c\000a\000l\000\040\000p\000a\000t\000h}{chapter.4}% 23
\BOOKMARK [2][-]{subsection.4.4.1}{\376\377\000F\000i\000x\000e\000d\000\040\000p\000l\000a\000c\000e\000m\000e\000n\000t\000\040\000a\000n\000d\000\040\000r\000o\000u\000t\000i\000n\000g}{section.4.4}% 24
\BOOKMARK [1][-]{section.4.5}{\376\377\000T\000h\000e\000\040\000m\000e\000t\000a\000s\000t\000a\000b\000i\000l\000i\000t\000y\000\040\000s\000e\000n\000s\000o\000r\000\040\000\050\000m\000o\000d\000e\000r\000n\000\137\000s\000e\000n\000s\000i\000b\000l\000e\000\051}{chapter.4}% 25
\BOOKMARK [1][-]{section.4.6}{\376\377\000D\000u\000a\000l\000-\000a\000d\000d\000e\000r\000\040\000d\000e\000s\000i\000g\000n\000\040\000\050\000a\000d\000d\000e\000r\000\137\000c\000a\000n\000a\000r\000y\000\051}{chapter.4}% 26
\BOOKMARK [2][-]{subsection.4.6.1}{\376\377\000S\000e\000n\000s\000o\000r\000\040\000a\000d\000d\000e\000r\000\040\000\050\000u\000\137\000s\000e\000n\000s\000o\000r\000\051\000:\000\040\000t\000i\000m\000i\000n\000g\000\040\000m\000e\000a\000s\000u\000r\000e\000m\000e\000n\000t}{section.4.6}% 27
\BOOKMARK [2][-]{subsection.4.6.2}{\376\377\000C\000a\000n\000a\000r\000y\000\040\000a\000d\000d\000e\000r\000\040\000\050\000u\000\137\000c\000a\000n\000a\000r\000y\000\051\000:\000\040\000f\000u\000n\000c\000t\000i\000o\000n\000a\000l\000\040\000f\000a\000i\000l\000u\000r\000e\000\040\000d\000e\000t\000e\000c\000t\000i\000o\000n}{section.4.6}% 28
\BOOKMARK [1][-]{section.4.7}{\376\377\000T\000h\000e\000\040\000p\000h\000a\000s\000e\000-\000s\000w\000e\000e\000p\000\040\000F\000S\000M\000\040\000\050\000c\000o\000n\000t\000r\000o\000l\000l\000e\000r\000\137\000c\000o\000n\000t\000r\000o\000l\000l\000e\000r\000\051}{chapter.4}% 29
\BOOKMARK [2][-]{subsection.4.7.1}{\376\377\000S\000t\000i\000c\000k\000y\000\040\000a\000l\000a\000r\000m\000\040\000l\000a\000t\000c\000h}{section.4.7}% 30
\BOOKMARK [1][-]{section.4.8}{\376\377\000X\000A\000D\000C\000\040\000i\000n\000t\000e\000r\000f\000a\000c\000e\000\040\000\050\000t\000e\000m\000p\000\137\000c\000a\000t\000c\000h\000e\000r\000\051}{chapter.4}% 31
\BOOKMARK [2][-]{subsection.4.8.1}{\376\377\000C\000o\000n\000v\000e\000r\000s\000i\000o\000n\000\040\000f\000o\000r\000m\000u\000l\000a\000s}{section.4.8}% 32
\BOOKMARK [1][-]{section.4.9}{\376\377\000U\000A\000R\000T\000\040\000i\000n\000t\000e\000r\000f\000a\000c\000e}{chapter.4}% 33
\BOOKMARK [2][-]{subsection.4.9.1}{\376\377\000T\000r\000i\000g\000g\000e\000r\000\040\000\050\000P\000C\000\040\041\222\000\040\000F\000P\000G\000A\000\051}{section.4.9}% 34
\BOOKMARK [2][-]{subsection.4.9.2}{\376\377\0001\0005\000-\000b\000y\000t\000e\000\040\000r\000e\000s\000p\000o\000n\000s\000e\000\040\000p\000a\000c\000k\000e\000t\000\040\000\050\000F\000P\000G\000A\000\040\041\222\000\040\000P\000C\000\051}{section.4.9}% 35
\BOOKMARK [1][-]{section.4.10}{\376\377\000B\000u\000i\000l\000d\000i\000n\000g\000\040\000t\000h\000e\000\040\000b\000i\000t\000s\000t\000r\000e\000a\000m}{chapter.4}% 36
\BOOKMARK [0][-]{chapter.5}{\376\377\000S\000o\000f\000t\000w\000a\000r\000e\000\040\000A\000r\000c\000h\000i\000t\000e\000c\000t\000u\000r\000e}{}% 37
\BOOKMARK [1][-]{section.5.1}{\376\377\000A\000p\000p\000l\000i\000c\000a\000t\000i\000o\000n\000s\000\040\000o\000v\000e\000r\000v\000i\000e\000w}{chapter.5}% 38
\BOOKMARK [1][-]{section.5.2}{\376\377\000L\000a\000u\000n\000c\000h\000i\000n\000g\000\040\000t\000h\000e\000\040\000a\000p\000p\000l\000i\000c\000a\000t\000i\000o\000n}{chapter.5}% 39
\BOOKMARK [1][-]{section.5.3}{\376\377\000W\000o\000r\000k\000e\000r\000\040\000a\000r\000c\000h\000i\000t\000e\000c\000t\000u\000r\000e\000\040\000\050\000Q\000T\000h\000r\000e\000a\000d\000\040\000p\000a\000t\000t\000e\000r\000n\000\051}{chapter.5}% 40
\BOOKMARK [1][-]{section.5.4}{\376\377\000D\000U\000T\000W\000o\000r\000k\000e\000r\000:\000\040\000r\000e\000a\000d\000i\000n\000g\000\040\000F\000P\000G\000A\000\040\000d\000a\000t\000a}{chapter.5}% 41
\BOOKMARK [1][-]{section.5.5}{\376\377\000A\000r\000d\000u\000i\000n\000o\000W\000o\000r\000k\000e\000r}{chapter.5}% 42
\BOOKMARK [1][-]{section.5.6}{\376\377\000P\000S\000U\000W\000o\000r\000k\000e\000r\000\040\000\050\000I\000T\0006\0005\0000\0002\000D\000\051}{chapter.5}% 43
\BOOKMARK [1][-]{section.5.7}{\376\377\000C\000o\000n\000f\000i\000g\000u\000r\000a\000t\000i\000o\000n\000\040\000s\000y\000s\000t\000e\000m}{chapter.5}% 44
\BOOKMARK [1][-]{section.5.8}{\376\377\000D\000a\000t\000a\000\040\000l\000o\000g\000g\000e\000r}{chapter.5}% 45
\BOOKMARK [1][-]{section.5.9}{\376\377\000G\000U\000I\000\040\000l\000a\000y\000o\000u\000t}{chapter.5}% 46
\BOOKMARK [0][-]{chapter.6}{\376\377\000C\000o\000m\000m\000u\000n\000i\000c\000a\000t\000i\000o\000n\000\040\000P\000r\000o\000t\000o\000c\000o\000l\000s}{}% 47
\BOOKMARK [1][-]{section.6.1}{\376\377\000D\000U\000T\000\040\000p\000r\000o\000t\000o\000c\000o\000l\000\040\000\050\000F\000P\000G\000A\000\051}{chapter.6}% 48
\BOOKMARK [1][-]{section.6.2}{\376\377\000A\000r\000d\000u\000i\000n\000o\000\040\000p\000r\000o\000t\000o\000c\000o\000l}{chapter.6}% 49
\BOOKMARK [1][-]{section.6.3}{\376\377\000P\000S\000U\000\040\000p\000r\000o\000t\000o\000c\000o\000l\000\040\000\050\000I\000T\0006\0005\0000\0002\000D\000\051}{chapter.6}% 50
\BOOKMARK [0][-]{chapter.7}{\376\377\000C\000o\000n\000t\000r\000o\000l\000\040\000L\000o\000o\000p\000s}{}% 51
\BOOKMARK [1][-]{section.7.1}{\376\377\000O\000v\000e\000n\000\040\000t\000e\000m\000p\000e\000r\000a\000t\000u\000r\000e\000\040\000c\000o\000n\000t\000r\000o\000l\000\040\000\050\000P\000I\000D\000\051}{chapter.7}% 52
\BOOKMARK [2][-]{subsection.7.1.1}{\376\377\000P\000l\000a\000n\000t\000\040\000i\000d\000e\000n\000t\000i\000f\000i\000c\000a\000t\000i\000o\000n}{section.7.1}% 53
\BOOKMARK [2][-]{subsection.7.1.2}{\376\377\000S\000I\000M\000C\000\040\000t\000u\000n\000i\000n\000g}{section.7.1}% 54
\BOOKMARK [2][-]{subsection.7.1.3}{\376\377\000I\000m\000p\000l\000e\000m\000e\000n\000t\000a\000t\000i\000o\000n}{section.7.1}% 55
\BOOKMARK [1][-]{section.7.2}{\376\377\000V\000C\000C\000I\000N\000T\000\040\000c\000l\000o\000s\000e\000d\000-\000l\000o\000o\000p\000\040\000v\000o\000l\000t\000a\000g\000e\000\040\000t\000r\000i\000m}{chapter.7}% 56
\BOOKMARK [1][-]{section.7.3}{\376\377\000D\000U\000T\000\040\000o\000u\000t\000e\000r\000\040\000t\000e\000m\000p\000e\000r\000a\000t\000u\000r\000e\000\040\000l\000o\000o\000p}{chapter.7}% 57
\BOOKMARK [0][-]{chapter.8}{\376\377\000S\000e\000t\000t\000i\000n\000g\000\040\000U\000p\000\040\000a\000\040\000F\000r\000e\000s\000h\000\040\000W\000o\000r\000k\000s\000t\000a\000t\000i\000o\000n}{}% 58
\BOOKMARK [1][-]{section.8.1}{\376\377\000S\000y\000s\000t\000e\000m\000\040\000r\000e\000q\000u\000i\000r\000e\000m\000e\000n\000t\000s}{chapter.8}% 59
\BOOKMARK [1][-]{section.8.2}{\376\377\000S\000t\000e\000p\000\040\0001\000\040\040\024\000\040\000I\000n\000s\000t\000a\000l\000l\000\040\000s\000y\000s\000t\000e\000m\000\040\000d\000e\000p\000e\000n\000d\000e\000n\000c\000i\000e\000s}{chapter.8}% 60
\BOOKMARK [1][-]{section.8.3}{\376\377\000S\000t\000e\000p\000\040\0002\000\040\040\024\000\040\000C\000l\000o\000n\000e\000\040\000t\000h\000e\000\040\000r\000e\000p\000o\000s\000i\000t\000o\000r\000y}{chapter.8}% 61
\BOOKMARK [1][-]{section.8.4}{\376\377\000S\000t\000e\000p\000\040\0003\000\040\040\024\000\040\000I\000n\000s\000t\000a\000l\000l\000\040\000V\000i\000v\000a\000d\000o\000\040\000\050\000i\000f\000\040\000n\000e\000e\000d\000e\000d\000\051}{chapter.8}% 62
\BOOKMARK [1][-]{section.8.5}{\376\377\000S\000t\000e\000p\000\040\0004\000\040\040\024\000\040\000C\000o\000n\000f\000i\000g\000u\000r\000e\000\040\000u\000d\000e\000v\000\040\000r\000u\000l\000e\000s\000\040\000f\000o\000r\000\040\000s\000e\000r\000i\000a\000l\000\040\000a\000n\000d\000\040\000J\000T\000A\000G\000\040\000d\000e\000v\000i\000c\000e\000s}{chapter.8}% 63
\BOOKMARK [2][-]{subsection.8.5.1}{\376\377\000A\000d\000d\000\040\000u\000s\000e\000r\000\040\000t\000o\000\040\000t\000h\000e\000\040\000d\000i\000a\000l\000o\000u\000t\000\040\000g\000r\000o\000u\000p}{section.8.5}% 64
\BOOKMARK [2][-]{subsection.8.5.2}{\376\377\000I\000n\000s\000t\000a\000l\000l\000\040\000D\000i\000g\000i\000l\000e\000n\000t\000\040\000U\000S\000B\000\040\000c\000a\000b\000l\000e\000\040\000r\000u\000l\000e\000s}{section.8.5}% 65
\BOOKMARK [1][-]{section.8.6}{\376\377\000S\000t\000e\000p\000\040\0005\000\040\040\024\000\040\000I\000d\000e\000n\000t\000i\000f\000y\000\040\000s\000e\000r\000i\000a\000l\000\040\000p\000o\000r\000t\000\040\000a\000s\000s\000i\000g\000n\000m\000e\000n\000t\000s}{chapter.8}% 66
\BOOKMARK [1][-]{section.8.7}{\376\377\000S\000t\000e\000p\000\040\0006\000\040\040\024\000\040\000I\000d\000e\000n\000t\000i\000f\000y\000\040\000t\000h\000e\000\040\000P\000S\000U\000\040\000V\000I\000S\000A\000\040\000r\000e\000s\000o\000u\000r\000c\000e}{chapter.8}% 67
\BOOKMARK [1][-]{section.8.8}{\376\377\000S\000t\000e\000p\000\040\0007\000\040\040\024\000\040\000F\000i\000r\000s\000t\000\040\000r\000u\000n}{chapter.8}% 68
\BOOKMARK [0][-]{chapter.9}{\376\377\000R\000u\000n\000n\000i\000n\000g\000\040\000a\000n\000\040\000E\000x\000p\000e\000r\000i\000m\000e\000n\000t}{}% 69
\BOOKMARK [1][-]{section.9.1}{\376\377\000P\000r\000e\000-\000e\000x\000p\000e\000r\000i\000m\000e\000n\000t\000\040\000c\000h\000e\000c\000k\000l\000i\000s\000t}{chapter.9}% 70
\BOOKMARK [1][-]{section.9.2}{\376\377\000S\000e\000t\000u\000p\000\040\000D\000i\000a\000l\000o\000g}{chapter.9}% 71
\BOOKMARK [1][-]{section.9.3}{\376\377\000S\000e\000t\000t\000i\000n\000g\000\040\000e\000x\000p\000e\000r\000i\000m\000e\000n\000t\000\040\000p\000a\000r\000a\000m\000e\000t\000e\000r\000s}{chapter.9}% 72
\BOOKMARK [1][-]{section.9.4}{\376\377\000S\000t\000a\000r\000t\000i\000n\000g\000\040\000t\000h\000e\000\040\000t\000e\000s\000t}{chapter.9}% 73
\BOOKMARK [1][-]{section.9.5}{\376\377\000M\000o\000n\000i\000t\000o\000r\000i\000n\000g}{chapter.9}% 74
\BOOKMARK [1][-]{section.9.6}{\376\377\000S\000a\000f\000e\000t\000y\000\040\000l\000i\000m\000i\000t\000s}{chapter.9}% 75
\BOOKMARK [1][-]{section.9.7}{\376\377\000S\000t\000o\000p\000p\000i\000n\000g\000\040\000t\000h\000e\000\040\000t\000e\000s\000t}{chapter.9}% 76
\BOOKMARK [0][-]{chapter.10}{\376\377\000D\000a\000t\000a\000\040\000A\000n\000a\000l\000y\000s\000i\000s}{}% 77
\BOOKMARK [1][-]{section.10.1}{\376\377\000C\000S\000V\000\040\000f\000i\000l\000e\000\040\000s\000t\000r\000u\000c\000t\000u\000r\000e}{chapter.10}% 78
\BOOKMARK [1][-]{section.10.2}{\376\377\000L\000o\000a\000d\000i\000n\000g\000\040\000d\000a\000t\000a\000\040\000i\000n\000\040\000P\000y\000t\000h\000o\000n\000\040\000\050\000P\000a\000n\000d\000a\000s\000\051}{chapter.10}% 79
\BOOKMARK [1][-]{section.10.3}{\376\377\000T\000y\000p\000i\000c\000a\000l\000\040\000r\000e\000s\000u\000l\000t\000\040\000s\000i\000g\000n\000a\000t\000u\000r\000e}{chapter.10}% 80
\BOOKMARK [1][-]{section.10.4}{\376\377\000F\000i\000t\000t\000i\000n\000g\000\040\000t\000h\000e\000\040\000d\000e\000g\000r\000a\000d\000a\000t\000i\000o\000n\000\040\000m\000o\000d\000e\000l}{chapter.10}% 81
\BOOKMARK [0][-]{chapter.11}{\376\377\000O\000t\000h\000e\000r\000\040\000A\000p\000p\000l\000i\000c\000a\000t\000i\000o\000n\000s}{}% 82
\BOOKMARK [1][-]{section.11.1}{\376\377\000A\000p\000p\000\137\0002\000N\000e\000x\000y\000s\000\040\000\050\000d\000u\000a\000l\000\040\000D\000U\000T\000\051}{chapter.11}% 83
\BOOKMARK [1][-]{section.11.2}{\376\377\000A\000p\000p\000\137\000F\000P\000G\000A\000g\000i\000n\000g\000\137\000S\000l\000a\000c\000k\000\137\000S\000e\000n\000s\000o\000r\000\040\000\050\000U\000l\000t\000r\000a\000S\000c\000a\000l\000e\000+\000\040\000/\000\040\000S\000B\000C\000C\000I\000\040\000t\000a\000r\000g\000e\000t\000\051}{chapter.11}% 84
\BOOKMARK [0][-]{chapter.12}{\376\377\000T\000r\000o\000u\000b\000l\000e\000s\000h\000o\000o\000t\000i\000n\000g}{}% 85
\BOOKMARK [1][-]{section.12.1}{\376\377\000S\000e\000r\000i\000a\000l\000\040\000p\000o\000r\000t\000\040\000n\000o\000t\000\040\000a\000c\000c\000e\000s\000s\000i\000b\000l\000e}{chapter.12}% 86
\BOOKMARK [1][-]{section.12.2}{\376\377\000W\000r\000o\000n\000g\000\040\000t\000t\000y\000U\000S\000B\000\040\000p\000o\000r\000t\000\040\000s\000e\000l\000e\000c\000t\000e\000d\000\040\000\050\000J\000T\000A\000G\000\040\000v\000s\000\040\000U\000A\000R\000T\000\051}{chapter.12}% 87
\BOOKMARK [1][-]{section.12.3}{\376\377\000A\000p\000p\000\137\0002\000N\000e\000x\000y\000s\000\040\000f\000a\000i\000l\000s\000\040\000t\000o\000\040\000p\000r\000o\000g\000r\000a\000m\000\040\000F\000P\000G\000A\000s}{chapter.12}% 88
\BOOKMARK [1][-]{section.12.4}{\376\377\000P\000S\000U\000\040\000V\000I\000S\000A\000\040\000s\000t\000r\000i\000n\000g\000\040\000e\000r\000r\000o\000r}{chapter.12}% 89
\BOOKMARK [1][-]{section.12.5}{\376\377\000d\000u\000t\000\137\000s\000l\000a\000c\000k\000\040\000s\000h\000o\000w\000s\000\040\000e\000r\000r\000a\000t\000i\000c\000\040\000j\000u\000m\000p\000s}{chapter.12}% 90
\BOOKMARK [1][-]{section.12.6}{\376\377\000V\000i\000v\000a\000d\000o\000\040\000t\000i\000m\000i\000n\000g\000\040\000r\000e\000p\000o\000r\000t\000s\000\040\000s\000h\000o\000w\000\040\000n\000e\000g\000a\000t\000i\000v\000e\000\040\000s\000l\000a\000c\000k\000\040\000o\000n\000\040\000t\000h\000e\000\040\000s\000e\000n\000s\000o\000r\000\040\000p\000a\000t\000h}{chapter.12}% 91
\BOOKMARK [0][-]{appendix.A}{\376\377\000F\000O\000P\000D\000T\000\040\000S\000t\000e\000p\000\040\000T\000e\000s\000t\000\040\000P\000r\000o\000c\000e\000d\000u\000r\000e}{}% 92
\BOOKMARK [0][-]{appendix.B}{\376\377\000R\000e\000g\000e\000n\000e\000r\000a\000t\000i\000n\000g\000\040\000F\000i\000x\000e\000d\000\040\000P\000n\000R\000\040\000C\000o\000n\000s\000t\000r\000a\000i\000n\000t\000s}{}% 93
